Archive member included to satisfy reference by file (symbol)

/usr/lib/gcc/arm-none-eabi/13.2.1/thumb/v7e-m+fp/hard/libgcc.a(_arm_muldf3.o)
                              CMakeFiles/serial-frtos.dir/Core/Src/cordic.c.obj (__aeabi_dmul)
/usr/lib/gcc/arm-none-eabi/13.2.1/thumb/v7e-m+fp/hard/libgcc.a(_arm_addsubdf3.o)
                              CMakeFiles/serial-frtos.dir/Core/Src/cordic.c.obj (__aeabi_f2d)
/usr/lib/gcc/arm-none-eabi/13.2.1/thumb/v7e-m+fp/hard/libgcc.a(_aeabi_ldivmod.o)
                              cmake/stm32cubemx/CMakeFiles/STM32_Drivers.dir/__/__/Drivers/STM32G4xx_HAL_Driver/Src/stm32g4xx_hal_uart.c.obj (__aeabi_ldivmod)
/usr/lib/gcc/arm-none-eabi/13.2.1/thumb/v7e-m+fp/hard/libgcc.a(_aeabi_uldivmod.o)
                              cmake/stm32cubemx/CMakeFiles/STM32_Drivers.dir/__/__/Drivers/STM32G4xx_HAL_Driver/Src/stm32g4xx_hal_uart.c.obj (__aeabi_uldivmod)
/usr/lib/gcc/arm-none-eabi/13.2.1/thumb/v7e-m+fp/hard/libgcc.a(_fixdfdi.o)
                              CMakeFiles/serial-frtos.dir/Core/Src/cordic.c.obj (__aeabi_d2lz)
/usr/lib/gcc/arm-none-eabi/13.2.1/thumb/v7e-m+fp/hard/libgcc.a(_fixunsdfdi.o)
                              /usr/lib/gcc/arm-none-eabi/13.2.1/thumb/v7e-m+fp/hard/libgcc.a(_fixdfdi.o) (__aeabi_d2ulz)
/usr/lib/gcc/arm-none-eabi/13.2.1/thumb/v7e-m+fp/hard/libgcc.a(_udivmoddi4.o)
                              /usr/lib/gcc/arm-none-eabi/13.2.1/thumb/v7e-m+fp/hard/libgcc.a(_aeabi_ldivmod.o) (__udivmoddi4)
/usr/lib/gcc/arm-none-eabi/13.2.1/thumb/v7e-m+fp/hard/libgcc.a(_dvmd_tls.o)
                              /usr/lib/gcc/arm-none-eabi/13.2.1/thumb/v7e-m+fp/hard/libgcc.a(_aeabi_ldivmod.o) (__aeabi_ldiv0)
/usr/lib/gcc/arm-none-eabi/13.2.1/thumb/v7e-m+fp/hard/libgcc.a(_arm_cmpdf2.o)
                              /usr/lib/gcc/arm-none-eabi/13.2.1/thumb/v7e-m+fp/hard/libgcc.a(_fixdfdi.o) (__aeabi_dcmplt)
/usr/lib/gcc/arm-none-eabi/13.2.1/thumb/v7e-m+fp/hard/libgcc.a(_arm_fixunsdfsi.o)
                              /usr/lib/gcc/arm-none-eabi/13.2.1/thumb/v7e-m+fp/hard/libgcc.a(_fixunsdfdi.o) (__aeabi_d2uiz)
/usr/lib/gcc/arm-none-eabi/13.2.1/../../../arm-none-eabi/lib/thumb/v7e-m+fp/hard/libg_nano.a(libc_a-sprintf.o)
                              CMakeFiles/serial-frtos.dir/Core/Src/app_freertos.c.obj (sprintf)
/usr/lib/gcc/arm-none-eabi/13.2.1/../../../arm-none-eabi/lib/thumb/v7e-m+fp/hard/libg_nano.a(libc_a-impure.o)
                              /usr/lib/gcc/arm-none-eabi/13.2.1/../../../arm-none-eabi/lib/thumb/v7e-m+fp/hard/libg_nano.a(libc_a-sprintf.o) (_impure_ptr)
/usr/lib/gcc/arm-none-eabi/13.2.1/../../../arm-none-eabi/lib/thumb/v7e-m+fp/hard/libg_nano.a(libc_a-nano-svfprintf.o)
                              /usr/lib/gcc/arm-none-eabi/13.2.1/../../../arm-none-eabi/lib/thumb/v7e-m+fp/hard/libg_nano.a(libc_a-sprintf.o) (_svfprintf_r)
/usr/lib/gcc/arm-none-eabi/13.2.1/../../../arm-none-eabi/lib/thumb/v7e-m+fp/hard/libg_nano.a(libc_a-init.o)
                              /usr/lib/gcc/arm-none-eabi/13.2.1/../../../arm-none-eabi/lib/thumb/v7e-m+fp/hard/crt0.o (__libc_init_array)
/usr/lib/gcc/arm-none-eabi/13.2.1/../../../arm-none-eabi/lib/thumb/v7e-m+fp/hard/libg_nano.a(libc_a-memset.o)
                              /usr/lib/gcc/arm-none-eabi/13.2.1/../../../arm-none-eabi/lib/thumb/v7e-m+fp/hard/crt0.o (memset)
/usr/lib/gcc/arm-none-eabi/13.2.1/../../../arm-none-eabi/lib/thumb/v7e-m+fp/hard/libg_nano.a(libc_a-errno.o)
                              CMakeFiles/serial-frtos.dir/Core/Src/syscalls.c.obj (__errno)
/usr/lib/gcc/arm-none-eabi/13.2.1/../../../arm-none-eabi/lib/thumb/v7e-m+fp/hard/libg_nano.a(libc_a-mallocr.o)
                              /usr/lib/gcc/arm-none-eabi/13.2.1/../../../arm-none-eabi/lib/thumb/v7e-m+fp/hard/libg_nano.a(libc_a-nano-svfprintf.o) (_malloc_r)
/usr/lib/gcc/arm-none-eabi/13.2.1/../../../arm-none-eabi/lib/thumb/v7e-m+fp/hard/libg_nano.a(libc_a-freer.o)
                              /usr/lib/gcc/arm-none-eabi/13.2.1/../../../arm-none-eabi/lib/thumb/v7e-m+fp/hard/libg_nano.a(libc_a-nano-svfprintf.o) (_free_r)
/usr/lib/gcc/arm-none-eabi/13.2.1/../../../arm-none-eabi/lib/thumb/v7e-m+fp/hard/libg_nano.a(libc_a-memmove.o)
                              /usr/lib/gcc/arm-none-eabi/13.2.1/../../../arm-none-eabi/lib/thumb/v7e-m+fp/hard/libg_nano.a(libc_a-nano-svfprintf.o) (memmove)
/usr/lib/gcc/arm-none-eabi/13.2.1/../../../arm-none-eabi/lib/thumb/v7e-m+fp/hard/libg_nano.a(libc_a-memchr.o)
                              /usr/lib/gcc/arm-none-eabi/13.2.1/../../../arm-none-eabi/lib/thumb/v7e-m+fp/hard/libg_nano.a(libc_a-nano-svfprintf.o) (memchr)
/usr/lib/gcc/arm-none-eabi/13.2.1/../../../arm-none-eabi/lib/thumb/v7e-m+fp/hard/libg_nano.a(libc_a-memcpy.o)
                              cmake/stm32cubemx/CMakeFiles/FreeRTOS.dir/__/__/Middlewares/Third_Party/FreeRTOS/Source/queue.c.obj (memcpy)
/usr/lib/gcc/arm-none-eabi/13.2.1/../../../arm-none-eabi/lib/thumb/v7e-m+fp/hard/libg_nano.a(libc_a-reallocr.o)
[...]
Memory Configuration

Name             Origin             Length             Attributes
RAM              0x20000000         0x00008000         xrw
FLASH            0x08000000         0x00020000         xr
*default*        0x00000000         0xffffffff

Linker script and memory map

LOAD /usr/lib/gcc/arm-none-eabi/13.2.1/thumb/v7e-m+fp/hard/crti.o
LOAD /usr/lib/gcc/arm-none-eabi/13.2.1/thumb/v7e-m+fp/hard/crtbegin.o
LOAD /usr/lib/gcc/arm-none-eabi/13.2.1/../../../arm-none-eabi/lib/thumb/v7e-m+fp/hard/crt0.o
LOAD cmake/stm32cubemx/CMakeFiles/STM32_Drivers.dir/__/__/Core/Src/system_stm32g4xx.c.obj
LOAD cmake/stm32cubemx/CMakeFiles/STM32_Drivers.dir/__/__/Drivers/STM32G4xx_HAL_Driver/Src/stm32g4xx_hal_tim.c.obj
LOAD cmake/stm32cubemx/CMakeFiles/STM32_Drivers.dir/__/__/Drivers/STM32G4xx_HAL_Driver/Src/stm32g4xx_hal_tim_ex.c.obj
LOAD cmake/stm32cubemx/CMakeFiles/STM32_Drivers.dir/__/__/Drivers/STM32G4xx_HAL_Driver/Src/stm32g4xx_hal_cordic.c.obj
LOAD cmake/stm32cubemx/CMakeFiles/STM32_Drivers.dir/__/__/Drivers/STM32G4xx_HAL_Driver/Src/stm32g4xx_hal.c.obj
LOAD cmake/stm32cubemx/CMakeFiles/STM32_Drivers.dir/__/__/Drivers/STM32G4xx_HAL_Driver/Src/stm32g4xx_hal_rcc.c.obj
LOAD cmake/stm32cubemx/CMakeFiles/STM32_Drivers.dir/__/__/Drivers/STM32G4xx_HAL_Driver/Src/stm32g4xx_hal_rcc_ex.c.obj
LOAD cmake/stm32cubemx/CMakeFiles/STM32_Drivers.dir/__/__/Drivers/STM32G4xx_HAL_Driver/Src/stm32g4xx_hal_flash.c.obj
LOAD cmake/stm32cubemx/CMakeFiles/STM32_Drivers.dir/__/__/Drivers/STM32G4xx_HAL_Driver/Src/stm32g4xx_hal_flash_ex.c.obj
LOAD cmake/stm32cubemx/CMakeFiles/STM32_Drivers.dir/__/__/Drivers/STM32G4xx_HAL_Driver/Src/stm32g4xx_hal_flash_ramfunc.c.obj
LOAD cmake/stm32cubemx/CMakeFiles/STM32_Drivers.dir/__/__/Drivers/STM32G4xx_HAL_Driver/Src/stm32g4xx_hal_gpio.c.obj
LOAD cmake/stm32cubemx/CMakeFiles/STM32_Drivers.dir/__/__/Drivers/STM32G4xx_HAL_Driver/Src/stm32g4xx_hal_exti.c.obj
LOAD cmake/stm32cubemx/CMakeFiles/STM32_Drivers.dir/__/__/Drivers/STM32G4xx_HAL_Driver/Src/stm32g4xx_hal_dma.c.obj
LOAD cmake/stm32cubemx/CMakeFiles/STM32_Drivers.dir/__/__/Drivers/STM32G4xx_HAL_Driver/Src/stm32g4xx_hal_dma_ex.c.obj
LOAD cmake/stm32cubemx/CMakeFiles/STM32_Drivers.dir/__/__/Drivers/STM32G4xx_HAL_Driver/Src/stm32g4xx_hal_pwr.c.obj
LOAD cmake/stm32cubemx/CMakeFiles/STM32_Drivers.dir/__/__/Drivers/STM32G4xx_HAL_Driver/Src/stm32g4xx_hal_pwr_ex.c.obj
LOAD cmake/stm32cubemx/CMakeFiles/STM32_Drivers.dir/__/__/Drivers/STM32G4xx_HAL_Driver/Src/stm32g4xx_hal_cortex.c.obj
LOAD cmake/stm32cubemx/CMakeFiles/STM32_Drivers.dir/__/__/Drivers/STM32G4xx_HAL_Driver/Src/stm32g4xx_hal_crc.c.obj
LOAD cmake/stm32cubemx/CMakeFiles/STM32_Drivers.dir/__/__/Drivers/STM32G4xx_HAL_Driver/Src/stm32g4xx_hal_crc_ex.c.obj
LOAD cmake/stm32cubemx/CMakeFiles/STM32_Drivers.dir/__/__/Drivers/STM32G4xx_HAL_Driver/Src/stm32g4xx_hal_i2c.c.obj
LOAD cmake/stm32cubemx/CMakeFiles/STM32_Drivers.dir/__/__/Drivers/STM32G4xx_HAL_Driver/Src/stm32g4xx_hal_i2c_ex.c.obj
LOAD cmake/stm32cubemx/CMakeFiles/STM32_Drivers.dir/__/__/Drivers/STM32G4xx_HAL_Driver/Src/stm32g4xx_hal_uart.c.obj
LOAD cmake/stm32cubemx/CMakeFiles/STM32_Drivers.dir/__/__/Drivers/STM32G4xx_HAL_Driver/Src/stm32g4xx_hal_uart_ex.c.obj
LOAD cmake/stm32cubemx/CMakeFiles/STM32_Drivers.dir/__/__/Drivers/STM32G4xx_HAL_Driver/Src/stm32g4xx_hal_usart.c.obj
LOAD cmake/stm32cubemx/CMakeFiles/STM32_Drivers.dir/__/__/Drivers/STM32G4xx_HAL_Driver/Src/stm32g4xx_hal_usart_ex.c.obj
LOAD cmake/stm32cubemx/CMakeFiles/STM32_Drivers.dir/__/__/Drivers/BSP/STM32G4xx_Nucleo/stm32g4xx_nucleo.c.obj
LOAD cmake/stm32cubemx/CMakeFiles/FreeRTOS.dir/__/__/Middlewares/Third_Party/FreeRTOS/Source/croutine.c.obj
LOAD cmake/stm32cubemx/CMakeFiles/FreeRTOS.dir/__/__/Middlewares/Third_Party/FreeRTOS/Source/event_groups.c.obj
LOAD cmake/stm32cubemx/CMakeFiles/FreeRTOS.dir/__/__/Middlewares/Third_Party/FreeRTOS/Source/list.c.obj
LOAD cmake/stm32cubemx/CMakeFiles/FreeRTOS.dir/__/__/Middlewares/Third_Party/FreeRTOS/Source/queue.c.obj
LOAD cmake/stm32cubemx/CMakeFiles/FreeRTOS.dir/__/__/Middlewares/Third_Party/FreeRTOS/Source/stream_buffer.c.obj
LOAD cmake/stm32cubemx/CMakeFiles/FreeRTOS.dir/__/__/Middlewares/Third_Party/FreeRTOS/Source/tasks.c.obj
LOAD cmake/stm32cubemx/CMakeFiles/FreeRTOS.dir/__/__/Middlewares/Third_Party/FreeRTOS/Source/timers.c.obj
LOAD cmake/stm32cubemx/CMakeFiles/FreeRTOS.dir/__/__/Middlewares/Third_Party/FreeRTOS/Source/CMSIS_RTOS_V2/cmsis_os2.c.obj
LOAD cmake/stm32cubemx/CMakeFiles/FreeRTOS.dir/__/__/Middlewares/Third_Party/FreeRTOS/Source/portable/MemMang/heap_1.c.obj
LOAD cmake/stm32cubemx/CMakeFiles/FreeRTOS.dir/__/__/Middlewares/Third_Party/FreeRTOS/Source/portable/GCC/ARM_CM4F/port.c.obj
LOAD CMakeFiles/serial-frtos.dir/Core/Src/main.c.obj
LOAD CMakeFiles/serial-frtos.dir/Core/Src/gpio.c.obj
LOAD CMakeFiles/serial-frtos.dir/Core/Src/app_freertos.c.obj
LOAD CMakeFiles/serial-frtos.dir/Core/Src/cordic.c.obj
LOAD CMakeFiles/serial-frtos.dir/Core/Src/crc.c.obj
LOAD CMakeFiles/serial-frtos.dir/Core/Src/dma.c.obj
LOAD CMakeFiles/serial-frtos.dir/Core/Src/i2c.c.obj
LOAD CMakeFiles/serial-frtos.dir/Core/Src/tim.c.obj
LOAD CMakeFiles/serial-frtos.dir/Core/Src/usart.c.obj
LOAD CMakeFiles/serial-frtos.dir/Core/Src/stm32g4xx_it.c.obj
LOAD CMakeFiles/serial-frtos.dir/Core/Src/stm32g4xx_hal_msp.c.obj
LOAD CMakeFiles/serial-frtos.dir/Core/Src/stm32g4xx_hal_timebase_tim.c.obj
LOAD CMakeFiles/serial-frtos.dir/Core/Src/sysmem.c.obj
LOAD CMakeFiles/serial-frtos.dir/Core/Src/syscalls.c.obj
LOAD CMakeFiles/serial-frtos.dir/startup_stm32g431xx.s.obj
LOAD CMakeFiles/serial-frtos.dir/Core/Src/MadgwickAHRS.c.obj
LOAD /usr/lib/gcc/arm-none-eabi/13.2.1/../../../arm-none-eabi/lib/thumb/v7e-m+fp/hard/libm.a
LOAD /usr/lib/gcc/arm-none-eabi/13.2.1/../../../arm-none-eabi/lib/thumb/v7e-m+fp/hard/libm.a
START GROUP
LOAD /usr/lib/gcc/arm-none-eabi/13.2.1/thumb/v7e-m+fp/hard/libgcc.a
LOAD /usr/lib/gcc/arm-none-eabi/13.2.1/../../../arm-none-eabi/lib/thumb/v7e-m+fp/hard/libg_nano.a
LOAD /usr/lib/gcc/arm-none-eabi/13.2.1/../../../arm-none-eabi/lib/thumb/v7e-m+fp/hard/libc_nano.a
END GROUP
START GROUP
LOAD /usr/lib/gcc/arm-none-eabi/13.2.1/thumb/v7e-m+fp/hard/libgcc.a
LOAD /usr/lib/gcc/arm-none-eabi/13.2.1/../../../arm-none-eabi/lib/thumb/v7e-m+fp/hard/libc_nano.a
LOAD /usr/lib/gcc/arm-none-eabi/13.2.1/../../../arm-none-eabi/lib/thumb/v7e-m+fp/hard/libnosys.a
END GROUP
START GROUP
LOAD /usr/lib/gcc/arm-none-eabi/13.2.1/thumb/v7e-m+fp/hard/libgcc.a
LOAD /usr/lib/gcc/arm-none-eabi/13.2.1/../../../arm-none-eabi/lib/thumb/v7e-m+fp/hard/libc_nano.a
LOAD /usr/lib/gcc/arm-none-eabi/13.2.1/../../../arm-none-eabi/lib/thumb/v7e-m+fp/hard/libnosys.a
END GROUP
LOAD /usr/lib/gcc/arm-none-eabi/13.2.1/thumb/v7e-m+fp/hard/crtend.o
LOAD /usr/lib/gcc/arm-none-eabi/13.2.1/thumb/v7e-m+fp/hard/crtn.o
                0x20008000                        _estack = (ORIGIN (RAM) + LENGTH (RAM))
                0x00000200                        _Min_Heap_Size = 0x200
                0x00000400                        _Min_Stack_Size = 0x400

.isr_vector     0x08000000      0x1d8
                0x08000000                        . = ALIGN (0x4)
 *(.isr_vector)
 .isr_vector    0x08000000      0x1d8 CMakeFiles/serial-frtos.dir/startup_stm32g431xx.s.obj
                0x08000000                g_pfnVectors
                0x080001d8                        . = ALIGN (0x4)

.text           0x080001e0     0x77e8
                0x080001e0                        . = ALIGN (0x4)
 *(.text)
 .text          0x080001e0       0x88 /usr/lib/gcc/arm-none-eabi/13.2.1/thumb/v7e-m+fp/hard/crtbegin.o
 .text          0x08000268       0x30 /usr/lib/gcc/arm-none-eabi/13.2.1/thumb/v7e-m+fp/hard/libgcc.a(_aeabi_uldivmod.o)
                0x08000268                __aeabi_uldivmod
 .text          0x08000298      0x2bc /usr/lib/gcc/arm-none-eabi/13.2.1/thumb/v7e-m+fp/hard/libgcc.a(_udivmoddi4.o)
                0x08000298                __udivmoddi4
 .text          0x08000554        0x4 /usr/lib/gcc/arm-none-eabi/13.2.1/thumb/v7e-m+fp/hard/libgcc.a(_dvmd_tls.o)
                0x08000554                __aeabi_ldiv0
                0x08000554                __aeabi_idiv0
 .text          0x08000558       0x50 /usr/lib/gcc/arm-none-eabi/13.2.1/../../../arm-none-eabi/lib/thumb/v7e-m+fp/hard/libg_nano.a(libc_a-init.o)
                0x08000558                __libc_init_array
 .text          0x080005a8       0xa4 /usr/lib/gcc/arm-none-eabi/13.2.1/../../../arm-none-eabi/lib/thumb/v7e-m+fp/hard/libg_nano.a(libc_a-memset.o)
                0x080005a8                memset
 .text          0x0800064c      0x134 /usr/lib/gcc/arm-none-eabi/13.2.1/../../../arm-none-eabi/lib/thumb/v7e-m+fp/hard/libg_nano.a(libc_a-memcpy.o)
                0x0800064c                memcpy
 *(.text*)
 .text.SystemInit
                0x08000780       0x14 cmake/stm32cubemx/CMakeFiles/STM32_Drivers.dir/__/__/Core/Src/system_stm32g4xx.c.obj
                0x08000780                SystemInit
 .text.TIM_OC1_SetConfig
                0x08000794       0x78 cmake/stm32cubemx/CMakeFiles/STM32_Drivers.dir/__/__/Drivers/STM32G4xx_HAL_Driver/Src/stm32g4xx_hal_tim.c.obj
 .text.TIM_OC3_SetConfig
                0x0800080c       0x84 cmake/stm32cubemx/CMakeFiles/STM32_Drivers.dir/__/__/Drivers/STM32G4xx_HAL_Driver/Src/stm32g4xx_hal_tim.c.obj
 .text.TIM_OC4_SetConfig
                0x08000890       0x84 cmake/stm32cubemx/CMakeFiles/STM32_Drivers.dir/__/__/Drivers/STM32G4xx_HAL_Driver/Src/stm32g4xx_hal_tim.c.obj
 .text.TIM_OC5_SetConfig
                0x08000914       0x68 cmake/stm32cubemx/CMakeFiles/STM32_Drivers.dir/__/__/Drivers/STM32G4xx_HAL_Driver/Src/stm32g4xx_hal_tim.c.obj
 .text.TIM_OC6_SetConfig
                0x0800097c       0x68 cmake/stm32cubemx/CMakeFiles/STM32_Drivers.dir/__/__/Drivers/STM32G4xx_HAL_Driver/Src/stm32g4xx_hal_tim.c.obj
 .text.TIM_TI1_ConfigInputStage
                0x080009e4       0x54 cmake/stm32cubemx/CMakeFiles/STM32_Drivers.dir/__/__/Drivers/STM32G4xx_HAL_Driver/Src/stm32g4xx_hal_tim.c.obj
 .text.TIM_TI2_ConfigInputStage
                0x08000a38       0x40 cmake/stm32cubemx/CMakeFiles/STM32_Drivers.dir/__/__/Drivers/STM32G4xx_HAL_Driver/Src/stm32g4xx_hal_tim.c.obj
 .text.HAL_TIM_Base_Start_IT
                0x08000a78       0x6c cmake/stm32cubemx/CMakeFiles/STM32_Drivers.dir/__/__/Drivers/STM32G4xx_HAL_Driver/Src/stm32g4xx_hal_tim.c.obj
                0x08000a78                HAL_TIM_Base_Start_IT
 .text.HAL_TIM_PWM_MspInit
                0x08000ae4        0x2 cmake/stm32cubemx/CMakeFiles/STM32_Drivers.dir/__/__/Drivers/STM32G4xx_HAL_Driver/Src/stm32g4xx_hal_tim.c.obj
                0x08000ae4                HAL_TIM_PWM_MspInit
 .text.HAL_TIM_OC_DelayElapsedCallback
                0x08000ae6        0x2 cmake/stm32cubemx/CMakeFiles/STM32_Drivers.dir/__/__/Drivers/STM32G4xx_HAL_Driver/Src/stm32g4xx_hal_tim.c.obj
                0x08000ae6                HAL_TIM_OC_DelayElapsedCallback
 .text.HAL_TIM_IC_CaptureCallback
                0x08000ae8        0x2 cmake/stm32cubemx/CMakeFiles/STM32_Drivers.dir/__/__/Drivers/STM32G4xx_HAL_Driver/Src/stm32g4xx_hal_tim.c.obj
                0x08000ae8                HAL_TIM_IC_CaptureCallback
 .text.HAL_TIM_PWM_PulseFinishedCallback
                0x08000aea        0x2 cmake/stm32cubemx/CMakeFiles/STM32_Drivers.dir/__/__/Drivers/STM32G4xx_HAL_Driver/Src/stm32g4xx_hal_tim.c.obj
                0x08000aea                HAL_TIM_PWM_PulseFinishedCallback
 .text.HAL_TIM_TriggerCallback
                0x08000aec        0x2 cmake/stm32cubemx/CMakeFiles/STM32_Drivers.dir/__/__/Drivers/STM32G4xx_HAL_Driver/Src/stm32g4xx_hal_tim.c.obj
                0x08000aec                HAL_TIM_TriggerCallback
 .text.HAL_TIM_IRQHandler
                0x08000aee      0x19e cmake/stm32cubemx/CMakeFiles/STM32_Drivers.dir/__/__/Drivers/STM32G4xx_HAL_Driver/Src/stm32g4xx_hal_tim.c.obj
                0x08000aee                HAL_TIM_IRQHandler
 .text.TIM_Base_SetConfig
                0x08000c8c       0xa0 cmake/stm32cubemx/CMakeFiles/STM32_Drivers.dir/__/__/Drivers/STM32G4xx_HAL_Driver/Src/stm32g4xx_hal_tim.c.obj
                0x08000c8c                TIM_Base_SetConfig
 .text.HAL_TIM_Base_Init
                0x08000d2c       0x60 cmake/stm32cubemx/CMakeFiles/STM32_Drivers.dir/__/__/Drivers/STM32G4xx_HAL_Driver/Src/stm32g4xx_hal_tim.c.obj
                0x08000d2c                HAL_TIM_Base_Init
 .text.HAL_TIM_PWM_Init
                0x08000d8c       0x60 cmake/stm32cubemx/CMakeFiles/STM32_Drivers.dir/__/__/Drivers/STM32G4xx_HAL_Driver/Src/stm32g4xx_hal_tim.c.obj
                0x08000d8c                HAL_TIM_PWM_Init
 .text.TIM_OC2_SetConfig
                0x08000dec       0x84 cmake/stm32cubemx/CMakeFiles/STM32_Drivers.dir/__/__/Drivers/STM32G4xx_HAL_Driver/Src/stm32g4xx_hal_tim.c.obj
                0x08000dec                TIM_OC2_SetConfig
 .text.HAL_TIM_PWM_ConfigChannel
                0x08000e70       0xf8 cmake/stm32cubemx/CMakeFiles/STM32_Drivers.dir/__/__/Drivers/STM32G4xx_HAL_Driver/Src/stm32g4xx_hal_tim.c.obj
                0x08000e70                HAL_TIM_PWM_ConfigChannel
 .text.TIM_ETR_SetConfig
                0x08000f68       0x14 cmake/stm32cubemx/CMakeFiles/STM32_Drivers.dir/__/__/Drivers/STM32G4xx_HAL_Driver/Src/stm32g4xx_hal_tim.c.obj
                0x08000f68                TIM_ETR_SetConfig
 .text.HAL_TIM_ConfigClockSource
                0x08000f7c      0x128 cmake/stm32cubemx/CMakeFiles/STM32_Drivers.dir/__/__/Drivers/STM32G4xx_HAL_Driver/Src/stm32g4xx_hal_tim.c.obj
                0x08000f7c                HAL_TIM_ConfigClockSource
 .text.TIM_CCxChannelCmd
                0x080010a4       0x1c cmake/stm32cubemx/CMakeFiles/STM32_Drivers.dir/__/__/Drivers/STM32G4xx_HAL_Driver/Src/stm32g4xx_hal_tim.c.obj
                0x080010a4                TIM_CCxChannelCmd
 .text.HAL_TIM_OC_Start
                0x080010c0      0x10c cmake/stm32cubemx/CMakeFiles/STM32_Drivers.dir/__/__/Drivers/STM32G4xx_HAL_Driver/Src/stm32g4xx_hal_tim.c.obj
                0x080010c0                HAL_TIM_OC_Start
 .text.HAL_TIM_PWM_Start
                0x080011cc        0x4 cmake/stm32cubemx/CMakeFiles/STM32_Drivers.dir/__/__/Drivers/STM32G4xx_HAL_Driver/Src/stm32g4xx_hal_tim.c.obj
                0x080011cc                HAL_TIM_PWM_Start
 .text.HAL_TIMEx_MasterConfigSynchronization
                0x080011d0       0x88 cmake/stm32cubemx/CMakeFiles/STM32_Drivers.dir/__/__/Drivers/STM32G4xx_HAL_Driver/Src/stm32g4xx_hal_tim_ex.c.obj
                0x080011d0                HAL_TIMEx_MasterConfigSynchronization
 .text.HAL_TIMEx_ConfigBreakDeadTime
                0x08001258       0x94 cmake/stm32cubemx/CMakeFiles/STM32_Drivers.dir/__/__/Drivers/STM32G4xx_HAL_Driver/Src/stm32g4xx_hal_tim_ex.c.obj
                0x08001258                HAL_TIMEx_ConfigBreakDeadTime
 .text.HAL_TIMEx_CommutCallback
                0x080012ec        0x2 cmake/stm32cubemx/CMakeFiles/STM32_Drivers.dir/__/__/Drivers/STM32G4xx_HAL_Driver/Src/stm32g4xx_hal_tim_ex.c.obj
                0x080012ec                HAL_TIMEx_CommutCallback
 .text.HAL_TIMEx_BreakCallback
                0x080012ee        0x2 cmake/stm32cubemx/CMakeFiles/STM32_Drivers.dir/__/__/Drivers/STM32G4xx_HAL_Driver/Src/stm32g4xx_hal_tim_ex.c.obj
                0x080012ee                HAL_TIMEx_BreakCallback
 .text.HAL_TIMEx_Break2Callback
                0x080012f0        0x2 cmake/stm32cubemx/CMakeFiles/STM32_Drivers.dir/__/__/Drivers/STM32G4xx_HAL_Driver/Src/stm32g4xx_hal_tim_ex.c.obj
                0x080012f0                HAL_TIMEx_Break2Callback
 .text.HAL_TIMEx_EncoderIndexCallback
                0x080012f2        0x2 cmake/stm32cubemx/CMakeFiles/STM32_Drivers.dir/__/__/Drivers/STM32G4xx_HAL_Driver/Src/stm32g4xx_hal_tim_ex.c.obj
                0x080012f2                HAL_TIMEx_EncoderIndexCallback
 .text.HAL_TIMEx_DirectionChangeCallback
                0x080012f4        0x2 cmake/stm32cubemx/CMakeFiles/STM32_Drivers.dir/__/__/Drivers/STM32G4xx_HAL_Driver/Src/stm32g4xx_hal_tim_ex.c.obj
                0x080012f4                HAL_TIMEx_DirectionChangeCallback
 .text.HAL_TIMEx_IndexErrorCallback
                0x080012f6        0x2 cmake/stm32cubemx/CMakeFiles/STM32_Drivers.dir/__/__/Drivers/STM32G4xx_HAL_Driver/Src/stm32g4xx_hal_tim_ex.c.obj
                0x080012f6                HAL_TIMEx_IndexErrorCallback
 .text.HAL_TIMEx_TransitionErrorCallback
                0x080012f8        0x2 cmake/stm32cubemx/CMakeFiles/STM32_Drivers.dir/__/__/Drivers/STM32G4xx_HAL_Driver/Src/stm32g4xx_hal_tim_ex.c.obj
                0x080012f8                HAL_TIMEx_TransitionErrorCallback
 .text.HAL_CORDIC_Init
                0x080012fa       0x32 cmake/stm32cubemx/CMakeFiles/STM32_Drivers.dir/__/__/Drivers/STM32G4xx_HAL_Driver/Src/stm32g4xx_hal_cordic.c.obj
                0x080012fa                HAL_CORDIC_Init
 .text.HAL_CORDIC_Configure
                0x0800132c       0x44 cmake/stm32cubemx/CMakeFiles/STM32_Drivers.dir/__/__/Drivers/STM32G4xx_HAL_Driver/Src/stm32g4xx_hal_cordic.c.obj
                0x0800132c                HAL_CORDIC_Configure
 .text.HAL_Init
                0x08001370       0x1e cmake/stm32cubemx/CMakeFiles/STM32_Drivers.dir/__/__/Drivers/STM32G4xx_HAL_Driver/Src/stm32g4xx_hal.c.obj
                0x08001370                HAL_Init
 *fill*         0x0800138e        0x2 
 .text.HAL_IncTick
                0x08001390       0x18 cmake/stm32cubemx/CMakeFiles/STM32_Drivers.dir/__/__/Drivers/STM32G4xx_HAL_Driver/Src/stm32g4xx_hal.c.obj
                0x08001390                HAL_IncTick
 .text.HAL_GetTick
                0x080013a8        0xc cmake/stm32cubemx/CMakeFiles/STM32_Drivers.dir/__/__/Drivers/STM32G4xx_HAL_Driver/Src/stm32g4xx_hal.c.obj
                0x080013a8                HAL_GetTick
 .text.HAL_RCC_OscConfig
                0x080013b4      0x418 cmake/stm32cubemx/CMakeFiles/STM32_Drivers.dir/__/__/Drivers/STM32G4xx_HAL_Driver/Src/stm32g4xx_hal_rcc.c.obj
                0x080013b4                HAL_RCC_OscConfig
 .text.HAL_RCC_GetSysClockFreq
                0x080017cc       0x6c cmake/stm32cubemx/CMakeFiles/STM32_Drivers.dir/__/__/Drivers/STM32G4xx_HAL_Driver/Src/stm32g4xx_hal_rcc.c.obj
                0x080017cc                HAL_RCC_GetSysClockFreq
 .text.HAL_RCC_ClockConfig
                0x08001838      0x1e8 cmake/stm32cubemx/CMakeFiles/STM32_Drivers.dir/__/__/Drivers/STM32G4xx_HAL_Driver/Src/stm32g4xx_hal_rcc.c.obj
                0x08001838                HAL_RCC_ClockConfig
 .text.HAL_RCC_GetPCLK1Freq
                0x08001a20       0x24 cmake/stm32cubemx/CMakeFiles/STM32_Drivers.dir/__/__/Drivers/STM32G4xx_HAL_Driver/Src/stm32g4xx_hal_rcc.c.obj
                0x08001a20                HAL_RCC_GetPCLK1Freq
 .text.HAL_RCC_GetPCLK2Freq
                0x08001a44       0x24 cmake/stm32cubemx/CMakeFiles/STM32_Drivers.dir/__/__/Drivers/STM32G4xx_HAL_Driver/Src/stm32g4xx_hal_rcc.c.obj
                0x08001a44                HAL_RCC_GetPCLK2Freq
 .text.HAL_RCC_GetClockConfig
                0x08001a68       0x3c cmake/stm32cubemx/CMakeFiles/STM32_Drivers.dir/__/__/Drivers/STM32G4xx_HAL_Driver/Src/stm32g4xx_hal_rcc.c.obj
                0x08001a68                HAL_RCC_GetClockConfig
 .text.HAL_RCCEx_PeriphCLKConfig
                0x08001aa4      0x278 cmake/stm32cubemx/CMakeFiles/STM32_Drivers.dir/__/__/Drivers/STM32G4xx_HAL_Driver/Src/stm32g4xx_hal_rcc_ex.c.obj
                0x08001aa4                HAL_RCCEx_PeriphCLKConfig
 .text.HAL_GPIO_Init
                0x08001d1c      0x19c cmake/stm32cubemx/CMakeFiles/STM32_Drivers.dir/__/__/Drivers/STM32G4xx_HAL_Driver/Src/stm32g4xx_hal_gpio.c.obj
                0x08001d1c                HAL_GPIO_Init
 .text.HAL_GPIO_WritePin
                0x08001eb8        0xa cmake/stm32cubemx/CMakeFiles/STM32_Drivers.dir/__/__/Drivers/STM32G4xx_HAL_Driver/Src/stm32g4xx_hal_gpio.c.obj
                0x08001eb8                HAL_GPIO_WritePin
 .text.HAL_GPIO_TogglePin
                0x08001ec2       0x12 cmake/stm32cubemx/CMakeFiles/STM32_Drivers.dir/__/__/Drivers/STM32G4xx_HAL_Driver/Src/stm32g4xx_hal_gpio.c.obj
                0x08001ec2                HAL_GPIO_TogglePin
 .text.HAL_EXTI_RegisterCallback
                0x08001ed4       0x14 cmake/stm32cubemx/CMakeFiles/STM32_Drivers.dir/__/__/Drivers/STM32G4xx_HAL_Driver/Src/stm32g4xx_hal_exti.c.obj
                0x08001ed4                HAL_EXTI_RegisterCallback
 .text.HAL_EXTI_GetHandle
                0x08001ee8        0xc cmake/stm32cubemx/CMakeFiles/STM32_Drivers.dir/__/__/Drivers/STM32G4xx_HAL_Driver/Src/stm32g4xx_hal_exti.c.obj
                0x08001ee8                HAL_EXTI_GetHandle
 .text.HAL_EXTI_IRQHandler
                0x08001ef4       0x30 cmake/stm32cubemx/CMakeFiles/STM32_Drivers.dir/__/__/Drivers/STM32G4xx_HAL_Driver/Src/stm32g4xx_hal_exti.c.obj
                0x08001ef4                HAL_EXTI_IRQHandler
 .text.DMA_SetConfig
                0x08001f24       0x34 cmake/stm32cubemx/CMakeFiles/STM32_Drivers.dir/__/__/Drivers/STM32G4xx_HAL_Driver/Src/stm32g4xx_hal_dma.c.obj
 .text.DMA_CalcDMAMUXChannelBaseAndMask
                0x08001f58       0x48 cmake/stm32cubemx/CMakeFiles/STM32_Drivers.dir/__/__/Drivers/STM32G4xx_HAL_Driver/Src/stm32g4xx_hal_dma.c.obj
 .text.HAL_DMA_Init
                0x08001fa0       0xdc cmake/stm32cubemx/CMakeFiles/STM32_Drivers.dir/__/__/Drivers/STM32G4xx_HAL_Driver/Src/stm32g4xx_hal_dma.c.obj
                0x08001fa0                HAL_DMA_Init
 .text.HAL_DMA_Start_IT
                0x0800207c       0x80 cmake/stm32cubemx/CMakeFiles/STM32_Drivers.dir/__/__/Drivers/STM32G4xx_HAL_Driver/Src/stm32g4xx_hal_dma.c.obj
                0x0800207c                HAL_DMA_Start_IT
 .text.HAL_DMA_Abort
                0x080020fc       0x6c cmake/stm32cubemx/CMakeFiles/STM32_Drivers.dir/__/__/Drivers/STM32G4xx_HAL_Driver/Src/stm32g4xx_hal_dma.c.obj
                0x080020fc                HAL_DMA_Abort
 .text.HAL_DMA_Abort_IT
                0x08002168       0x76 cmake/stm32cubemx/CMakeFiles/STM32_Drivers.dir/__/__/Drivers/STM32G4xx_HAL_Driver/Src/stm32g4xx_hal_dma.c.obj
                0x08002168                HAL_DMA_Abort_IT
 .text.HAL_DMA_IRQHandler
                0x080021de       0x94 cmake/stm32cubemx/CMakeFiles/STM32_Drivers.dir/__/__/Drivers/STM32G4xx_HAL_Driver/Src/stm32g4xx_hal_dma.c.obj
                0x080021de                HAL_DMA_IRQHandler
 .text.HAL_DMA_GetState
                0x08002272        0x6 cmake/stm32cubemx/CMakeFiles/STM32_Drivers.dir/__/__/Drivers/STM32G4xx_HAL_Driver/Src/stm32g4xx_hal_dma.c.obj
                0x08002272                HAL_DMA_GetState
 .text.HAL_PWREx_ControlVoltageScaling
                0x08002278       0xb0 cmake/stm32cubemx/CMakeFiles/STM32_Drivers.dir/__/__/Drivers/STM32G4xx_HAL_Driver/Src/stm32g4xx_hal_pwr_ex.c.obj
                0x08002278                HAL_PWREx_ControlVoltageScaling
 .text.HAL_PWREx_DisableUCPDDeadBattery
                0x08002328       0x10 cmake/stm32cubemx/CMakeFiles/STM32_Drivers.dir/__/__/Drivers/STM32G4xx_HAL_Driver/Src/stm32g4xx_hal_pwr_ex.c.obj
                0x08002328                HAL_PWREx_DisableUCPDDeadBattery
 .text.HAL_NVIC_SetPriorityGrouping
                0x08002338       0x24 cmake/stm32cubemx/CMakeFiles/STM32_Drivers.dir/__/__/Drivers/STM32G4xx_HAL_Driver/Src/stm32g4xx_hal_cortex.c.obj
                0x08002338                HAL_NVIC_SetPriorityGrouping
 .text.HAL_NVIC_SetPriority
                0x0800235c       0x64 cmake/stm32cubemx/CMakeFiles/STM32_Drivers.dir/__/__/Drivers/STM32G4xx_HAL_Driver/Src/stm32g4xx_hal_cortex.c.obj
                0x0800235c                HAL_NVIC_SetPriority
 .text.HAL_NVIC_EnableIRQ
                0x080023c0       0x1c cmake/stm32cubemx/CMakeFiles/STM32_Drivers.dir/__/__/Drivers/STM32G4xx_HAL_Driver/Src/stm32g4xx_hal_cortex.c.obj
                0x080023c0                HAL_NVIC_EnableIRQ
 .text.HAL_CRC_Init
                0x080023dc       0x74 cmake/stm32cubemx/CMakeFiles/STM32_Drivers.dir/__/__/Drivers/STM32G4xx_HAL_Driver/Src/stm32g4xx_hal_crc.c.obj
                0x080023dc                HAL_CRC_Init
 .text.HAL_CRCEx_Polynomial_Set
                0x08002450       0x4e cmake/stm32cubemx/CMakeFiles/STM32_Drivers.dir/__/__/Drivers/STM32G4xx_HAL_Driver/Src/stm32g4xx_hal_crc_ex.c.obj
                0x08002450                HAL_CRCEx_Polynomial_Set
 .text.I2C_Flush_TXDR
                0x0800249e       0x1c cmake/stm32cubemx/CMakeFiles/STM32_Drivers.dir/__/__/Drivers/STM32G4xx_HAL_Driver/Src/stm32g4xx_hal_i2c.c.obj
 *fill*         0x080024ba        0x2 
 .text.I2C_TransferConfig
                0x080024bc       0x2c cmake/stm32cubemx/CMakeFiles/STM32_Drivers.dir/__/__/Drivers/STM32G4xx_HAL_Driver/Src/stm32g4xx_hal_i2c.c.obj
 .text.I2C_Enable_IRQ
                0x080024e8       0x90 cmake/stm32cubemx/CMakeFiles/STM32_Drivers.dir/__/__/Drivers/STM32G4xx_HAL_Driver/Src/stm32g4xx_hal_i2c.c.obj
 .text.I2C_Disable_IRQ
                0x08002578       0x42 cmake/stm32cubemx/CMakeFiles/STM32_Drivers.dir/__/__/Drivers/STM32G4xx_HAL_Driver/Src/stm32g4xx_hal_i2c.c.obj
 .text.I2C_IsErrorOccurred
                0x080025ba      0x100 cmake/stm32cubemx/CMakeFiles/STM32_Drivers.dir/__/__/Drivers/STM32G4xx_HAL_Driver/Src/stm32g4xx_hal_i2c.c.obj
 .text.I2C_WaitOnTXISFlagUntilTimeout
                0x080026ba       0x56 cmake/stm32cubemx/CMakeFiles/STM32_Drivers.dir/__/__/Drivers/STM32G4xx_HAL_Driver/Src/stm32g4xx_hal_i2c.c.obj
 .text.I2C_WaitOnFlagUntilTimeout
                0x08002710       0x76 cmake/stm32cubemx/CMakeFiles/STM32_Drivers.dir/__/__/Drivers/STM32G4xx_HAL_Driver/Src/stm32g4xx_hal_i2c.c.obj
 .text.I2C_WaitOnSTOPFlagUntilTimeout
                0x08002786       0x52 cmake/stm32cubemx/CMakeFiles/STM32_Drivers.dir/__/__/Drivers/STM32G4xx_HAL_Driver/Src/stm32g4xx_hal_i2c.c.obj
 .text.HAL_I2C_Init
                0x080027d8       0xaa cmake/stm32cubemx/CMakeFiles/STM32_Drivers.dir/__/__/Drivers/STM32G4xx_HAL_Driver/Src/stm32g4xx_hal_i2c.c.obj
                0x080027d8                HAL_I2C_Init
 *fill*         0x08002882        0x2 
 .text.HAL_I2C_Master_Transmit
                0x08002884      0x158 cmake/stm32cubemx/CMakeFiles/STM32_Drivers.dir/__/__/Drivers/STM32G4xx_HAL_Driver/Src/stm32g4xx_hal_i2c.c.obj
                0x08002884                HAL_I2C_Master_Transmit
 .text.HAL_I2C_Master_Receive_DMA
                0x080029dc      0x12c cmake/stm32cubemx/CMakeFiles/STM32_Drivers.dir/__/__/Drivers/STM32G4xx_HAL_Driver/Src/stm32g4xx_hal_i2c.c.obj
                0x080029dc                HAL_I2C_Master_Receive_DMA
 .text.HAL_I2C_EV_IRQHandler
                0x08002b08        0xe cmake/stm32cubemx/CMakeFiles/STM32_Drivers.dir/__/__/Drivers/STM32G4xx_HAL_Driver/Src/stm32g4xx_hal_i2c.c.obj
                0x08002b08                HAL_I2C_EV_IRQHandler
 .text.I2C_ITMasterSeqCplt
                0x08002b16       0x44 cmake/stm32cubemx/CMakeFiles/STM32_Drivers.dir/__/__/Drivers/STM32G4xx_HAL_Driver/Src/stm32g4xx_hal_i2c.c.obj
 .text.HAL_I2C_SlaveTxCpltCallback
                0x08002b5a        0x2 cmake/stm32cubemx/CMakeFiles/STM32_Drivers.dir/__/__/Drivers/STM32G4xx_HAL_Driver/Src/stm32g4xx_hal_i2c.c.obj
                0x08002b5a                HAL_I2C_SlaveTxCpltCallback
 .text.HAL_I2C_SlaveRxCpltCallback
                0x08002b5c        0x2 cmake/stm32cubemx/CMakeFiles/STM32_Drivers.dir/__/__/Drivers/STM32G4xx_HAL_Driver/Src/stm32g4xx_hal_i2c.c.obj
                0x08002b5c                HAL_I2C_SlaveRxCpltCallback
 .text.I2C_ITSlaveSeqCplt
                0x08002b5e       0x6c cmake/stm32cubemx/CMakeFiles/STM32_Drivers.dir/__/__/Drivers/STM32G4xx_HAL_Driver/Src/stm32g4xx_hal_i2c.c.obj
 .text.HAL_I2C_AddrCallback
                0x08002bca        0x2 cmake/stm32cubemx/CMakeFiles/STM32_Drivers.dir/__/__/Drivers/STM32G4xx_HAL_Driver/Src/stm32g4xx_hal_i2c.c.obj
                0x08002bca                HAL_I2C_AddrCallback
 .text.I2C_ITAddrCplt.constprop.0
                0x08002bcc       0x86 cmake/stm32cubemx/CMakeFiles/STM32_Drivers.dir/__/__/Drivers/STM32G4xx_HAL_Driver/Src/stm32g4xx_hal_i2c.c.obj
 .text.HAL_I2C_ListenCpltCallback
                0x08002c52        0x2 cmake/stm32cubemx/CMakeFiles/STM32_Drivers.dir/__/__/Drivers/STM32G4xx_HAL_Driver/Src/stm32g4xx_hal_i2c.c.obj
                0x08002c52                HAL_I2C_ListenCpltCallback
 .text.I2C_ITListenCplt
                0x08002c54       0x60 cmake/stm32cubemx/CMakeFiles/STM32_Drivers.dir/__/__/Drivers/STM32G4xx_HAL_Driver/Src/stm32g4xx_hal_i2c.c.obj
 .text.HAL_I2C_MemTxCpltCallback
                0x08002cb4        0x2 cmake/stm32cubemx/CMakeFiles/STM32_Drivers.dir/__/__/Drivers/STM32G4xx_HAL_Driver/Src/stm32g4xx_hal_i2c.c.obj
                0x08002cb4                HAL_I2C_MemTxCpltCallback
 .text.HAL_I2C_MemRxCpltCallback
                0x08002cb6        0x2 cmake/stm32cubemx/CMakeFiles/STM32_Drivers.dir/__/__/Drivers/STM32G4xx_HAL_Driver/Src/stm32g4xx_hal_i2c.c.obj
                0x08002cb6                HAL_I2C_MemRxCpltCallback
 .text.HAL_I2C_ErrorCallback
                0x08002cb8        0x2 cmake/stm32cubemx/CMakeFiles/STM32_Drivers.dir/__/__/Drivers/STM32G4xx_HAL_Driver/Src/stm32g4xx_hal_i2c.c.obj
                0x08002cb8                HAL_I2C_ErrorCallback
 .text.HAL_I2C_AbortCpltCallback
                0x08002cba        0x2 cmake/stm32cubemx/CMakeFiles/STM32_Drivers.dir/__/__/Drivers/STM32G4xx_HAL_Driver/Src/stm32g4xx_hal_i2c.c.obj
                0x08002cba                HAL_I2C_AbortCpltCallback
 .text.I2C_TreatErrorCallback
                0x08002cbc       0x2c cmake/stm32cubemx/CMakeFiles/STM32_Drivers.dir/__/__/Drivers/STM32G4xx_HAL_Driver/Src/stm32g4xx_hal_i2c.c.obj
 .text.I2C_ITError
                0x08002ce8      0x108 cmake/stm32cubemx/CMakeFiles/STM32_Drivers.dir/__/__/Drivers/STM32G4xx_HAL_Driver/Src/stm32g4xx_hal_i2c.c.obj
 .text.I2C_ITMasterCplt
                0x08002df0       0xec cmake/stm32cubemx/CMakeFiles/STM32_Drivers.dir/__/__/Drivers/STM32G4xx_HAL_Driver/Src/stm32g4xx_hal_i2c.c.obj
 .text.I2C_Master_ISR_IT
                0x08002edc      0x132 cmake/stm32cubemx/CMakeFiles/STM32_Drivers.dir/__/__/Drivers/STM32G4xx_HAL_Driver/Src/stm32g4xx_hal_i2c.c.obj
 *fill*         0x0800300e        0x2 
 .text.I2C_Mem_ISR_DMA
                0x08003010      0x128 cmake/stm32cubemx/CMakeFiles/STM32_Drivers.dir/__/__/Drivers/STM32G4xx_HAL_Driver/Src/stm32g4xx_hal_i2c.c.obj
 .text.I2C_Master_ISR_DMA
                0x08003138      0x102 cmake/stm32cubemx/CMakeFiles/STM32_Drivers.dir/__/__/Drivers/STM32G4xx_HAL_Driver/Src/stm32g4xx_hal_i2c.c.obj
 .text.I2C_DMAError
                0x0800323a       0x12 cmake/stm32cubemx/CMakeFiles/STM32_Drivers.dir/__/__/Drivers/STM32G4xx_HAL_Driver/Src/stm32g4xx_hal_i2c.c.obj
 .text.I2C_DMAMasterReceiveCplt
                0x0800324c       0x52 cmake/stm32cubemx/CMakeFiles/STM32_Drivers.dir/__/__/Drivers/STM32G4xx_HAL_Driver/Src/stm32g4xx_hal_i2c.c.obj
 .text.HAL_I2C_ER_IRQHandler
                0x0800329e       0x60 cmake/stm32cubemx/CMakeFiles/STM32_Drivers.dir/__/__/Drivers/STM32G4xx_HAL_Driver/Src/stm32g4xx_hal_i2c.c.obj
                0x0800329e                HAL_I2C_ER_IRQHandler
 *fill*         0x080032fe        0x2 
 .text.I2C_ITSlaveCplt.constprop.0
                0x08003300      0x1b4 cmake/stm32cubemx/CMakeFiles/STM32_Drivers.dir/__/__/Drivers/STM32G4xx_HAL_Driver/Src/stm32g4xx_hal_i2c.c.obj
 .text.I2C_Slave_ISR_DMA
                0x080034b4       0xfa cmake/stm32cubemx/CMakeFiles/STM32_Drivers.dir/__/__/Drivers/STM32G4xx_HAL_Driver/Src/stm32g4xx_hal_i2c.c.obj
 .text.I2C_Slave_ISR_IT
                0x080035ae      0x112 cmake/stm32cubemx/CMakeFiles/STM32_Drivers.dir/__/__/Drivers/STM32G4xx_HAL_Driver/Src/stm32g4xx_hal_i2c.c.obj
 .text.I2C_DMAAbort
                0x080036c0       0x16 cmake/stm32cubemx/CMakeFiles/STM32_Drivers.dir/__/__/Drivers/STM32G4xx_HAL_Driver/Src/stm32g4xx_hal_i2c.c.obj
 .text.HAL_I2CEx_ConfigAnalogFilter
                0x080036d6       0x4c cmake/stm32cubemx/CMakeFiles/STM32_Drivers.dir/__/__/Drivers/STM32G4xx_HAL_Driver/Src/stm32g4xx_hal_i2c_ex.c.obj
                0x080036d6                HAL_I2CEx_ConfigAnalogFilter
 .text.HAL_I2CEx_ConfigDigitalFilter
                0x08003722       0x4a cmake/stm32cubemx/CMakeFiles/STM32_Drivers.dir/__/__/Drivers/STM32G4xx_HAL_Driver/Src/stm32g4xx_hal_i2c_ex.c.obj
                0x08003722                HAL_I2CEx_ConfigDigitalFilter
 .text.UART_EndTxTransfer
                0x0800376c       0x34 cmake/stm32cubemx/CMakeFiles/STM32_Drivers.dir/__/__/Drivers/STM32G4xx_HAL_Driver/Src/stm32g4xx_hal_uart.c.obj
 .text.UART_EndRxTransfer
                0x080037a0       0x58 cmake/stm32cubemx/CMakeFiles/STM32_Drivers.dir/__/__/Drivers/STM32G4xx_HAL_Driver/Src/stm32g4xx_hal_uart.c.obj
 .text.HAL_UART_Transmit_DMA
                0x080037f8       0x84 cmake/stm32cubemx/CMakeFiles/STM32_Drivers.dir/__/__/Drivers/STM32G4xx_HAL_Driver/Src/stm32g4xx_hal_uart.c.obj
                0x080037f8                HAL_UART_Transmit_DMA
 .text.HAL_UART_TxCpltCallback
                0x0800387c        0x2 cmake/stm32cubemx/CMakeFiles/STM32_Drivers.dir/__/__/Drivers/STM32G4xx_HAL_Driver/Src/stm32g4xx_hal_uart.c.obj
                0x0800387c                HAL_UART_TxCpltCallback
 .text.UART_DMATransmitCplt
                0x0800387e       0x46 cmake/stm32cubemx/CMakeFiles/STM32_Drivers.dir/__/__/Drivers/STM32G4xx_HAL_Driver/Src/stm32g4xx_hal_uart.c.obj
 .text.HAL_UART_TxHalfCpltCallback
                0x080038c4        0x2 cmake/stm32cubemx/CMakeFiles/STM32_Drivers.dir/__/__/Drivers/STM32G4xx_HAL_Driver/Src/stm32g4xx_hal_uart.c.obj
                0x080038c4                HAL_UART_TxHalfCpltCallback
 .text.UART_DMATxHalfCplt
                0x080038c6        0xa cmake/stm32cubemx/CMakeFiles/STM32_Drivers.dir/__/__/Drivers/STM32G4xx_HAL_Driver/Src/stm32g4xx_hal_uart.c.obj
 .text.HAL_UART_RxCpltCallback
                0x080038d0        0x2 cmake/stm32cubemx/CMakeFiles/STM32_Drivers.dir/__/__/Drivers/STM32G4xx_HAL_Driver/Src/stm32g4xx_hal_uart.c.obj
                0x080038d0                HAL_UART_RxCpltCallback
 .text.HAL_UART_RxHalfCpltCallback
                0x080038d2        0x2 cmake/stm32cubemx/CMakeFiles/STM32_Drivers.dir/__/__/Drivers/STM32G4xx_HAL_Driver/Src/stm32g4xx_hal_uart.c.obj
                0x080038d2                HAL_UART_RxHalfCpltCallback
 .text.HAL_UART_ErrorCallback
                0x080038d4        0x2 cmake/stm32cubemx/CMakeFiles/STM32_Drivers.dir/__/__/Drivers/STM32G4xx_HAL_Driver/Src/stm32g4xx_hal_uart.c.obj
                0x080038d4                HAL_UART_ErrorCallback
 .text.UART_DMAError
                0x080038d6       0x3c cmake/stm32cubemx/CMakeFiles/STM32_Drivers.dir/__/__/Drivers/STM32G4xx_HAL_Driver/Src/stm32g4xx_hal_uart.c.obj
 .text.UART_DMAAbortOnError
                0x08003912        0xa cmake/stm32cubemx/CMakeFiles/STM32_Drivers.dir/__/__/Drivers/STM32G4xx_HAL_Driver/Src/stm32g4xx_hal_uart.c.obj
 .text.HAL_UART_IRQHandler
                0x0800391c      0x304 cmake/stm32cubemx/CMakeFiles/STM32_Drivers.dir/__/__/Drivers/STM32G4xx_HAL_Driver/Src/stm32g4xx_hal_uart.c.obj
                0x0800391c                HAL_UART_IRQHandler
 .text.UART_DMARxHalfCplt
                0x08003c20       0x3c cmake/stm32cubemx/CMakeFiles/STM32_Drivers.dir/__/__/Drivers/STM32G4xx_HAL_Driver/Src/stm32g4xx_hal_uart.c.obj
 .text.UART_DMAReceiveCplt
                0x08003c5c       0xa6 cmake/stm32cubemx/CMakeFiles/STM32_Drivers.dir/__/__/Drivers/STM32G4xx_HAL_Driver/Src/stm32g4xx_hal_uart.c.obj
 *fill*         0x08003d02        0x2 
 .text.UART_SetConfig
                0x08003d04      0x230 cmake/stm32cubemx/CMakeFiles/STM32_Drivers.dir/__/__/Drivers/STM32G4xx_HAL_Driver/Src/stm32g4xx_hal_uart.c.obj
                0x08003d04                UART_SetConfig
 .text.UART_AdvFeatureConfig
                0x08003f34       0xa8 cmake/stm32cubemx/CMakeFiles/STM32_Drivers.dir/__/__/Drivers/STM32G4xx_HAL_Driver/Src/stm32g4xx_hal_uart.c.obj
                0x08003f34                UART_AdvFeatureConfig
 .text.UART_WaitOnFlagUntilTimeout
                0x08003fdc       0x90 cmake/stm32cubemx/CMakeFiles/STM32_Drivers.dir/__/__/Drivers/STM32G4xx_HAL_Driver/Src/stm32g4xx_hal_uart.c.obj
                0x08003fdc                UART_WaitOnFlagUntilTimeout
 .text.UART_CheckIdleState
                0x0800406c       0xb6 cmake/stm32cubemx/CMakeFiles/STM32_Drivers.dir/__/__/Drivers/STM32G4xx_HAL_Driver/Src/stm32g4xx_hal_uart.c.obj
                0x0800406c                UART_CheckIdleState
 .text.HAL_UART_Init
                0x08004122       0x60 cmake/stm32cubemx/CMakeFiles/STM32_Drivers.dir/__/__/Drivers/STM32G4xx_HAL_Driver/Src/stm32g4xx_hal_uart.c.obj
                0x08004122                HAL_UART_Init
 *fill*         0x08004182        0x2 
 .text.UART_Start_Receive_DMA
                0x08004184       0xa0 cmake/stm32cubemx/CMakeFiles/STM32_Drivers.dir/__/__/Drivers/STM32G4xx_HAL_Driver/Src/stm32g4xx_hal_uart.c.obj
                0x08004184                UART_Start_Receive_DMA
 .text.UARTEx_SetNbDataToProcess
                0x08004224       0x44 cmake/stm32cubemx/CMakeFiles/STM32_Drivers.dir/__/__/Drivers/STM32G4xx_HAL_Driver/Src/stm32g4xx_hal_uart_ex.c.obj
 .text.HAL_UARTEx_WakeupCallback
                0x08004268        0x2 cmake/stm32cubemx/CMakeFiles/STM32_Drivers.dir/__/__/Drivers/STM32G4xx_HAL_Driver/Src/stm32g4xx_hal_uart_ex.c.obj
                0x08004268                HAL_UARTEx_WakeupCallback
 .text.HAL_UARTEx_RxFifoFullCallback
                0x0800426a        0x2 cmake/stm32cubemx/CMakeFiles/STM32_Drivers.dir/__/__/Drivers/STM32G4xx_HAL_Driver/Src/stm32g4xx_hal_uart_ex.c.obj
                0x0800426a                HAL_UARTEx_RxFifoFullCallback
 .text.HAL_UARTEx_TxFifoEmptyCallback
                0x0800426c        0x2 cmake/stm32cubemx/CMakeFiles/STM32_Drivers.dir/__/__/Drivers/STM32G4xx_HAL_Driver/Src/stm32g4xx_hal_uart_ex.c.obj
                0x0800426c                HAL_UARTEx_TxFifoEmptyCallback
 .text.HAL_UARTEx_DisableFifoMode
                0x0800426e       0x36 cmake/stm32cubemx/CMakeFiles/STM32_Drivers.dir/__/__/Drivers/STM32G4xx_HAL_Driver/Src/stm32g4xx_hal_uart_ex.c.obj
                0x0800426e                HAL_UARTEx_DisableFifoMode
 .text.HAL_UARTEx_SetTxFifoThreshold
                0x080042a4       0x40 cmake/stm32cubemx/CMakeFiles/STM32_Drivers.dir/__/__/Drivers/STM32G4xx_HAL_Driver/Src/stm32g4xx_hal_uart_ex.c.obj
                0x080042a4                HAL_UARTEx_SetTxFifoThreshold
 .text.HAL_UARTEx_SetRxFifoThreshold
                0x080042e4       0x40 cmake/stm32cubemx/CMakeFiles/STM32_Drivers.dir/__/__/Drivers/STM32G4xx_HAL_Driver/Src/stm32g4xx_hal_uart_ex.c.obj
                0x080042e4                HAL_UARTEx_SetRxFifoThreshold
 .text.HAL_UARTEx_ReceiveToIdle_DMA
                0x08004324       0x4a cmake/stm32cubemx/CMakeFiles/STM32_Drivers.dir/__/__/Drivers/STM32G4xx_HAL_Driver/Src/stm32g4xx_hal_uart_ex.c.obj
                0x08004324                HAL_UARTEx_ReceiveToIdle_DMA
 *fill*         0x0800436e        0x2 
 .text.BSP_LED_Init
                0x08004370       0x48 cmake/stm32cubemx/CMakeFiles/STM32_Drivers.dir/__/__/Drivers/BSP/STM32G4xx_Nucleo/stm32g4xx_nucleo.c.obj
                0x08004370                BSP_LED_Init
 .text.BSP_LED_On
                0x080043b8       0x12 cmake/stm32cubemx/CMakeFiles/STM32_Drivers.dir/__/__/Drivers/BSP/STM32G4xx_Nucleo/stm32g4xx_nucleo.c.obj
                0x080043b8                BSP_LED_On
 .text.BSP_LED_Toggle
                0x080043ca       0x10 cmake/stm32cubemx/CMakeFiles/STM32_Drivers.dir/__/__/Drivers/BSP/STM32G4xx_Nucleo/stm32g4xx_nucleo.c.obj
                0x080043ca                BSP_LED_Toggle
 *fill*         0x080043da        0x2 
 .text.BSP_PB_Init
                0x080043dc       0x84 cmake/stm32cubemx/CMakeFiles/STM32_Drivers.dir/__/__/Drivers/BSP/STM32G4xx_Nucleo/stm32g4xx_nucleo.c.obj
                0x080043dc                BSP_PB_Init
 .text.BSP_PB_IRQHandler
                0x08004460       0x10 cmake/stm32cubemx/CMakeFiles/STM32_Drivers.dir/__/__/Drivers/BSP/STM32G4xx_Nucleo/stm32g4xx_nucleo.c.obj
                0x08004460                BSP_PB_IRQHandler
 .text.BUTTON_USER_EXTI_Callback
                0x08004470        0xa cmake/stm32cubemx/CMakeFiles/STM32_Drivers.dir/__/__/Drivers/BSP/STM32G4xx_Nucleo/stm32g4xx_nucleo.c.obj
 .text.vListInitialise
                0x0800447a       0x16 cmake/stm32cubemx/CMakeFiles/FreeRTOS.dir/__/__/Middlewares/Third_Party/FreeRTOS/Source/list.c.obj
                0x0800447a                vListInitialise
 .text.vListInitialiseItem
                0x08004490        0x6 cmake/stm32cubemx/CMakeFiles/FreeRTOS.dir/__/__/Middlewares/Third_Party/FreeRTOS/Source/list.c.obj
                0x08004490                vListInitialiseItem
 .text.vListInsertEnd
                0x08004496       0x16 cmake/stm32cubemx/CMakeFiles/FreeRTOS.dir/__/__/Middlewares/Third_Party/FreeRTOS/Source/list.c.obj
                0x08004496                vListInsertEnd
 .text.vListInsert
                0x080044ac       0x2e cmake/stm32cubemx/CMakeFiles/FreeRTOS.dir/__/__/Middlewares/Third_Party/FreeRTOS/Source/list.c.obj
                0x080044ac                vListInsert
 .text.uxListRemove
                0x080044da       0x20 cmake/stm32cubemx/CMakeFiles/FreeRTOS.dir/__/__/Middlewares/Third_Party/FreeRTOS/Source/list.c.obj
                0x080044da                uxListRemove
 .text.prvIsQueueEmpty
                0x080044fa       0x16 cmake/stm32cubemx/CMakeFiles/FreeRTOS.dir/__/__/Middlewares/Third_Party/FreeRTOS/Source/queue.c.obj
 .text.prvCopyDataToQueue
                0x08004510       0x66 cmake/stm32cubemx/CMakeFiles/FreeRTOS.dir/__/__/Middlewares/Third_Party/FreeRTOS/Source/queue.c.obj
 .text.prvCopyDataFromQueue
                0x08004576       0x2c cmake/stm32cubemx/CMakeFiles/FreeRTOS.dir/__/__/Middlewares/Third_Party/FreeRTOS/Source/queue.c.obj
 .text.prvUnlockQueue
                0x080045a2       0x6c cmake/stm32cubemx/CMakeFiles/FreeRTOS.dir/__/__/Middlewares/Third_Party/FreeRTOS/Source/queue.c.obj
 .text.xQueueGenericReset
                0x0800460e       0x7e cmake/stm32cubemx/CMakeFiles/FreeRTOS.dir/__/__/Middlewares/Third_Party/FreeRTOS/Source/queue.c.obj
                0x0800460e                xQueueGenericReset
 .text.xQueueGenericCreateStatic
                0x0800468c       0x9c cmake/stm32cubemx/CMakeFiles/FreeRTOS.dir/__/__/Middlewares/Third_Party/FreeRTOS/Source/queue.c.obj
                0x0800468c                xQueueGenericCreateStatic
 .text.xQueueGenericSend
                0x08004728      0x164 cmake/stm32cubemx/CMakeFiles/FreeRTOS.dir/__/__/Middlewares/Third_Party/FreeRTOS/Source/queue.c.obj
                0x08004728                xQueueGenericSend
 .text.xQueueGenericSendFromISR
                0x0800488c       0xba cmake/stm32cubemx/CMakeFiles/FreeRTOS.dir/__/__/Middlewares/Third_Party/FreeRTOS/Source/queue.c.obj
                0x0800488c                xQueueGenericSendFromISR
 .text.xQueueReceive
                0x08004946      0x13c cmake/stm32cubemx/CMakeFiles/FreeRTOS.dir/__/__/Middlewares/Third_Party/FreeRTOS/Source/queue.c.obj
                0x08004946                xQueueReceive
 *fill*         0x08004a82        0x2 
 .text.vQueueAddToRegistry
                0x08004a84       0x24 cmake/stm32cubemx/CMakeFiles/FreeRTOS.dir/__/__/Middlewares/Third_Party/FreeRTOS/Source/queue.c.obj
                0x08004a84                vQueueAddToRegistry
 .text.vQueueWaitForMessageRestricted
                0x08004aa8       0x46 cmake/stm32cubemx/CMakeFiles/FreeRTOS.dir/__/__/Middlewares/Third_Party/FreeRTOS/Source/queue.c.obj
                0x08004aa8                vQueueWaitForMessageRestricted
 *fill*         0x08004aee        0x2 
 .text.prvAddNewTaskToReadyList
                0x08004af0      0x100 cmake/stm32cubemx/CMakeFiles/FreeRTOS.dir/__/__/Middlewares/Third_Party/FreeRTOS/Source/tasks.c.obj
 .text.prvAddCurrentTaskToDelayedList
                0x08004bf0       0x70 cmake/stm32cubemx/CMakeFiles/FreeRTOS.dir/__/__/Middlewares/Third_Party/FreeRTOS/Source/tasks.c.obj
 .text.prvResetNextTaskUnblockTime
                0x08004c60       0x24 cmake/stm32cubemx/CMakeFiles/FreeRTOS.dir/__/__/Middlewares/Third_Party/FreeRTOS/Source/tasks.c.obj
 .text.prvDeleteTCB
                0x08004c84       0x36 cmake/stm32cubemx/CMakeFiles/FreeRTOS.dir/__/__/Middlewares/Third_Party/FreeRTOS/Source/tasks.c.obj
 *fill*         0x08004cba        0x2 
 .text.prvIdleTask
                0x08004cbc       0x64 cmake/stm32cubemx/CMakeFiles/FreeRTOS.dir/__/__/Middlewares/Third_Party/FreeRTOS/Source/tasks.c.obj
 .text.prvInitialiseNewTask.constprop.0
                0x08004d20       0x96 cmake/stm32cubemx/CMakeFiles/FreeRTOS.dir/__/__/Middlewares/Third_Party/FreeRTOS/Source/tasks.c.obj
 .text.xTaskCreateStatic
                0x08004db6       0x70 cmake/stm32cubemx/CMakeFiles/FreeRTOS.dir/__/__/Middlewares/Third_Party/FreeRTOS/Source/tasks.c.obj
                0x08004db6                xTaskCreateStatic
 .text.xTaskCreate
                0x08004e26       0x5c cmake/stm32cubemx/CMakeFiles/FreeRTOS.dir/__/__/Middlewares/Third_Party/FreeRTOS/Source/tasks.c.obj
                0x08004e26                xTaskCreate
 *fill*         0x08004e82        0x2 
 .text.vTaskStartScheduler
                0x08004e84       0x8c cmake/stm32cubemx/CMakeFiles/FreeRTOS.dir/__/__/Middlewares/Third_Party/FreeRTOS/Source/tasks.c.obj
                0x08004e84                vTaskStartScheduler
 .text.vTaskSuspendAll
                0x08004f10       0x10 cmake/stm32cubemx/CMakeFiles/FreeRTOS.dir/__/__/Middlewares/Third_Party/FreeRTOS/Source/tasks.c.obj
                0x08004f10                vTaskSuspendAll
 .text.xTaskGetTickCount
                0x08004f20        0xc cmake/stm32cubemx/CMakeFiles/FreeRTOS.dir/__/__/Middlewares/Third_Party/FreeRTOS/Source/tasks.c.obj
                0x08004f20                xTaskGetTickCount
 .text.xTaskIncrementTick
                0x08004f2c      0x12c cmake/stm32cubemx/CMakeFiles/FreeRTOS.dir/__/__/Middlewares/Third_Party/FreeRTOS/Source/tasks.c.obj
                0x08004f2c                xTaskIncrementTick
 .text.xTaskResumeAll
                0x08005058       0xe8 cmake/stm32cubemx/CMakeFiles/FreeRTOS.dir/__/__/Middlewares/Third_Party/FreeRTOS/Source/tasks.c.obj
                0x08005058                xTaskResumeAll
 .text.vTaskDelay
                0x08005140       0x48 cmake/stm32cubemx/CMakeFiles/FreeRTOS.dir/__/__/Middlewares/Third_Party/FreeRTOS/Source/tasks.c.obj
                0x08005140                vTaskDelay
 .text.vTaskSwitchContext
                0x08005188       0xa4 cmake/stm32cubemx/CMakeFiles/FreeRTOS.dir/__/__/Middlewares/Third_Party/FreeRTOS/Source/tasks.c.obj
                0x08005188                vTaskSwitchContext
 .text.vTaskPlaceOnEventList
                0x0800522c       0x34 cmake/stm32cubemx/CMakeFiles/FreeRTOS.dir/__/__/Middlewares/Third_Party/FreeRTOS/Source/tasks.c.obj
                0x0800522c                vTaskPlaceOnEventList
 .text.vTaskPlaceOnEventListRestricted
                0x08005260       0x3c cmake/stm32cubemx/CMakeFiles/FreeRTOS.dir/__/__/Middlewares/Third_Party/FreeRTOS/Source/tasks.c.obj
                0x08005260                vTaskPlaceOnEventListRestricted
 .text.xTaskRemoveFromEventList
                0x0800529c       0x80 cmake/stm32cubemx/CMakeFiles/FreeRTOS.dir/__/__/Middlewares/Third_Party/FreeRTOS/Source/tasks.c.obj
                0x0800529c                xTaskRemoveFromEventList
 .text.vTaskInternalSetTimeOutState
                0x0800531c       0x18 cmake/stm32cubemx/CMakeFiles/FreeRTOS.dir/__/__/Middlewares/Third_Party/FreeRTOS/Source/tasks.c.obj
                0x0800531c                vTaskInternalSetTimeOutState
 .text.xTaskCheckForTimeOut
                0x08005334       0x78 cmake/stm32cubemx/CMakeFiles/FreeRTOS.dir/__/__/Middlewares/Third_Party/FreeRTOS/Source/tasks.c.obj
                0x08005334                xTaskCheckForTimeOut
 .text.vTaskMissedYield
                0x080053ac        0xc cmake/stm32cubemx/CMakeFiles/FreeRTOS.dir/__/__/Middlewares/Third_Party/FreeRTOS/Source/tasks.c.obj
                0x080053ac                vTaskMissedYield
 .text.xTaskGetSchedulerState
                0x080053b8       0x20 cmake/stm32cubemx/CMakeFiles/FreeRTOS.dir/__/__/Middlewares/Third_Party/FreeRTOS/Source/tasks.c.obj
                0x080053b8                xTaskGetSchedulerState
 .text.xTaskPriorityDisinherit
                0x080053d8       0x84 cmake/stm32cubemx/CMakeFiles/FreeRTOS.dir/__/__/Middlewares/Third_Party/FreeRTOS/Source/tasks.c.obj
                0x080053d8                xTaskPriorityDisinherit
 .text.xTaskNotifyWait
                0x0800545c       0x8c cmake/stm32cubemx/CMakeFiles/FreeRTOS.dir/__/__/Middlewares/Third_Party/FreeRTOS/Source/tasks.c.obj
                0x0800545c                xTaskNotifyWait
 .text.xTaskGenericNotifyFromISR
                0x080054e8      0x114 cmake/stm32cubemx/CMakeFiles/FreeRTOS.dir/__/__/Middlewares/Third_Party/FreeRTOS/Source/tasks.c.obj
                0x080054e8                xTaskGenericNotifyFromISR
 .text.prvInsertTimerInActiveList
                0x080055fc       0x3c cmake/stm32cubemx/CMakeFiles/FreeRTOS.dir/__/__/Middlewares/Third_Party/FreeRTOS/Source/timers.c.obj
 .text.prvCheckForValidListAndQueue
                0x08005638       0x68 cmake/stm32cubemx/CMakeFiles/FreeRTOS.dir/__/__/Middlewares/Third_Party/FreeRTOS/Source/timers.c.obj
 .text.xTimerCreateTimerTask
                0x080056a0       0x64 cmake/stm32cubemx/CMakeFiles/FreeRTOS.dir/__/__/Middlewares/Third_Party/FreeRTOS/Source/timers.c.obj
                0x080056a0                xTimerCreateTimerTask
 .text.xTimerGenericCommand
                0x08005704       0x58 cmake/stm32cubemx/CMakeFiles/FreeRTOS.dir/__/__/Middlewares/Third_Party/FreeRTOS/Source/timers.c.obj
                0x08005704                xTimerGenericCommand
 .text.prvSampleTimeNow
                0x0800575c       0xa4 cmake/stm32cubemx/CMakeFiles/FreeRTOS.dir/__/__/Middlewares/Third_Party/FreeRTOS/Source/timers.c.obj
 .text.prvTimerTask
                0x08005800      0x1cc cmake/stm32cubemx/CMakeFiles/FreeRTOS.dir/__/__/Middlewares/Third_Party/FreeRTOS/Source/timers.c.obj
 .text.SysTick_Handler
                0x080059cc       0x1a cmake/stm32cubemx/CMakeFiles/FreeRTOS.dir/__/__/Middlewares/Third_Party/FreeRTOS/Source/CMSIS_RTOS_V2/cmsis_os2.c.obj
                0x080059cc                SysTick_Handler
 *fill*         0x080059e6        0x2 
 .text.osKernelInitialize
                0x080059e8       0x24 cmake/stm32cubemx/CMakeFiles/FreeRTOS.dir/__/__/Middlewares/Third_Party/FreeRTOS/Source/CMSIS_RTOS_V2/cmsis_os2.c.obj
                0x080059e8                osKernelInitialize
 .text.osKernelStart
                0x08005a0c       0x34 cmake/stm32cubemx/CMakeFiles/FreeRTOS.dir/__/__/Middlewares/Third_Party/FreeRTOS/Source/CMSIS_RTOS_V2/cmsis_os2.c.obj
                0x08005a0c                osKernelStart
 .text.osThreadNew
                0x08005a40       0x8e cmake/stm32cubemx/CMakeFiles/FreeRTOS.dir/__/__/Middlewares/Third_Party/FreeRTOS/Source/CMSIS_RTOS_V2/cmsis_os2.c.obj
                0x08005a40                osThreadNew
 .text.osDelay  0x08005ace       0x18 cmake/stm32cubemx/CMakeFiles/FreeRTOS.dir/__/__/Middlewares/Third_Party/FreeRTOS/Source/CMSIS_RTOS_V2/cmsis_os2.c.obj
                0x08005ace                osDelay
 *fill*         0x08005ae6        0x2 
 .text.vApplicationGetIdleTaskMemory
                0x08005ae8       0x18 cmake/stm32cubemx/CMakeFiles/FreeRTOS.dir/__/__/Middlewares/Third_Party/FreeRTOS/Source/CMSIS_RTOS_V2/cmsis_os2.c.obj
                0x08005ae8                vApplicationGetIdleTaskMemory
 .text.vApplicationGetTimerTaskMemory
                0x08005b00       0x18 cmake/stm32cubemx/CMakeFiles/FreeRTOS.dir/__/__/Middlewares/Third_Party/FreeRTOS/Source/CMSIS_RTOS_V2/cmsis_os2.c.obj
                0x08005b00                vApplicationGetTimerTaskMemory
 .text.pvPortMalloc
                0x08005b18       0x50 cmake/stm32cubemx/CMakeFiles/FreeRTOS.dir/__/__/Middlewares/Third_Party/FreeRTOS/Source/portable/MemMang/heap_1.c.obj
                0x08005b18                pvPortMalloc
 .text.vPortFree
                0x08005b68       0x16 cmake/stm32cubemx/CMakeFiles/FreeRTOS.dir/__/__/Middlewares/Third_Party/FreeRTOS/Source/portable/MemMang/heap_1.c.obj
                0x08005b68                vPortFree
 *fill*         0x08005b7e        0x2 
 .text.prvPortStartFirstTask
                0x08005b80       0x28 cmake/stm32cubemx/CMakeFiles/FreeRTOS.dir/__/__/Middlewares/Third_Party/FreeRTOS/Source/portable/GCC/ARM_CM4F/port.c.obj
 .text.vPortEnableVFP
                0x08005ba8       0x14 cmake/stm32cubemx/CMakeFiles/FreeRTOS.dir/__/__/Middlewares/Third_Party/FreeRTOS/Source/portable/GCC/ARM_CM4F/port.c.obj
 .text.prvTaskExitError
                0x08005bbc       0x40 cmake/stm32cubemx/CMakeFiles/FreeRTOS.dir/__/__/Middlewares/Third_Party/FreeRTOS/Source/portable/GCC/ARM_CM4F/port.c.obj
 .text.pxPortInitialiseStack
                0x08005bfc       0x2c cmake/stm32cubemx/CMakeFiles/FreeRTOS.dir/__/__/Middlewares/Third_Party/FreeRTOS/Source/portable/GCC/ARM_CM4F/port.c.obj
                0x08005bfc                pxPortInitialiseStack
 *fill*         0x08005c28        0x8 
 .text.SVC_Handler
                0x08005c30       0x24 cmake/stm32cubemx/CMakeFiles/FreeRTOS.dir/__/__/Middlewares/Third_Party/FreeRTOS/Source/portable/GCC/ARM_CM4F/port.c.obj
                0x08005c30                SVC_Handler
 .text.vPortEnterCritical
                0x08005c54       0x40 cmake/stm32cubemx/CMakeFiles/FreeRTOS.dir/__/__/Middlewares/Third_Party/FreeRTOS/Source/portable/GCC/ARM_CM4F/port.c.obj
                0x08005c54                vPortEnterCritical
 .text.vPortExitCritical
                0x08005c94       0x28 cmake/stm32cubemx/CMakeFiles/FreeRTOS.dir/__/__/Middlewares/Third_Party/FreeRTOS/Source/portable/GCC/ARM_CM4F/port.c.obj
                0x08005c94                vPortExitCritical
 *fill*         0x08005cbc        0x4 
 .text.PendSV_Handler
                0x08005cc0       0x64 cmake/stm32cubemx/CMakeFiles/FreeRTOS.dir/__/__/Middlewares/Third_Party/FreeRTOS/Source/portable/GCC/ARM_CM4F/port.c.obj
                0x08005cc0                PendSV_Handler
 .text.xPortSysTickHandler
                0x08005d24       0x2c cmake/stm32cubemx/CMakeFiles/FreeRTOS.dir/__/__/Middlewares/Third_Party/FreeRTOS/Source/portable/GCC/ARM_CM4F/port.c.obj
                0x08005d24                xPortSysTickHandler
 .text.vPortSetupTimerInterrupt
                0x08005d50       0x24 cmake/stm32cubemx/CMakeFiles/FreeRTOS.dir/__/__/Middlewares/Third_Party/FreeRTOS/Source/portable/GCC/ARM_CM4F/port.c.obj
                0x08005d50                vPortSetupTimerInterrupt
 .text.xPortStartScheduler
                0x08005d74      0x104 cmake/stm32cubemx/CMakeFiles/FreeRTOS.dir/__/__/Middlewares/Third_Party/FreeRTOS/Source/portable/GCC/ARM_CM4F/port.c.obj
                0x08005d74                xPortStartScheduler
 .text.vPortValidateInterruptPriority
                0x08005e78       0x5c cmake/stm32cubemx/CMakeFiles/FreeRTOS.dir/__/__/Middlewares/Third_Party/FreeRTOS/Source/portable/GCC/ARM_CM4F/port.c.obj
                0x08005e78                vPortValidateInterruptPriority
 .text.SystemClock_Config
                0x08005ed4       0x6a CMakeFiles/serial-frtos.dir/Core/Src/main.c.obj
                0x08005ed4                SystemClock_Config
 *fill*         0x08005f3e        0x2 
 .text.startup.main
                0x08005f40       0x84 CMakeFiles/serial-frtos.dir/Core/Src/main.c.obj
                0x08005f40                main
 .text.HAL_I2C_MasterRxCpltCallback
                0x08005fc4       0xac CMakeFiles/serial-frtos.dir/Core/Src/main.c.obj
                0x08005fc4                HAL_I2C_MasterRxCpltCallback
 .text.HAL_I2C_MasterTxCpltCallback
                0x08006070       0x1c CMakeFiles/serial-frtos.dir/Core/Src/main.c.obj
                0x08006070                HAL_I2C_MasterTxCpltCallback
 .text.HAL_UARTEx_RxEventCallback
                0x0800608c       0x50 CMakeFiles/serial-frtos.dir/Core/Src/main.c.obj
                0x0800608c                HAL_UARTEx_RxEventCallback
 .text.HAL_TIM_PeriodElapsedCallback
                0x080060dc       0x68 CMakeFiles/serial-frtos.dir/Core/Src/main.c.obj
                0x080060dc                HAL_TIM_PeriodElapsedCallback
 .text.BSP_PB_Callback
                0x08006144       0x10 CMakeFiles/serial-frtos.dir/Core/Src/main.c.obj
                0x08006144                BSP_PB_Callback
 .text.Error_Handler
                0x08006154        0x4 CMakeFiles/serial-frtos.dir/Core/Src/main.c.obj
                0x08006154                Error_Handler
 .text.MX_GPIO_Init
                0x08006158       0xdc CMakeFiles/serial-frtos.dir/Core/Src/gpio.c.obj
                0x08006158                MX_GPIO_Init
 .text.vApplicationIdleHook
                0x08006234        0x2 CMakeFiles/serial-frtos.dir/Core/Src/app_freertos.c.obj
                0x08006234                vApplicationIdleHook
 .text.vApplicationStackOverflowHook
                0x08006236        0x2 CMakeFiles/serial-frtos.dir/Core/Src/app_freertos.c.obj
                0x08006236                vApplicationStackOverflowHook
 .text.MX_FREERTOS_Init
                0x08006238       0x54 CMakeFiles/serial-frtos.dir/Core/Src/app_freertos.c.obj
                0x08006238                MX_FREERTOS_Init
 .text.cobs_encode
                0x0800628c       0x4c CMakeFiles/serial-frtos.dir/Core/Src/app_freertos.c.obj
                0x0800628c                cobs_encode
 .text.cobs_decode
                0x080062d8       0x52 CMakeFiles/serial-frtos.dir/Core/Src/app_freertos.c.obj
                0x080062d8                cobs_decode
 *fill*         0x0800632a        0x2 
 .text.parse_imu_data
                0x0800632c      0x13c CMakeFiles/serial-frtos.dir/Core/Src/app_freertos.c.obj
                0x0800632c                parse_imu_data
 .text.parse_mag_data
                0x08006468       0xa0 CMakeFiles/serial-frtos.dir/Core/Src/app_freertos.c.obj
                0x08006468                parse_mag_data
 .text.StartMadgwickTask
                0x08006508      0x138 CMakeFiles/serial-frtos.dir/Core/Src/app_freertos.c.obj
                0x08006508                StartMadgwickTask
 .text.Motor_A_Fwd
                0x08006640       0x2c CMakeFiles/serial-frtos.dir/Core/Src/app_freertos.c.obj
                0x08006640                Motor_A_Fwd
 .text.Motor_A_Back
                0x0800666c       0x2c CMakeFiles/serial-frtos.dir/Core/Src/app_freertos.c.obj
                0x0800666c                Motor_A_Back
 .text.Motor_A_Stop
                0x08006698       0x2c CMakeFiles/serial-frtos.dir/Core/Src/app_freertos.c.obj
                0x08006698                Motor_A_Stop
 .text.Motor_B_Fwd
                0x080066c4       0x30 CMakeFiles/serial-frtos.dir/Core/Src/app_freertos.c.obj
                0x080066c4                Motor_B_Fwd
 .text.Motor_B_Back
                0x080066f4       0x30 CMakeFiles/serial-frtos.dir/Core/Src/app_freertos.c.obj
                0x080066f4                Motor_B_Back
 .text.Motor_B_Stop
                0x08006724       0x2c CMakeFiles/serial-frtos.dir/Core/Src/app_freertos.c.obj
                0x08006724                Motor_B_Stop
 .text.Motors_Fwd
                0x08006750       0x12 CMakeFiles/serial-frtos.dir/Core/Src/app_freertos.c.obj
                0x08006750                Motors_Fwd
 .text.Motors_Stop
                0x08006762        0xe CMakeFiles/serial-frtos.dir/Core/Src/app_freertos.c.obj
                0x08006762                Motors_Stop
 .text.StartDefaultTask
                0x08006770      0x118 CMakeFiles/serial-frtos.dir/Core/Src/app_freertos.c.obj
                0x08006770                StartDefaultTask
 .text.StartMotorCtrlTask
                0x08006888       0xe4 CMakeFiles/serial-frtos.dir/Core/Src/app_freertos.c.obj
                0x08006888                StartMotorCtrlTask
 .text.MX_CORDIC_Init
                0x0800696c       0x44 CMakeFiles/serial-frtos.dir/Core/Src/cordic.c.obj
                0x0800696c                MX_CORDIC_Init
 .text.HAL_CORDIC_MspInit
                0x080069b0       0x2c CMakeFiles/serial-frtos.dir/Core/Src/cordic.c.obj
                0x080069b0                HAL_CORDIC_MspInit
 .text.MX_CRC_Init
                0x080069dc       0x38 CMakeFiles/serial-frtos.dir/Core/Src/crc.c.obj
                0x080069dc                MX_CRC_Init
 .text.HAL_CRC_MspInit
                0x08006a14       0x28 CMakeFiles/serial-frtos.dir/Core/Src/crc.c.obj
                0x08006a14                HAL_CRC_MspInit
 .text.MX_DMA_Init
                0x08006a3c       0x74 CMakeFiles/serial-frtos.dir/Core/Src/dma.c.obj
                0x08006a3c                MX_DMA_Init
 .text.MX_I2C1_Init
                0x08006ab0       0x58 CMakeFiles/serial-frtos.dir/Core/Src/i2c.c.obj
                0x08006ab0                MX_I2C1_Init
 .text.HAL_I2C_MspInit
                0x08006b08      0x120 CMakeFiles/serial-frtos.dir/Core/Src/i2c.c.obj
                0x08006b08                HAL_I2C_MspInit
 .text.MX_TIM3_Init
                0x08006c28       0x70 CMakeFiles/serial-frtos.dir/Core/Src/tim.c.obj
                0x08006c28                MX_TIM3_Init
 .text.HAL_TIM_Base_MspInit
                0x08006c98       0x60 CMakeFiles/serial-frtos.dir/Core/Src/tim.c.obj
                0x08006c98                HAL_TIM_Base_MspInit
 .text.HAL_TIM_MspPostInit
                0x08006cf8       0x50 CMakeFiles/serial-frtos.dir/Core/Src/tim.c.obj
                0x08006cf8                HAL_TIM_MspPostInit
 .text.MX_TIM1_Init
                0x08006d48       0xfc CMakeFiles/serial-frtos.dir/Core/Src/tim.c.obj
                0x08006d48                MX_TIM1_Init
 .text.MX_USART2_UART_Init
                0x08006e44       0x68 CMakeFiles/serial-frtos.dir/Core/Src/usart.c.obj
                0x08006e44                MX_USART2_UART_Init
 .text.HAL_UART_MspInit
                0x08006eac      0x104 CMakeFiles/serial-frtos.dir/Core/Src/usart.c.obj
                0x08006eac                HAL_UART_MspInit
 .text.NMI_Handler
                0x08006fb0        0x2 CMakeFiles/serial-frtos.dir/Core/Src/stm32g4xx_it.c.obj
                0x08006fb0                NMI_Handler
 .text.HardFault_Handler
                0x08006fb2        0x2 CMakeFiles/serial-frtos.dir/Core/Src/stm32g4xx_it.c.obj
                0x08006fb2                HardFault_Handler
 .text.MemManage_Handler
                0x08006fb4        0x2 CMakeFiles/serial-frtos.dir/Core/Src/stm32g4xx_it.c.obj
                0x08006fb4                MemManage_Handler
 .text.BusFault_Handler
                0x08006fb6        0x2 CMakeFiles/serial-frtos.dir/Core/Src/stm32g4xx_it.c.obj
                0x08006fb6                BusFault_Handler
 .text.UsageFault_Handler
                0x08006fb8        0x2 CMakeFiles/serial-frtos.dir/Core/Src/stm32g4xx_it.c.obj
                0x08006fb8                UsageFault_Handler
 .text.DebugMon_Handler
                0x08006fba        0x2 CMakeFiles/serial-frtos.dir/Core/Src/stm32g4xx_it.c.obj
                0x08006fba                DebugMon_Handler
 .text.DMA1_Channel1_IRQHandler
                0x08006fbc        0xc CMakeFiles/serial-frtos.dir/Core/Src/stm32g4xx_it.c.obj
                0x08006fbc                DMA1_Channel1_IRQHandler
 .text.DMA1_Channel2_IRQHandler
                0x08006fc8        0xc CMakeFiles/serial-frtos.dir/Core/Src/stm32g4xx_it.c.obj
                0x08006fc8                DMA1_Channel2_IRQHandler
 .text.DMA1_Channel3_IRQHandler
                0x08006fd4        0xc CMakeFiles/serial-frtos.dir/Core/Src/stm32g4xx_it.c.obj
                0x08006fd4                DMA1_Channel3_IRQHandler
 .text.DMA1_Channel4_IRQHandler
                0x08006fe0        0xc CMakeFiles/serial-frtos.dir/Core/Src/stm32g4xx_it.c.obj
                0x08006fe0                DMA1_Channel4_IRQHandler
 .text.TIM3_IRQHandler
                0x08006fec        0xc CMakeFiles/serial-frtos.dir/Core/Src/stm32g4xx_it.c.obj
                0x08006fec                TIM3_IRQHandler
 .text.I2C1_EV_IRQHandler
                0x08006ff8        0xc CMakeFiles/serial-frtos.dir/Core/Src/stm32g4xx_it.c.obj
                0x08006ff8                I2C1_EV_IRQHandler
 .text.I2C1_ER_IRQHandler
                0x08007004        0xc CMakeFiles/serial-frtos.dir/Core/Src/stm32g4xx_it.c.obj
                0x08007004                I2C1_ER_IRQHandler
 .text.USART2_IRQHandler
                0x08007010       0x18 CMakeFiles/serial-frtos.dir/Core/Src/stm32g4xx_it.c.obj
                0x08007010                USART2_IRQHandler
 .text.EXTI15_10_IRQHandler
                0x08007028        0x6 CMakeFiles/serial-frtos.dir/Core/Src/stm32g4xx_it.c.obj
                0x08007028                EXTI15_10_IRQHandler
 *fill*         0x0800702e        0x2 
 .text.TIM6_DAC_IRQHandler
                0x08007030        0xc CMakeFiles/serial-frtos.dir/Core/Src/stm32g4xx_it.c.obj
                0x08007030                TIM6_DAC_IRQHandler
 .text.HAL_MspInit
                0x0800703c       0x44 CMakeFiles/serial-frtos.dir/Core/Src/stm32g4xx_hal_msp.c.obj
                0x0800703c                HAL_MspInit
 .text.HAL_InitTick
                0x08007080       0x8c CMakeFiles/serial-frtos.dir/Core/Src/stm32g4xx_hal_timebase_tim.c.obj
                0x08007080                HAL_InitTick
 .text.Reset_Handler
                0x0800710c       0x50 CMakeFiles/serial-frtos.dir/startup_stm32g431xx.s.obj
                0x0800710c                Reset_Handler
 .text.Default_Handler
                0x0800715c        0x2 CMakeFiles/serial-frtos.dir/startup_stm32g431xx.s.obj
                0x0800715c                RTC_Alarm_IRQHandler
                0x0800715c                EXTI2_IRQHandler
                0x0800715c                TIM8_TRG_COM_IRQHandler
                0x0800715c                TIM8_CC_IRQHandler
                0x0800715c                TIM1_CC_IRQHandler
                0x0800715c                USB_HP_IRQHandler
                0x0800715c                CORDIC_IRQHandler
                0x0800715c                EXTI3_IRQHandler
                0x0800715c                I2C3_ER_IRQHandler
                0x0800715c                EXTI0_IRQHandler
                0x0800715c                I2C2_EV_IRQHandler
                0x0800715c                FPU_IRQHandler
                0x0800715c                FDCAN1_IT1_IRQHandler
                0x0800715c                TIM1_UP_TIM16_IRQHandler
                0x0800715c                ADC1_2_IRQHandler
                0x0800715c                SPI1_IRQHandler
                0x0800715c                TIM8_UP_IRQHandler
                0x0800715c                DMA2_Channel2_IRQHandler
                0x0800715c                USART3_IRQHandler
                0x0800715c                TIM4_IRQHandler
                0x0800715c                DMA2_Channel1_IRQHandler
                0x0800715c                DMA1_Channel6_IRQHandler
                0x0800715c                UART4_IRQHandler
                0x0800715c                DMA2_Channel4_IRQHandler
                0x0800715c                RCC_IRQHandler
                0x0800715c                Default_Handler
                0x0800715c                RTC_TAMP_LSECSS_IRQHandler
                0x0800715c                FMAC_IRQHandler
                0x0800715c                TIM7_IRQHandler
                0x0800715c                UCPD1_IRQHandler
                0x0800715c                I2C3_EV_IRQHandler
                0x0800715c                EXTI9_5_IRQHandler
                0x0800715c                RTC_WKUP_IRQHandler
                0x0800715c                PVD_PVM_IRQHandler
                0x0800715c                SPI2_IRQHandler
                0x0800715c                DMA2_Channel5_IRQHandler
                0x0800715c                CRS_IRQHandler
                0x0800715c                DMA1_Channel5_IRQHandler
                0x0800715c                USB_LP_IRQHandler
                0x0800715c                EXTI4_IRQHandler
                0x0800715c                RNG_IRQHandler
                0x0800715c                TIM1_TRG_COM_TIM17_IRQHandler
                0x0800715c                WWDG_IRQHandler
                0x0800715c                LPUART1_IRQHandler
                0x0800715c                DMA2_Channel6_IRQHandler
                0x0800715c                FDCAN1_IT0_IRQHandler
                0x0800715c                TIM2_IRQHandler
                0x0800715c                COMP1_2_3_IRQHandler
                0x0800715c                EXTI1_IRQHandler
                0x0800715c                I2C2_ER_IRQHandler
                0x0800715c                TIM8_BRK_IRQHandler
                0x0800715c                FLASH_IRQHandler
                0x0800715c                USART1_IRQHandler
                0x0800715c                SPI3_IRQHandler
                0x0800715c                LPTIM1_IRQHandler
                0x0800715c                DMAMUX_OVR_IRQHandler
                0x0800715c                USBWakeUp_IRQHandler
                0x0800715c                SAI1_IRQHandler
                0x0800715c                DMA2_Channel3_IRQHandler
                0x0800715c                COMP4_IRQHandler
                0x0800715c                TIM1_BRK_TIM15_IRQHandler
 *fill*         0x0800715e        0x2 
 .text.MadgwickAHRSupdateIMU
                0x08007160      0x2e4 CMakeFiles/serial-frtos.dir/Core/Src/MadgwickAHRS.c.obj
                0x08007160                MadgwickAHRSupdateIMU
 .text.MadgwickAHRSupdate
                0x08007444      0x56c CMakeFiles/serial-frtos.dir/Core/Src/MadgwickAHRS.c.obj
                0x08007444                MadgwickAHRSupdate
 *(.glue_7)
 .glue_7        0x080079b0        0x0 linker stubs
 *(.glue_7t)
 .glue_7t       0x080079b0        0x0 linker stubs
 *(.eh_frame)
 .eh_frame      0x080079b0        0x0 /usr/lib/gcc/arm-none-eabi/13.2.1/thumb/v7e-m+fp/hard/crtbegin.o
 *(.init)
 .init          0x080079b0        0x4 /usr/lib/gcc/arm-none-eabi/13.2.1/thumb/v7e-m+fp/hard/crti.o
                0x080079b0                _init
 .init          0x080079b4        0x8 /usr/lib/gcc/arm-none-eabi/13.2.1/thumb/v7e-m+fp/hard/crtn.o
 *(.fini)
 .fini          0x080079bc        0x4 /usr/lib/gcc/arm-none-eabi/13.2.1/thumb/v7e-m+fp/hard/crti.o
                0x080079bc                _fini
 .fini          0x080079c0        0x8 /usr/lib/gcc/arm-none-eabi/13.2.1/thumb/v7e-m+fp/hard/crtn.o
                0x080079c8                        . = ALIGN (0x4)
                0x080079c8                        _etext = .

.vfp11_veneer   0x080079c8        0x0
 .vfp11_veneer  0x080079c8        0x0 linker stubs

.v4_bx          0x080079c8        0x0
 .v4_bx         0x080079c8        0x0 linker stubs

.iplt           0x080079c8        0x0
 .iplt          0x080079c8        0x0 /usr/lib/gcc/arm-none-eabi/13.2.1/thumb/v7e-m+fp/hard/crtbegin.o

.rodata         0x080079c8       0xe8
                0x080079c8                        . = ALIGN (0x4)
 *(.rodata)
 *(.rodata*)
 .rodata.APBPrescTable
                0x080079c8        0x8 cmake/stm32cubemx/CMakeFiles/STM32_Drivers.dir/__/__/Core/Src/system_stm32g4xx.c.obj
                0x080079c8                APBPrescTable
 .rodata.AHBPrescTable
                0x080079d0       0x10 cmake/stm32cubemx/CMakeFiles/STM32_Drivers.dir/__/__/Core/Src/system_stm32g4xx.c.obj
                0x080079d0                AHBPrescTable
 .rodata.UARTPrescTable
                0x080079e0       0x18 cmake/stm32cubemx/CMakeFiles/STM32_Drivers.dir/__/__/Drivers/STM32G4xx_HAL_Driver/Src/stm32g4xx_hal_uart.c.obj
                0x080079e0                UARTPrescTable
 .rodata.denominator.0
                0x080079f8        0x8 cmake/stm32cubemx/CMakeFiles/STM32_Drivers.dir/__/__/Drivers/STM32G4xx_HAL_Driver/Src/stm32g4xx_hal_uart_ex.c.obj
 .rodata.numerator.1
                0x08007a00        0x8 cmake/stm32cubemx/CMakeFiles/STM32_Drivers.dir/__/__/Drivers/STM32G4xx_HAL_Driver/Src/stm32g4xx_hal_uart_ex.c.obj
 .rodata.vTaskStartScheduler.str1.1
                0x08007a08       0x39 cmake/stm32cubemx/CMakeFiles/FreeRTOS.dir/__/__/Middlewares/Third_Party/FreeRTOS/Source/tasks.c.obj
                                  0x5 (size before relaxing)
 .rodata.prvCheckForValidListAndQueue.str1.1
                0x08007a41        0x5 cmake/stm32cubemx/CMakeFiles/FreeRTOS.dir/__/__/Middlewares/Third_Party/FreeRTOS/Source/timers.c.obj
 .rodata.xTimerCreateTimerTask.str1.1
                0x08007a41        0x8 cmake/stm32cubemx/CMakeFiles/FreeRTOS.dir/__/__/Middlewares/Third_Party/FreeRTOS/Source/timers.c.obj
 .rodata.str1.1
                0x08007a41       0x27 CMakeFiles/serial-frtos.dir/Core/Src/app_freertos.c.obj
 *fill*         0x08007a41        0x3 
 .rodata.motorCtrlTask_attributes
                0x08007a44       0x24 CMakeFiles/serial-frtos.dir/Core/Src/app_freertos.c.obj
                0x08007a44                motorCtrlTask_attributes
 .rodata.madgwickTask_attributes
                0x08007a68       0x24 CMakeFiles/serial-frtos.dir/Core/Src/app_freertos.c.obj
                0x08007a68                madgwickTask_attributes
 .rodata.defaultTask_attributes
                0x08007a8c       0x24 CMakeFiles/serial-frtos.dir/Core/Src/app_freertos.c.obj
                0x08007a8c                defaultTask_attributes
                0x08007ab0                        . = ALIGN (0x4)

.ARM.extab      0x08007ab0        0x0
                0x08007ab0                        . = ALIGN (0x4)
 *(.ARM.extab* .gnu.linkonce.armextab.*)
                0x08007ab0                        . = ALIGN (0x4)

.ARM            0x08007ab0        0x8
                0x08007ab0                        . = ALIGN (0x4)
                0x08007ab0                        __exidx_start = .
 *(.ARM.exidx*)
 .ARM.exidx     0x08007ab0        0x8 /usr/lib/gcc/arm-none-eabi/13.2.1/thumb/v7e-m+fp/hard/libgcc.a(_udivmoddi4.o)
 .ARM.exidx     0x08007ab8        0x0 /usr/lib/gcc/arm-none-eabi/13.2.1/../../../arm-none-eabi/lib/thumb/v7e-m+fp/hard/libg_nano.a(libc_a-memcpy.o)
                                  0x8 (size before relaxing)
                0x08007ab8                        __exidx_end = .
                0x08007ab8                        . = ALIGN (0x4)

.preinit_array  0x08007ab8        0x0
                0x08007ab8                        . = ALIGN (0x4)
                0x08007ab8                        PROVIDE (__preinit_array_start = .)
 *(.preinit_array*)
                0x08007ab8                        PROVIDE (__preinit_array_end = .)
                0x08007ab8                        . = ALIGN (0x4)

.init_array     0x08007ab8        0x4
                0x08007ab8                        . = ALIGN (0x4)
                0x08007ab8                        PROVIDE (__init_array_start = .)
 *(SORT_BY_NAME(.init_array.*))
 *(.init_array*)
 .init_array    0x08007ab8        0x4 /usr/lib/gcc/arm-none-eabi/13.2.1/thumb/v7e-m+fp/hard/crtbegin.o
                0x08007abc                        PROVIDE (__init_array_end = .)
                0x08007abc                        . = ALIGN (0x4)

.fini_array     0x08007abc        0x4
                0x08007abc                        . = ALIGN (0x4)
                0x08007abc                        PROVIDE (__fini_array_start = .)
 *(SORT_BY_NAME(.fini_array.*))
 *(.fini_array*)
 .fini_array    0x08007abc        0x4 /usr/lib/gcc/arm-none-eabi/13.2.1/thumb/v7e-m+fp/hard/crtbegin.o
                0x08007ac0                        PROVIDE (__fini_array_end = .)
                0x08007ac0                        . = ALIGN (0x4)
                0x08007ac0                        _sidata = LOADADDR (.data)

.rel.dyn        0x08007ac0        0x0
 .rel.iplt      0x08007ac0        0x0 /usr/lib/gcc/arm-none-eabi/13.2.1/thumb/v7e-m+fp/hard/crtbegin.o

.data           0x20000000       0x1c load address 0x08007ac0
                0x20000000                        . = ALIGN (0x4)
                0x20000000                        _sdata = .
 *(.data)
 *(.data*)
 .data.SystemCoreClock
                0x20000000        0x4 cmake/stm32cubemx/CMakeFiles/STM32_Drivers.dir/__/__/Core/Src/system_stm32g4xx.c.obj
                0x20000000                SystemCoreClock
 .data.uwTickFreq
                0x20000004        0x4 cmake/stm32cubemx/CMakeFiles/STM32_Drivers.dir/__/__/Drivers/STM32G4xx_HAL_Driver/Src/stm32g4xx_hal.c.obj
                0x20000004                uwTickFreq
 .data.uwTickPrio
                0x20000008        0x4 cmake/stm32cubemx/CMakeFiles/STM32_Drivers.dir/__/__/Drivers/STM32G4xx_HAL_Driver/Src/stm32g4xx_hal.c.obj
                0x20000008                uwTickPrio
 .data.uxCriticalNesting
                0x2000000c        0x4 cmake/stm32cubemx/CMakeFiles/FreeRTOS.dir/__/__/Middlewares/Third_Party/FreeRTOS/Source/portable/GCC/ARM_CM4F/port.c.obj
 .data.reg_addr.0
                0x20000010        0x1 CMakeFiles/serial-frtos.dir/Core/Src/main.c.obj
 .data.mag_addr_auto.2
                0x20000011        0x1 CMakeFiles/serial-frtos.dir/Core/Src/main.c.obj
 *fill*         0x20000012        0x2 
 .data.q0       0x20000014        0x4 CMakeFiles/serial-frtos.dir/Core/Src/MadgwickAHRS.c.obj
                0x20000014                q0
 .data.beta     0x20000018        0x4 CMakeFiles/serial-frtos.dir/Core/Src/MadgwickAHRS.c.obj
                0x20000018                beta
 *(.RamFunc)
 *(.RamFunc*)
                0x2000001c                        . = ALIGN (0x4)

.tm_clone_table
                0x2000001c        0x0 load address 0x08007adc
 .tm_clone_table
                0x2000001c        0x0 /usr/lib/gcc/arm-none-eabi/13.2.1/thumb/v7e-m+fp/hard/crtbegin.o
 .tm_clone_table
                0x2000001c        0x0 /usr/lib/gcc/arm-none-eabi/13.2.1/thumb/v7e-m+fp/hard/crtend.o

.igot.plt       0x2000001c        0x0 load address 0x08007adc
 .igot.plt      0x2000001c        0x0 /usr/lib/gcc/arm-none-eabi/13.2.1/thumb/v7e-m+fp/hard/crtbegin.o

.tdata          0x2000001c        0x0 load address 0x08007adc
 *(.tdata .tdata.* .gnu.linkonce.td.*)
                0x2000001c                        . = ALIGN (0x4)
                0x2000001c                        _edata = .
                [!provide]                        PROVIDE (__data_end = .)
                [!provide]                        PROVIDE (__tdata_end = .)
                [!provide]                        PROVIDE (__tdata_start = ADDR (.tdata))
                [!provide]                        PROVIDE (__tdata_size = (__tdata_end - __tdata_start))
                [!provide]                        PROVIDE (__data_start = ADDR (.data))
                [!provide]                        PROVIDE (__data_size = (__data_end - __data_start))
                [!provide]                        PROVIDE (__tdata_source = LOADADDR (.tdata))
                [!provide]                        PROVIDE (__tdata_source_end = (LOADADDR (.tdata) + SIZEOF (.tdata)))
                [!provide]                        PROVIDE (__tdata_source_size = (__tdata_source_end - __tdata_source))
                [!provide]                        PROVIDE (__data_source = LOADADDR (.data))
                [!provide]                        PROVIDE (__data_source_end = __tdata_source_end)
                [!provide]                        PROVIDE (__data_source_size = (__data_source_end - __data_source))

.tbss           0x2000001c        0x0 load address 0x08007adc
                0x2000001c                        _sbss = .
                0x2000001c                        __bss_start__ = _sbss
 *(.tbss .tbss.*)
                0x2000001c                        . = ALIGN (0x4)
                [!provide]                        PROVIDE (__tbss_end = .)
                [!provide]                        PROVIDE (__tbss_start = ADDR (.tbss))
                [!provide]                        PROVIDE (__tbss_size = (__tbss_end - __tbss_start))
                [!provide]                        PROVIDE (__tbss_offset = (ADDR (.tbss) - ADDR (.tdata)))
                [!provide]                        PROVIDE (__tls_base = __tdata_start)
                [!provide]                        PROVIDE (__tls_end = __tbss_end)
                [!provide]                        PROVIDE (__tls_size = (__tls_end - __tls_base))
                [!provide]                        PROVIDE (__tls_align = MAX (ALIGNOF (.tdata), ALIGNOF (.tbss)))
                [!provide]                        PROVIDE (__tls_size_align = (((__tls_size + __tls_align) - 0x1) & ~ ((__tls_align - 0x1))))
                [!provide]                        PROVIDE (__arm32_tls_tcb_offset = MAX (0x8, __tls_align))
                [!provide]                        PROVIDE (__arm64_tls_tcb_offset = MAX (0x10, __tls_align))

.bss            0x2000001c     0x524c load address 0x08007adc
 *(.bss)
 .bss           0x2000001c       0x1c /usr/lib/gcc/arm-none-eabi/13.2.1/thumb/v7e-m+fp/hard/crtbegin.o
 *(.bss*)
 .bss.uwTick    0x20000038        0x4 cmake/stm32cubemx/CMakeFiles/STM32_Drivers.dir/__/__/Drivers/STM32G4xx_HAL_Driver/Src/stm32g4xx_hal.c.obj
                0x20000038                uwTick
 .bss.hpb_exti  0x2000003c        0x8 cmake/stm32cubemx/CMakeFiles/STM32_Drivers.dir/__/__/Drivers/BSP/STM32G4xx_Nucleo/stm32g4xx_nucleo.c.obj
                0x2000003c                hpb_exti
 .bss.xQueueRegistry
                0x20000044       0x40 cmake/stm32cubemx/CMakeFiles/FreeRTOS.dir/__/__/Middlewares/Third_Party/FreeRTOS/Source/queue.c.obj
                0x20000044                xQueueRegistry
 .bss.uxSchedulerSuspended
                0x20000084        0x4 cmake/stm32cubemx/CMakeFiles/FreeRTOS.dir/__/__/Middlewares/Third_Party/FreeRTOS/Source/tasks.c.obj
 .bss.xNextTaskUnblockTime
                0x20000088        0x4 cmake/stm32cubemx/CMakeFiles/FreeRTOS.dir/__/__/Middlewares/Third_Party/FreeRTOS/Source/tasks.c.obj
 .bss.uxTaskNumber
                0x2000008c        0x4 cmake/stm32cubemx/CMakeFiles/FreeRTOS.dir/__/__/Middlewares/Third_Party/FreeRTOS/Source/tasks.c.obj
 .bss.xNumOfOverflows
                0x20000090        0x4 cmake/stm32cubemx/CMakeFiles/FreeRTOS.dir/__/__/Middlewares/Third_Party/FreeRTOS/Source/tasks.c.obj
 .bss.xYieldPending
                0x20000094        0x4 cmake/stm32cubemx/CMakeFiles/FreeRTOS.dir/__/__/Middlewares/Third_Party/FreeRTOS/Source/tasks.c.obj
 .bss.xPendedTicks
                0x20000098        0x4 cmake/stm32cubemx/CMakeFiles/FreeRTOS.dir/__/__/Middlewares/Third_Party/FreeRTOS/Source/tasks.c.obj
 .bss.xSchedulerRunning
                0x2000009c        0x4 cmake/stm32cubemx/CMakeFiles/FreeRTOS.dir/__/__/Middlewares/Third_Party/FreeRTOS/Source/tasks.c.obj
 .bss.uxTopReadyPriority
                0x200000a0        0x4 cmake/stm32cubemx/CMakeFiles/FreeRTOS.dir/__/__/Middlewares/Third_Party/FreeRTOS/Source/tasks.c.obj
 .bss.xTickCount
                0x200000a4        0x4 cmake/stm32cubemx/CMakeFiles/FreeRTOS.dir/__/__/Middlewares/Third_Party/FreeRTOS/Source/tasks.c.obj
 .bss.uxCurrentNumberOfTasks
                0x200000a8        0x4 cmake/stm32cubemx/CMakeFiles/FreeRTOS.dir/__/__/Middlewares/Third_Party/FreeRTOS/Source/tasks.c.obj
 .bss.xSuspendedTaskList
                0x200000ac       0x14 cmake/stm32cubemx/CMakeFiles/FreeRTOS.dir/__/__/Middlewares/Third_Party/FreeRTOS/Source/tasks.c.obj
 .bss.uxDeletedTasksWaitingCleanUp
                0x200000c0        0x4 cmake/stm32cubemx/CMakeFiles/FreeRTOS.dir/__/__/Middlewares/Third_Party/FreeRTOS/Source/tasks.c.obj
 .bss.xTasksWaitingTermination
                0x200000c4       0x14 cmake/stm32cubemx/CMakeFiles/FreeRTOS.dir/__/__/Middlewares/Third_Party/FreeRTOS/Source/tasks.c.obj
 .bss.xPendingReadyList
                0x200000d8       0x14 cmake/stm32cubemx/CMakeFiles/FreeRTOS.dir/__/__/Middlewares/Third_Party/FreeRTOS/Source/tasks.c.obj
 .bss.pxOverflowDelayedTaskList
                0x200000ec        0x4 cmake/stm32cubemx/CMakeFiles/FreeRTOS.dir/__/__/Middlewares/Third_Party/FreeRTOS/Source/tasks.c.obj
 .bss.pxDelayedTaskList
                0x200000f0        0x4 cmake/stm32cubemx/CMakeFiles/FreeRTOS.dir/__/__/Middlewares/Third_Party/FreeRTOS/Source/tasks.c.obj
 .bss.xDelayedTaskList2
                0x200000f4       0x14 cmake/stm32cubemx/CMakeFiles/FreeRTOS.dir/__/__/Middlewares/Third_Party/FreeRTOS/Source/tasks.c.obj
 .bss.xDelayedTaskList1
                0x20000108       0x14 cmake/stm32cubemx/CMakeFiles/FreeRTOS.dir/__/__/Middlewares/Third_Party/FreeRTOS/Source/tasks.c.obj
 .bss.pxReadyTasksLists
                0x2000011c      0x460 cmake/stm32cubemx/CMakeFiles/FreeRTOS.dir/__/__/Middlewares/Third_Party/FreeRTOS/Source/tasks.c.obj
 .bss.pxCurrentTCB
                0x2000057c        0x4 cmake/stm32cubemx/CMakeFiles/FreeRTOS.dir/__/__/Middlewares/Third_Party/FreeRTOS/Source/tasks.c.obj
                0x2000057c                pxCurrentTCB
 .bss.xStaticTimerQueue.0
                0x20000580       0x50 cmake/stm32cubemx/CMakeFiles/FreeRTOS.dir/__/__/Middlewares/Third_Party/FreeRTOS/Source/timers.c.obj
 .bss.ucStaticTimerQueueStorage.1
                0x200005d0       0xa0 cmake/stm32cubemx/CMakeFiles/FreeRTOS.dir/__/__/Middlewares/Third_Party/FreeRTOS/Source/timers.c.obj
 .bss.xLastTime.2
                0x20000670        0x4 cmake/stm32cubemx/CMakeFiles/FreeRTOS.dir/__/__/Middlewares/Third_Party/FreeRTOS/Source/timers.c.obj
 .bss.xTimerTaskHandle
                0x20000674        0x4 cmake/stm32cubemx/CMakeFiles/FreeRTOS.dir/__/__/Middlewares/Third_Party/FreeRTOS/Source/timers.c.obj
 .bss.xTimerQueue
                0x20000678        0x4 cmake/stm32cubemx/CMakeFiles/FreeRTOS.dir/__/__/Middlewares/Third_Party/FreeRTOS/Source/timers.c.obj
 .bss.pxOverflowTimerList
                0x2000067c        0x4 cmake/stm32cubemx/CMakeFiles/FreeRTOS.dir/__/__/Middlewares/Third_Party/FreeRTOS/Source/timers.c.obj
 .bss.pxCurrentTimerList
                0x20000680        0x4 cmake/stm32cubemx/CMakeFiles/FreeRTOS.dir/__/__/Middlewares/Third_Party/FreeRTOS/Source/timers.c.obj
 .bss.xActiveTimerList2
                0x20000684       0x14 cmake/stm32cubemx/CMakeFiles/FreeRTOS.dir/__/__/Middlewares/Third_Party/FreeRTOS/Source/timers.c.obj
 .bss.xActiveTimerList1
                0x20000698       0x14 cmake/stm32cubemx/CMakeFiles/FreeRTOS.dir/__/__/Middlewares/Third_Party/FreeRTOS/Source/timers.c.obj
 .bss.Timer_Stack.0
                0x200006ac      0x400 cmake/stm32cubemx/CMakeFiles/FreeRTOS.dir/__/__/Middlewares/Third_Party/FreeRTOS/Source/CMSIS_RTOS_V2/cmsis_os2.c.obj
 .bss.Timer_TCB.1
                0x20000aac       0x5c cmake/stm32cubemx/CMakeFiles/FreeRTOS.dir/__/__/Middlewares/Third_Party/FreeRTOS/Source/CMSIS_RTOS_V2/cmsis_os2.c.obj
 .bss.Idle_Stack.2
                0x20000b08      0x200 cmake/stm32cubemx/CMakeFiles/FreeRTOS.dir/__/__/Middlewares/Third_Party/FreeRTOS/Source/CMSIS_RTOS_V2/cmsis_os2.c.obj
 .bss.Idle_TCB.3
                0x20000d08       0x5c cmake/stm32cubemx/CMakeFiles/FreeRTOS.dir/__/__/Middlewares/Third_Party/FreeRTOS/Source/CMSIS_RTOS_V2/cmsis_os2.c.obj
 .bss.KernelState
                0x20000d64        0x4 cmake/stm32cubemx/CMakeFiles/FreeRTOS.dir/__/__/Middlewares/Third_Party/FreeRTOS/Source/CMSIS_RTOS_V2/cmsis_os2.c.obj
 .bss.pucAlignedHeap.0
                0x20000d68        0x4 cmake/stm32cubemx/CMakeFiles/FreeRTOS.dir/__/__/Middlewares/Third_Party/FreeRTOS/Source/portable/MemMang/heap_1.c.obj
 .bss.xNextFreeByte
                0x20000d6c        0x4 cmake/stm32cubemx/CMakeFiles/FreeRTOS.dir/__/__/Middlewares/Third_Party/FreeRTOS/Source/portable/MemMang/heap_1.c.obj
 .bss.ucHeap    0x20000d70     0x3000 cmake/stm32cubemx/CMakeFiles/FreeRTOS.dir/__/__/Middlewares/Third_Party/FreeRTOS/Source/portable/MemMang/heap_1.c.obj
 .bss.ulMaxPRIGROUPValue
                0x20003d70        0x4 cmake/stm32cubemx/CMakeFiles/FreeRTOS.dir/__/__/Middlewares/Third_Party/FreeRTOS/Source/portable/GCC/ARM_CM4F/port.c.obj
 .bss.ucMaxSysCallPriority
                0x20003d74        0x1 cmake/stm32cubemx/CMakeFiles/FreeRTOS.dir/__/__/Middlewares/Third_Party/FreeRTOS/Source/portable/GCC/ARM_CM4F/port.c.obj
 *fill*         0x20003d75        0x1 
 .bss.old_pos.1
                0x20003d76        0x2 CMakeFiles/serial-frtos.dir/Core/Src/main.c.obj
 .bss.mag_counter.3
                0x20003d78        0x1 CMakeFiles/serial-frtos.dir/Core/Src/main.c.obj
 .bss.mag_pending
                0x20003d79        0x1 CMakeFiles/serial-frtos.dir/Core/Src/main.c.obj
                0x20003d79                mag_pending
 .bss.mag_buf   0x20003d7a        0x6 CMakeFiles/serial-frtos.dir/Core/Src/main.c.obj
                0x20003d7a                mag_buf
 .bss.imu_buf   0x20003d80        0xc CMakeFiles/serial-frtos.dir/Core/Src/main.c.obj
                0x20003d80                imu_buf
 .bss.BspButtonState
                0x20003d8c        0x4 CMakeFiles/serial-frtos.dir/Core/Src/main.c.obj
                0x20003d8c                BspButtonState
 .bss.motorCtrlTaskHandle
                0x20003d90        0x4 CMakeFiles/serial-frtos.dir/Core/Src/app_freertos.c.obj
                0x20003d90                motorCtrlTaskHandle
 .bss.madgwickTaskHandle
                0x20003d94        0x4 CMakeFiles/serial-frtos.dir/Core/Src/app_freertos.c.obj
                0x20003d94                madgwickTaskHandle
 .bss.defaultTaskControlBlock
                0x20003d98       0x5c CMakeFiles/serial-frtos.dir/Core/Src/app_freertos.c.obj
                0x20003d98                defaultTaskControlBlock
 .bss.defaultTaskBuffer
                0x20003df4     0x1000 CMakeFiles/serial-frtos.dir/Core/Src/app_freertos.c.obj
                0x20003df4                defaultTaskBuffer
 .bss.defaultTaskHandle
                0x20004df4        0x4 CMakeFiles/serial-frtos.dir/Core/Src/app_freertos.c.obj
                0x20004df4                defaultTaskHandle
 .bss.imu_packet_buf
                0x20004df8       0x2a CMakeFiles/serial-frtos.dir/Core/Src/app_freertos.c.obj
                0x20004df8                imu_packet_buf
 .bss.imu_packet
                0x20004e22       0x28 CMakeFiles/serial-frtos.dir/Core/Src/app_freertos.c.obj
                0x20004e22                imu_packet
 .bss.raw_mz    0x20004e4a        0x2 CMakeFiles/serial-frtos.dir/Core/Src/app_freertos.c.obj
                0x20004e4a                raw_mz
 .bss.raw_my    0x20004e4c        0x2 CMakeFiles/serial-frtos.dir/Core/Src/app_freertos.c.obj
                0x20004e4c                raw_my
 .bss.raw_mx    0x20004e4e        0x2 CMakeFiles/serial-frtos.dir/Core/Src/app_freertos.c.obj
                0x20004e4e                raw_mx
 .bss.raw_az    0x20004e50        0x2 CMakeFiles/serial-frtos.dir/Core/Src/app_freertos.c.obj
                0x20004e50                raw_az
 .bss.raw_ay    0x20004e52        0x2 CMakeFiles/serial-frtos.dir/Core/Src/app_freertos.c.obj
                0x20004e52                raw_ay
 .bss.raw_ax    0x20004e54        0x2 CMakeFiles/serial-frtos.dir/Core/Src/app_freertos.c.obj
                0x20004e54                raw_ax
 .bss.raw_gz    0x20004e56        0x2 CMakeFiles/serial-frtos.dir/Core/Src/app_freertos.c.obj
                0x20004e56                raw_gz
 .bss.raw_gy    0x20004e58        0x2 CMakeFiles/serial-frtos.dir/Core/Src/app_freertos.c.obj
                0x20004e58                raw_gy
 .bss.raw_gx    0x20004e5a        0x2 CMakeFiles/serial-frtos.dir/Core/Src/app_freertos.c.obj
                0x20004e5a                raw_gx
 .bss.mz        0x20004e5c        0x4 CMakeFiles/serial-frtos.dir/Core/Src/app_freertos.c.obj
                0x20004e5c                mz
 .bss.my        0x20004e60        0x4 CMakeFiles/serial-frtos.dir/Core/Src/app_freertos.c.obj
                0x20004e60                my
 .bss.mx        0x20004e64        0x4 CMakeFiles/serial-frtos.dir/Core/Src/app_freertos.c.obj
                0x20004e64                mx
 .bss.az        0x20004e68        0x4 CMakeFiles/serial-frtos.dir/Core/Src/app_freertos.c.obj
                0x20004e68                az
 .bss.ay        0x20004e6c        0x4 CMakeFiles/serial-frtos.dir/Core/Src/app_freertos.c.obj
                0x20004e6c                ay
 .bss.ax        0x20004e70        0x4 CMakeFiles/serial-frtos.dir/Core/Src/app_freertos.c.obj
                0x20004e70                ax
 .bss.gz        0x20004e74        0x4 CMakeFiles/serial-frtos.dir/Core/Src/app_freertos.c.obj
                0x20004e74                gz
 .bss.gy        0x20004e78        0x4 CMakeFiles/serial-frtos.dir/Core/Src/app_freertos.c.obj
                0x20004e78                gy
 .bss.gx        0x20004e7c        0x4 CMakeFiles/serial-frtos.dir/Core/Src/app_freertos.c.obj
                0x20004e7c                gx
 .bss.motor_rx_buf
                0x20004e80       0x40 CMakeFiles/serial-frtos.dir/Core/Src/app_freertos.c.obj
                0x20004e80                motor_rx_buf
 .bss.hcordic   0x20004ec0       0x28 CMakeFiles/serial-frtos.dir/Core/Src/cordic.c.obj
                0x20004ec0                hcordic
 .bss.hcrc      0x20004ee8       0x24 CMakeFiles/serial-frtos.dir/Core/Src/crc.c.obj
                0x20004ee8                hcrc
 .bss.hdma_i2c1_tx
                0x20004f0c       0x60 CMakeFiles/serial-frtos.dir/Core/Src/i2c.c.obj
                0x20004f0c                hdma_i2c1_tx
 .bss.hdma_i2c1_rx
                0x20004f6c       0x60 CMakeFiles/serial-frtos.dir/Core/Src/i2c.c.obj
                0x20004f6c                hdma_i2c1_rx
 .bss.hi2c1     0x20004fcc       0x54 CMakeFiles/serial-frtos.dir/Core/Src/i2c.c.obj
                0x20004fcc                hi2c1
 .bss.htim3     0x20005020       0x4c CMakeFiles/serial-frtos.dir/Core/Src/tim.c.obj
                0x20005020                htim3
 .bss.htim1     0x2000506c       0x4c CMakeFiles/serial-frtos.dir/Core/Src/tim.c.obj
                0x2000506c                htim1
 .bss.hdma_usart2_tx
                0x200050b8       0x60 CMakeFiles/serial-frtos.dir/Core/Src/usart.c.obj
                0x200050b8                hdma_usart2_tx
 .bss.hdma_usart2_rx
                0x20005118       0x60 CMakeFiles/serial-frtos.dir/Core/Src/usart.c.obj
                0x20005118                hdma_usart2_rx
 .bss.huart2    0x20005178       0x94 CMakeFiles/serial-frtos.dir/Core/Src/usart.c.obj
                0x20005178                huart2
 .bss.htim6     0x2000520c       0x4c CMakeFiles/serial-frtos.dir/Core/Src/stm32g4xx_hal_timebase_tim.c.obj
                0x2000520c                htim6
 .bss.testCounter