Archive member included to satisfy reference by file (symbol)

/usr/lib/gcc/arm-none-eabi/13.2.1/thumb/v7e-m+fp/hard/libgcc.a(_arm_muldf3.o)
                              CMakeFiles/serial-frtos.dir/Core/Src/cordic.c.o (__aeabi_dmul)
/usr/lib/gcc/arm-none-eabi/13.2.1/thumb/v7e-m+fp/hard/libgcc.a(_arm_addsubdf3.o)
                              CMakeFiles/serial-frtos.dir/Core/Src/cordic.c.o (__aeabi_f2d)
/usr/lib/gcc/arm-none-eabi/13.2.1/thumb/v7e-m+fp/hard/libgcc.a(_aeabi_ldivmod.o)
                              cmake/stm32cubemx/CMakeFiles/STM32_Drivers.dir/__/__/Drivers/STM32G4xx_HAL_Driver/Src/stm32g4xx_hal_uart.c.o (__aeabi_ldivmod)
/usr/lib/gcc/arm-none-eabi/13.2.1/thumb/v7e-m+fp/hard/libgcc.a(_aeabi_uldivmod.o)
                              cmake/stm32cubemx/CMakeFiles/STM32_Drivers.dir/__/__/Drivers/STM32G4xx_HAL_Driver/Src/stm32g4xx_hal_uart.c.o (__aeabi_uldivmod)
/usr/lib/gcc/arm-none-eabi/13.2.1/thumb/v7e-m+fp/hard/libgcc.a(_fixdfdi.o)
                              CMakeFiles/serial-frtos.dir/Core/Src/cordic.c.o (__aeabi_d2lz)
/usr/lib/gcc/arm-none-eabi/13.2.1/thumb/v7e-m+fp/hard/libgcc.a(_fixunsdfdi.o)
                              /usr/lib/gcc/arm-none-eabi/13.2.1/thumb/v7e-m+fp/hard/libgcc.a(_fixdfdi.o) (__aeabi_d2ulz)
/usr/lib/gcc/arm-none-eabi/13.2.1/thumb/v7e-m+fp/hard/libgcc.a(_udivmoddi4.o)
                              /usr/lib/gcc/arm-none-eabi/13.2.1/thumb/v7e-m+fp/hard/libgcc.a(_aeabi_ldivmod.o) (__udivmoddi4)
/usr/lib/gcc/arm-none-eabi/13.2.1/thumb/v7e-m+fp/hard/libgcc.a(_dvmd_tls.o)
                              /usr/lib/gcc/arm-none-eabi/13.2.1/thumb/v7e-m+fp/hard/libgcc.a(_aeabi_ldivmod.o) (__aeabi_ldiv0)
/usr/lib/gcc/arm-none-eabi/13.2.1/thumb/v7e-m+fp/hard/libgcc.a(_arm_cmpdf2.o)
                              /usr/lib/gcc/arm-none-eabi/13.2.1/thumb/v7e-m+fp/hard/libgcc.a(_fixdfdi.o) (__aeabi_dcmplt)
/usr/lib/gcc/arm-none-eabi/13.2.1/thumb/v7e-m+fp/hard/libgcc.a(_arm_fixunsdfsi.o)
                              /usr/lib/gcc/arm-none-eabi/13.2.1/thumb/v7e-m+fp/hard/libgcc.a(_fixunsdfdi.o) (__aeabi_d2uiz)
/usr/lib/gcc/arm-none-eabi/13.2.1/../../../arm-none-eabi/lib/thumb/v7e-m+fp/hard/libg.a(libc_a-memset.o)
                              /usr/lib/gcc/arm-none-eabi/13.2.1/../../../arm-none-eabi/lib/thumb/v7e-m+fp/hard/crt0.o (memset)
/usr/lib/gcc/arm-none-eabi/13.2.1/../../../arm-none-eabi/lib/thumb/v7e-m+fp/hard/libg.a(libc_a-errno.o)
                              CMakeFiles/serial-frtos.dir/Core/Src/syscalls.c.o (__errno)
/usr/lib/gcc/arm-none-eabi/13.2.1/../../../arm-none-eabi/lib/thumb/v7e-m+fp/hard/libg.a(libc_a-impure.o)
                              /usr/lib/gcc/arm-none-eabi/13.2.1/../../../arm-none-eabi/lib/thumb/v7e-m+fp/hard/libg.a(libc_a-errno.o) (_impure_ptr)
/usr/lib/gcc/arm-none-eabi/13.2.1/../../../arm-none-eabi/lib/thumb/v7e-m+fp/hard/libg.a(libc_a-memcpy.o)
                              cmake/stm32cubemx/CMakeFiles/FreeRTOS.dir/__/__/Middlewares/Third_Party/FreeRTOS/Source/queue.c.o (memcpy)
/usr/lib/gcc/arm-none-eabi/13.2.1/../../../arm-none-eabi/lib/thumb/v7e-m+fp/hard/libg.a(libc_a-init.o)
                              /usr/lib/gcc/arm-none-eabi/13.2.1/../../../arm-none-eabi/lib/thumb/v7e-m+fp/hard/crt0.o (__libc_init_array)
/usr/lib/gcc/arm-none-eabi/13.2.1/../../../arm-none-eabi/lib/thumb/v7e-m+fp/hard/libg.a(libc_a-findfp.o)
                              /usr/lib/gcc/arm-none-eabi/13.2.1/../../../arm-none-eabi/lib/thumb/v7e-m+fp/hard/libg.a(libc_a-impure.o) (__sf)
/usr/lib/gcc/arm-none-eabi/13.2.1/../../../arm-none-eabi/lib/thumb/v7e-m+fp/hard/libg.a(libc_a-exit.o)
                              /usr/lib/gcc/arm-none-eabi/13.2.1/../../../arm-none-eabi/lib/thumb/v7e-m+fp/hard/crt0.o (exit)
/usr/lib/gcc/arm-none-eabi/13.2.1/../../../arm-none-eabi/lib/thumb/v7e-m+fp/hard/libg.a(libc_a-atexit.o)
                              /usr/lib/gcc/arm-none-eabi/13.2.1/../../../arm-none-eabi/lib/thumb/v7e-m+fp/hard/crt0.o (atexit)
/usr/lib/gcc/arm-none-eabi/13.2.1/../../../arm-none-eabi/lib/thumb/v7e-m+fp/hard/libg.a(libc_a-sprintf.o)
                              CMakeFiles/serial-frtos.dir/Core/Src/app_freertos.c.o (sprintf)
/usr/lib/gcc/arm-none-eabi/13.2.1/../../../arm-none-eabi/lib/thumb/v7e-m+fp/hard/libg.a(libc_a-fini.o)
                              /usr/lib/gcc/arm-none-eabi/13.2.1/../../../arm-none-eabi/lib/thumb/v7e-m+fp/hard/crt0.o (__libc_fini_array)
/usr/lib/gcc/arm-none-eabi/13.2.1/../../../arm-none-eabi/lib/thumb/v7e-m+fp/hard/libg.a(libc_a-fwalk.o)
                              /usr/lib/gcc/arm-none-eabi/13.2.1/../../../arm-none-eabi/lib/thumb/v7e-m+fp/hard/libg.a(libc_a-findfp.o) (_fwalk_sglue)
/usr/lib/gcc/arm-none-eabi/13.2.1/../../../arm-none-eabi/lib/thumb/v7e-m+fp/hard/libg.a(libc_a-svfprintf.o)
                              /usr/lib/gcc/arm-none-eabi/13.2.1/../../../arm-none-eabi/lib/thumb/v7e-m+fp/hard/libg.a(libc_a-sprintf.o) (_svfprintf_r)
/usr/lib/gcc/arm-none-eabi/13.2.1/../../../arm-none-eabi/lib/thumb/v7e-m+fp/hard/libg.a(libc_a-mallocr.o)
[...]
Memory Configuration

Name             Origin             Length             Attributes
RAM              0x20000000         0x00008000         xrw
FLASH            0x08000000         0x00020000         xr
*default*        0x00000000         0xffffffff

Linker script and memory map

LOAD /usr/lib/gcc/arm-none-eabi/13.2.1/thumb/v7e-m+fp/hard/crti.o
LOAD /usr/lib/gcc/arm-none-eabi/13.2.1/thumb/v7e-m+fp/hard/crtbegin.o
LOAD /usr/lib/gcc/arm-none-eabi/13.2.1/../../../arm-none-eabi/lib/thumb/v7e-m+fp/hard/crt0.o
LOAD cmake/stm32cubemx/CMakeFiles/STM32_Drivers.dir/__/__/Core/Src/system_stm32g4xx.c.o
LOAD cmake/stm32cubemx/CMakeFiles/STM32_Drivers.dir/__/__/Drivers/STM32G4xx_HAL_Driver/Src/stm32g4xx_hal_tim.c.o
LOAD cmake/stm32cubemx/CMakeFiles/STM32_Drivers.dir/__/__/Drivers/STM32G4xx_HAL_Driver/Src/stm32g4xx_hal_tim_ex.c.o
LOAD cmake/stm32cubemx/CMakeFiles/STM32_Drivers.dir/__/__/Drivers/STM32G4xx_HAL_Driver/Src/stm32g4xx_hal_cordic.c.o
LOAD cmake/stm32cubemx/CMakeFiles/STM32_Drivers.dir/__/__/Drivers/STM32G4xx_HAL_Driver/Src/stm32g4xx_hal.c.o
LOAD cmake/stm32cubemx/CMakeFiles/STM32_Drivers.dir/__/__/Drivers/STM32G4xx_HAL_Driver/Src/stm32g4xx_hal_rcc.c.o
LOAD cmake/stm32cubemx/CMakeFiles/STM32_Drivers.dir/__/__/Drivers/STM32G4xx_HAL_Driver/Src/stm32g4xx_hal_rcc_ex.c.o
LOAD cmake/stm32cubemx/CMakeFiles/STM32_Drivers.dir/__/__/Drivers/STM32G4xx_HAL_Driver/Src/stm32g4xx_hal_flash.c.o
LOAD cmake/stm32cubemx/CMakeFiles/STM32_Drivers.dir/__/__/Drivers/STM32G4xx_HAL_Driver/Src/stm32g4xx_hal_flash_ex.c.o
LOAD cmake/stm32cubemx/CMakeFiles/STM32_Drivers.dir/__/__/Drivers/STM32G4xx_HAL_Driver/Src/stm32g4xx_hal_flash_ramfunc.c.o
LOAD cmake/stm32cubemx/CMakeFiles/STM32_Drivers.dir/__/__/Drivers/STM32G4xx_HAL_Driver/Src/stm32g4xx_hal_gpio.c.o
LOAD cmake/stm32cubemx/CMakeFiles/STM32_Drivers.dir/__/__/Drivers/STM32G4xx_HAL_Driver/Src/stm32g4xx_hal_exti.c.o
LOAD cmake/stm32cubemx/CMakeFiles/STM32_Drivers.dir/__/__/Drivers/STM32G4xx_HAL_Driver/Src/stm32g4xx_hal_dma.c.o
LOAD cmake/stm32cubemx/CMakeFiles/STM32_Drivers.dir/__/__/Drivers/STM32G4xx_HAL_Driver/Src/stm32g4xx_hal_dma_ex.c.o
LOAD cmake/stm32cubemx/CMakeFiles/STM32_Drivers.dir/__/__/Drivers/STM32G4xx_HAL_Driver/Src/stm32g4xx_hal_pwr.c.o
LOAD cmake/stm32cubemx/CMakeFiles/STM32_Drivers.dir/__/__/Drivers/STM32G4xx_HAL_Driver/Src/stm32g4xx_hal_pwr_ex.c.o
LOAD cmake/stm32cubemx/CMakeFiles/STM32_Drivers.dir/__/__/Drivers/STM32G4xx_HAL_Driver/Src/stm32g4xx_hal_cortex.c.o
LOAD cmake/stm32cubemx/CMakeFiles/STM32_Drivers.dir/__/__/Drivers/STM32G4xx_HAL_Driver/Src/stm32g4xx_hal_crc.c.o
LOAD cmake/stm32cubemx/CMakeFiles/STM32_Drivers.dir/__/__/Drivers/STM32G4xx_HAL_Driver/Src/stm32g4xx_hal_crc_ex.c.o
LOAD cmake/stm32cubemx/CMakeFiles/STM32_Drivers.dir/__/__/Drivers/STM32G4xx_HAL_Driver/Src/stm32g4xx_hal_i2c.c.o
LOAD cmake/stm32cubemx/CMakeFiles/STM32_Drivers.dir/__/__/Drivers/STM32G4xx_HAL_Driver/Src/stm32g4xx_hal_i2c_ex.c.o
LOAD cmake/stm32cubemx/CMakeFiles/STM32_Drivers.dir/__/__/Drivers/STM32G4xx_HAL_Driver/Src/stm32g4xx_hal_uart.c.o
LOAD cmake/stm32cubemx/CMakeFiles/STM32_Drivers.dir/__/__/Drivers/STM32G4xx_HAL_Driver/Src/stm32g4xx_hal_uart_ex.c.o
LOAD cmake/stm32cubemx/CMakeFiles/STM32_Drivers.dir/__/__/Drivers/STM32G4xx_HAL_Driver/Src/stm32g4xx_hal_usart.c.o
LOAD cmake/stm32cubemx/CMakeFiles/STM32_Drivers.dir/__/__/Drivers/STM32G4xx_HAL_Driver/Src/stm32g4xx_hal_usart_ex.c.o
LOAD cmake/stm32cubemx/CMakeFiles/STM32_Drivers.dir/__/__/Drivers/BSP/STM32G4xx_Nucleo/stm32g4xx_nucleo.c.o
LOAD cmake/stm32cubemx/CMakeFiles/FreeRTOS.dir/__/__/Middlewares/Third_Party/FreeRTOS/Source/croutine.c.o
LOAD cmake/stm32cubemx/CMakeFiles/FreeRTOS.dir/__/__/Middlewares/Third_Party/FreeRTOS/Source/event_groups.c.o
LOAD cmake/stm32cubemx/CMakeFiles/FreeRTOS.dir/__/__/Middlewares/Third_Party/FreeRTOS/Source/list.c.o
LOAD cmake/stm32cubemx/CMakeFiles/FreeRTOS.dir/__/__/Middlewares/Third_Party/FreeRTOS/Source/queue.c.o
LOAD cmake/stm32cubemx/CMakeFiles/FreeRTOS.dir/__/__/Middlewares/Third_Party/FreeRTOS/Source/stream_buffer.c.o
LOAD cmake/stm32cubemx/CMakeFiles/FreeRTOS.dir/__/__/Middlewares/Third_Party/FreeRTOS/Source/tasks.c.o
LOAD cmake/stm32cubemx/CMakeFiles/FreeRTOS.dir/__/__/Middlewares/Third_Party/FreeRTOS/Source/timers.c.o
LOAD cmake/stm32cubemx/CMakeFiles/FreeRTOS.dir/__/__/Middlewares/Third_Party/FreeRTOS/Source/CMSIS_RTOS_V2/cmsis_os2.c.o
LOAD cmake/stm32cubemx/CMakeFiles/FreeRTOS.dir/__/__/Middlewares/Third_Party/FreeRTOS/Source/portable/MemMang/heap_1.c.o
LOAD cmake/stm32cubemx/CMakeFiles/FreeRTOS.dir/__/__/Middlewares/Third_Party/FreeRTOS/Source/portable/GCC/ARM_CM4F/port.c.o
LOAD CMakeFiles/serial-frtos.dir/Core/Src/main.c.o
LOAD CMakeFiles/serial-frtos.dir/Core/Src/gpio.c.o
LOAD CMakeFiles/serial-frtos.dir/Core/Src/app_freertos.c.o
LOAD CMakeFiles/serial-frtos.dir/Core/Src/cordic.c.o
LOAD CMakeFiles/serial-frtos.dir/Core/Src/crc.c.o
LOAD CMakeFiles/serial-frtos.dir/Core/Src/dma.c.o
LOAD CMakeFiles/serial-frtos.dir/Core/Src/i2c.c.o
LOAD CMakeFiles/serial-frtos.dir/Core/Src/tim.c.o
LOAD CMakeFiles/serial-frtos.dir/Core/Src/usart.c.o
LOAD CMakeFiles/serial-frtos.dir/Core/Src/stm32g4xx_it.c.o
LOAD CMakeFiles/serial-frtos.dir/Core/Src/stm32g4xx_hal_msp.c.o
LOAD CMakeFiles/serial-frtos.dir/Core/Src/stm32g4xx_hal_timebase_tim.c.o
LOAD CMakeFiles/serial-frtos.dir/Core/Src/sysmem.c.o
LOAD CMakeFiles/serial-frtos.dir/Core/Src/syscalls.c.o
LOAD CMakeFiles/serial-frtos.dir/startup_stm32g431xx.s.o
LOAD CMakeFiles/serial-frtos.dir/Core/Src/MadgwickAHRS.c.o
LOAD /usr/lib/gcc/arm-none-eabi/13.2.1/../../../arm-none-eabi/lib/thumb/v7e-m+fp/hard/libm.a
START GROUP
LOAD /usr/lib/gcc/arm-none-eabi/13.2.1/thumb/v7e-m+fp/hard/libgcc.a
LOAD /usr/lib/gcc/arm-none-eabi/13.2.1/../../../arm-none-eabi/lib/thumb/v7e-m+fp/hard/libg.a
LOAD /usr/lib/gcc/arm-none-eabi/13.2.1/../../../arm-none-eabi/lib/thumb/v7e-m+fp/hard/libc.a
END GROUP
START GROUP
LOAD /usr/lib/gcc/arm-none-eabi/13.2.1/thumb/v7e-m+fp/hard/libgcc.a
LOAD /usr/lib/gcc/arm-none-eabi/13.2.1/../../../arm-none-eabi/lib/thumb/v7e-m+fp/hard/libc.a
LOAD /usr/lib/gcc/arm-none-eabi/13.2.1/../../../arm-none-eabi/lib/thumb/v7e-m+fp/hard/libnosys.a
END GROUP
LOAD /usr/lib/gcc/arm-none-eabi/13.2.1/thumb/v7e-m+fp/hard/crtend.o
LOAD /usr/lib/gcc/arm-none-eabi/13.2.1/thumb/v7e-m+fp/hard/crtn.o
                0x20008000                        _estack = (ORIGIN (RAM) + LENGTH (RAM))
                0x00000200                        _Min_Heap_Size = 0x200
                0x00000400                        _Min_Stack_Size = 0x400

.isr_vector     0x08000000      0x1d8
                0x08000000                        . = ALIGN (0x4)
 *(.isr_vector)
 .isr_vector    0x08000000      0x1d8 CMakeFiles/serial-frtos.dir/startup_stm32g431xx.s.o
                0x08000000                g_pfnVectors
                0x080001d8                        . = ALIGN (0x4)

.text           0x08000200    0x19300
                0x08000200                        . = ALIGN (0x4)
 *(.text)
 .text          0x08000200       0x88 /usr/lib/gcc/arm-none-eabi/13.2.1/thumb/v7e-m+fp/hard/crtbegin.o
 .text          0x08000288       0x8c cmake/stm32cubemx/CMakeFiles/STM32_Drivers.dir/__/__/Core/Src/system_stm32g4xx.c.o
                0x08000288                SystemInit
                0x0800029c                SystemCoreClockUpdate
 .text          0x08000314     0x2edc cmake/stm32cubemx/CMakeFiles/STM32_Drivers.dir/__/__/Drivers/STM32G4xx_HAL_Driver/Src/stm32g4xx_hal_tim.c.o
                0x08000644                HAL_TIM_Base_DeInit
                0x080006ac                HAL_TIM_Base_Start
                0x08000710                HAL_TIM_Base_Stop
                0x0800073a                HAL_TIM_Base_Start_IT
                0x080007a8                HAL_TIM_Base_Stop_IT
                0x080007da                HAL_TIM_Base_Start_DMA
                0x08000884                HAL_TIM_Base_Stop_DMA
                0x080008c2                HAL_TIM_OC_MspInit
                0x080008c4                HAL_TIM_OC_MspDeInit
                0x080008c6                HAL_TIM_OC_DeInit
                0x0800092e                HAL_TIM_PWM_MspInit
                0x08000930                HAL_TIM_PWM_MspDeInit
                0x08000932                HAL_TIM_PWM_DeInit
                0x0800099a                HAL_TIM_IC_MspInit
                0x0800099c                HAL_TIM_IC_MspDeInit
                0x0800099e                HAL_TIM_IC_DeInit
                0x08000a06                HAL_TIM_OnePulse_MspInit
                0x08000a08                HAL_TIM_OnePulse_MspDeInit
                0x08000a0a                HAL_TIM_OnePulse_DeInit
                0x08000a5a                HAL_TIM_OnePulse_Start
                0x08000af4                HAL_TIM_OnePulse_Stop
                0x08000b8c                HAL_TIM_OnePulse_Start_IT
                0x08000c38                HAL_TIM_OnePulse_Stop_IT
                0x08000ce0                HAL_TIM_Encoder_MspInit
                0x08000ce2                HAL_TIM_Encoder_MspDeInit
                0x08000ce4                HAL_TIM_Encoder_DeInit
                0x08000d34                HAL_TIM_Encoder_Start
                0x08000de6                HAL_TIM_Encoder_Stop
                0x08000e5a                HAL_TIM_Encoder_Start_IT
                0x08000f34                HAL_TIM_Encoder_Stop_IT
                0x08000fce                HAL_TIM_Encoder_Start_DMA
                0x08001184                HAL_TIM_Encoder_Stop_DMA
                0x0800123c                HAL_TIM_DMABurst_MultiWriteStart
                0x08001314                HAL_TIM_DMABurst_WriteStart
                0x08001328                HAL_TIM_DMABurst_WriteStop
                0x08001390                HAL_TIM_DMABurst_MultiReadStart
                0x08001468                HAL_TIM_DMABurst_ReadStart
                0x0800147c                HAL_TIM_DMABurst_ReadStop
                0x08001480                HAL_TIM_GenerateEvent
                0x080014a4                HAL_TIM_ConfigTI1Input
                0x080014b4                HAL_TIM_ReadCapturedValue
                0x080014f8                HAL_TIM_PeriodElapsedHalfCpltCallback
                0x08001504                HAL_TIM_OC_DelayElapsedCallback
                0x08001506                HAL_TIM_IC_CaptureCallback
                0x08001508                TIM_DMACaptureCplt
                0x08001582                HAL_TIM_IC_CaptureHalfCpltCallback
                0x08001584                TIM_DMACaptureHalfCplt
                0x080015bc                HAL_TIM_PWM_PulseFinishedCallback
                0x08001628                HAL_TIM_PWM_PulseFinishedHalfCpltCallback
                0x0800162a                TIM_DMADelayPulseHalfCplt
                0x08001662                HAL_TIM_TriggerCallback
                0x08001664                HAL_TIM_IRQHandler
                0x08001818                HAL_TIM_TriggerHalfCpltCallback
                0x08001824                HAL_TIM_ErrorCallback
                0x08001826                TIM_DMAError
                0x0800187e                HAL_TIM_Base_GetState
                0x08001884                HAL_TIM_OC_GetState
                0x0800188a                HAL_TIM_PWM_GetState
                0x08001890                HAL_TIM_IC_GetState
                0x08001896                HAL_TIM_OnePulse_GetState
                0x0800189c                HAL_TIM_Encoder_GetState
                0x080018a2                HAL_TIM_GetActiveChannel
                0x080018a6                HAL_TIM_GetChannelState
                0x080018e0                HAL_TIM_DMABurstState
                0x080018e6                TIM_Base_SetConfig
                0x08001988                HAL_TIM_Base_Init
                0x080019e8                HAL_TIM_OC_Init
                0x08001a48                HAL_TIM_PWM_Init
                0x08001aa8                HAL_TIM_IC_Init
                0x08001b08                HAL_TIM_OnePulse_Init
                0x08001b62                HAL_TIM_Encoder_Init
                0x08001c0a                TIM_OC2_SetConfig
                0x08001c90                HAL_TIM_OC_ConfigChannel
                0x08001cf4                HAL_TIM_PWM_ConfigChannel
                0x08001dec                TIM_TI1_SetConfig
                0x08001e7c                HAL_TIM_IC_ConfigChannel
                0x08001fa0                HAL_TIM_OnePulse_ConfigChannel
                0x08002078                TIM_ETR_SetConfig
                0x0800208c                HAL_TIM_ConfigOCrefClear
                0x08002280                HAL_TIM_ConfigClockSource
                0x0800247c                HAL_TIM_SlaveConfigSynchro_IT
                0x080024ca                HAL_TIM_SlaveConfigSynchro
                0x08002518                TIM_CCxChannelCmd
                0x08002534                HAL_TIM_OC_Start
                0x08002640                HAL_TIM_PWM_Start
                0x08002644                HAL_TIM_OC_Stop
                0x080026f8                HAL_TIM_PWM_Stop
                0x080026fc                HAL_TIM_OC_Start_IT
                0x0800282c                HAL_TIM_PWM_Start_IT
                0x08002830                HAL_TIM_OC_Stop_IT
                0x08002908                HAL_TIM_PWM_Stop_IT
                0x0800290c                HAL_TIM_OC_Start_DMA
                0x08002b10                HAL_TIM_PWM_Start_DMA
                0x08002b14                HAL_TIM_OC_Stop_DMA
                0x08002bfc                HAL_TIM_PWM_Stop_DMA
                0x08002c00                HAL_TIM_IC_Start
                0x08002d08                HAL_TIM_IC_Stop
                0x08002d86                HAL_TIM_IC_Start_IT
                0x08002eac                HAL_TIM_IC_Stop_IT
                0x08002f4a                HAL_TIM_IC_Start_DMA
                0x08003148                HAL_TIM_IC_Stop_DMA
 .text          0x080031f0     0x123c cmake/stm32cubemx/CMakeFiles/STM32_Drivers.dir/__/__/Drivers/STM32G4xx_HAL_Driver/Src/stm32g4xx_hal_tim_ex.c.o
                0x080032ca                HAL_TIMEx_HallSensor_MspInit
                0x080032cc                HAL_TIMEx_HallSensor_Init
                0x0800339a                HAL_TIMEx_HallSensor_MspDeInit
                0x0800339c                HAL_TIMEx_HallSensor_DeInit
                0x080033ec                HAL_TIMEx_HallSensor_Start
                0x08003488                HAL_TIMEx_HallSensor_Stop
                0x080034cc                HAL_TIMEx_HallSensor_Start_IT
                0x08003570                HAL_TIMEx_HallSensor_Stop_IT
                0x080035bc                HAL_TIMEx_HallSensor_Start_DMA
                0x08003688                HAL_TIMEx_HallSensor_Stop_DMA
                0x080036d4                HAL_TIMEx_OCN_Start
                0x08003784                HAL_TIMEx_OCN_Stop
                0x080037ec                HAL_TIMEx_OCN_Start_IT
                0x080038c8                HAL_TIMEx_OCN_Stop_IT
                0x08003984                HAL_TIMEx_OCN_Start_DMA
                0x08003b18                HAL_TIMEx_OCN_Stop_DMA
                0x08003bd0                HAL_TIMEx_PWMN_Start
                0x08003bd4                HAL_TIMEx_PWMN_Stop
                0x08003bd8                HAL_TIMEx_PWMN_Start_IT
                0x08003bdc                HAL_TIMEx_PWMN_Stop_IT
                0x08003be0                HAL_TIMEx_PWMN_Start_DMA
                0x08003be4                HAL_TIMEx_PWMN_Stop_DMA
                0x08003be8                HAL_TIMEx_OnePulseN_Start
                0x08003c52                HAL_TIMEx_OnePulseN_Stop
                0x08003cbc                HAL_TIMEx_OnePulseN_Start_IT
                0x08003d36                HAL_TIMEx_OnePulseN_Stop_IT
                0x08003db0                HAL_TIMEx_ConfigCommutEvent
                0x08003e30                HAL_TIMEx_ConfigCommutEvent_IT
                0x08003eb0                HAL_TIMEx_ConfigCommutEvent_DMA
                0x08003f48                HAL_TIMEx_MasterConfigSynchronization
                0x08003fd0                HAL_TIMEx_ConfigBreakDeadTime
                0x08004064                HAL_TIMEx_ConfigBreakInput
                0x080040f8                HAL_TIMEx_RemapConfig
                0x0800411a                HAL_TIMEx_TISelection
                0x0800419c                HAL_TIMEx_GroupChannel5
                0x080041cc                HAL_TIMEx_DisarmBreakInput
                0x08004210                HAL_TIMEx_ReArmBreakInput
                0x0800427a                HAL_TIMEx_DitheringEnable
                0x08004288                HAL_TIMEx_DitheringDisable
                0x08004296                HAL_TIMEx_OC_ConfigPulseOnCompare
                0x080042ca                HAL_TIMEx_ConfigSlaveModePreload
                0x080042da                HAL_TIMEx_EnableSlaveModePreload
                0x080042e8                HAL_TIMEx_DisableSlaveModePreload
                0x080042f6                HAL_TIMEx_EnableDeadTimePreload
                0x08004304                HAL_TIMEx_DisableDeadTimePreload
                0x08004312                HAL_TIMEx_ConfigDeadTime
                0x08004322                HAL_TIMEx_ConfigAsymmetricalDeadTime
                0x08004332                HAL_TIMEx_EnableAsymmetricalDeadTime
                0x08004340                HAL_TIMEx_DisableAsymmetricalDeadTime
                0x0800434e                HAL_TIMEx_ConfigEncoderIndex
                0x0800439c                HAL_TIMEx_EnableEncoderIndex
                0x080043aa                HAL_TIMEx_DisableEncoderIndex
                0x080043b8                HAL_TIMEx_EnableEncoderFirstIndex
                0x080043c6                HAL_TIMEx_DisableEncoderFirstIndex
                0x080043d4                HAL_TIMEx_CommutCallback
                0x080043d6                TIMEx_DMACommutationCplt
                0x080043e6                HAL_TIMEx_CommutHalfCpltCallback
                0x080043e8                TIMEx_DMACommutationHalfCplt
                0x080043f8                HAL_TIMEx_BreakCallback
                0x080043fa                HAL_TIMEx_Break2Callback
                0x080043fc                HAL_TIMEx_EncoderIndexCallback
                0x080043fe                HAL_TIMEx_DirectionChangeCallback
                0x08004400                HAL_TIMEx_IndexErrorCallback
                0x08004402                HAL_TIMEx_TransitionErrorCallback
                0x08004404                HAL_TIMEx_HallSensor_GetState
                0x0800440a                HAL_TIMEx_GetChannelNState
 .text          0x0800442c      0x3d8 cmake/stm32cubemx/CMakeFiles/STM32_Drivers.dir/__/__/Drivers/STM32G4xx_HAL_Driver/Src/stm32g4xx_hal_cordic.c.o
                0x0800446e                HAL_CORDIC_Init
                0x080044a2                HAL_CORDIC_DeInit
                0x080044ce                HAL_CORDIC_Configure
                0x08004514                HAL_CORDIC_Calculate
                0x080045a6                HAL_CORDIC_CalculateZO
                0x0800462e                HAL_CORDIC_Calculate_IT
                0x0800468e                HAL_CORDIC_Calculate_DMA
                0x08004754                HAL_CORDIC_ErrorCallback
                0x0800476e                HAL_CORDIC_CalculateCpltCallback
                0x080047b0                HAL_CORDIC_IRQHandler
                0x080047fa                HAL_CORDIC_GetState
                0x08004800                HAL_CORDIC_GetError
 .text          0x08004804      0x2e0 cmake/stm32cubemx/CMakeFiles/STM32_Drivers.dir/__/__/Drivers/STM32G4xx_HAL_Driver/Src/stm32g4xx_hal.c.o
                0x08004806                HAL_MspDeInit
                0x08004808                HAL_DeInit
                0x0800487c                HAL_Init
                0x0800489a                HAL_IncTick
                0x080048b0                HAL_GetTick
                0x080048bc                HAL_GetTickPrio
                0x080048c8                HAL_SetTickFreq
                0x080048e8                HAL_GetTickFreq
                0x080048f4                HAL_Delay
                0x08004938                HAL_GetHalVersion
                0x08004940                HAL_GetREVID
                0x0800494c                HAL_GetDEVID
                0x0800495c                HAL_GetUIDw0
                0x08004968                HAL_GetUIDw1
                0x08004974                HAL_GetUIDw2
                0x08004980                HAL_DBGMCU_EnableDBGSleepMode
                0x08004990                HAL_DBGMCU_DisableDBGSleepMode
                0x080049a0                HAL_DBGMCU_EnableDBGStopMode
                0x080049b0                HAL_DBGMCU_DisableDBGStopMode
                0x080049c0                HAL_DBGMCU_EnableDBGStandbyMode
                0x080049d0                HAL_DBGMCU_DisableDBGStandbyMode
                0x080049e0                HAL_SYSCFG_CCMSRAMErase
                0x080049f8                HAL_SYSCFG_EnableMemorySwappingBank
                0x08004a08                HAL_SYSCFG_DisableMemorySwappingBank
                0x08004a18                HAL_SYSCFG_VREFBUF_VoltageScalingConfig
                0x08004a2c                HAL_SYSCFG_VREFBUF_HighImpedanceConfig
                0x08004a40                HAL_SYSCFG_VREFBUF_TrimmingConfig
                0x08004a54                HAL_SYSCFG_EnableVREFBUF
                0x08004a84                HAL_SYSCFG_DisableVREFBUF
                0x08004a94                HAL_SYSCFG_EnableIOSwitchBooster
                0x08004aa4                HAL_SYSCFG_DisableIOSwitchBooster
                0x08004ab4                HAL_SYSCFG_EnableIOSwitchVDD
                0x08004ac4                HAL_SYSCFG_DisableIOSwitchVDD
                0x08004ad4                HAL_SYSCFG_CCMSRAM_WriteProtectionEnable
 .text          0x08004ae4      0x8fc cmake/stm32cubemx/CMakeFiles/STM32_Drivers.dir/__/__/Drivers/STM32G4xx_HAL_Driver/Src/stm32g4xx_hal_rcc.c.o
                0x08004ae4                HAL_RCC_DeInit
                0x08004b9c                HAL_RCC_OscConfig
                0x08004fb4                HAL_RCC_MCOConfig
                0x0800500c                HAL_RCC_GetSysClockFreq
                0x08005078                HAL_RCC_ClockConfig
                0x08005260                HAL_RCC_GetHCLKFreq
                0x0800526c                HAL_RCC_GetPCLK1Freq
                0x08005290                HAL_RCC_GetPCLK2Freq
                0x080052b4                HAL_RCC_GetOscConfig
                0x08005350                HAL_RCC_GetClockConfig
                0x0800538c                HAL_RCC_EnableCSS
                0x0800539c                HAL_RCC_EnableLSECSS
                0x080053b0                HAL_RCC_DisableLSECSS
                0x080053c4                HAL_RCC_CSSCallback
                0x080053c6                HAL_RCC_NMI_IRQHandler
 .text          0x080053e0      0x9b8 cmake/stm32cubemx/CMakeFiles/STM32_Drivers.dir/__/__/Drivers/STM32G4xx_HAL_Driver/Src/stm32g4xx_hal_rcc_ex.c.o
                0x080053e0                HAL_RCCEx_PeriphCLKConfig
                0x08005658                HAL_RCCEx_GetPeriphCLKConfig
                0x08005708                HAL_RCCEx_GetPeriphCLKFreq
                0x08005aa4                HAL_RCCEx_EnableLSECSS
                0x08005ab8                HAL_RCCEx_DisableLSECSS
                0x08005ad4                HAL_RCCEx_EnableLSECSS_IT
                0x08005b04                HAL_RCCEx_LSECSS_Callback
                0x08005b06                HAL_RCCEx_LSECSS_IRQHandler
                0x08005b20                HAL_RCCEx_EnableLSCO
                0x08005bb4                HAL_RCCEx_DisableLSCO
                0x08005c10                HAL_RCCEx_CRSConfig
                0x08005c5c                HAL_RCCEx_CRSSoftwareSynchronizationGenerate
                0x08005c6c                HAL_RCCEx_CRSGetSynchronizationInfo
                0x08005c90                HAL_RCCEx_CRSWaitSynchronization
                0x08005d1c                HAL_RCCEx_CRS_SyncOkCallback
                0x08005d1e                HAL_RCCEx_CRS_SyncWarnCallback
                0x08005d20                HAL_RCCEx_CRS_ExpectedSyncCallback
                0x08005d22                HAL_RCCEx_CRS_ErrorCallback
                0x08005d24                HAL_RCCEx_CRS_IRQHandler
 .text          0x08005d98      0x308 cmake/stm32cubemx/CMakeFiles/STM32_Drivers.dir/__/__/Drivers/STM32G4xx_HAL_Driver/Src/stm32g4xx_hal_gpio.c.o
                0x08005d98                HAL_GPIO_Init
                0x08005f34                HAL_GPIO_DeInit
                0x08006034                HAL_GPIO_ReadPin
                0x08006040                HAL_GPIO_WritePin
                0x0800604a                HAL_GPIO_TogglePin
                0x0800605c                HAL_GPIO_LockPin
                0x08006086                HAL_GPIO_EXTI_Callback
                0x08006088                HAL_GPIO_EXTI_IRQHandler
 .text          0x080060a0      0x288 cmake/stm32cubemx/CMakeFiles/STM32_Drivers.dir/__/__/Drivers/STM32G4xx_HAL_Driver/Src/stm32g4xx_hal_exti.c.o
                0x080060a0                HAL_EXTI_SetConfigLine
                0x08006150                HAL_EXTI_GetConfigLine
                0x080061f4                HAL_EXTI_ClearConfigLine
                0x08006280                HAL_EXTI_RegisterCallback
                0x08006294                HAL_EXTI_GetHandle
                0x080062a0                HAL_EXTI_IRQHandler
                0x080062d0                HAL_EXTI_GetPending
                0x080062f0                HAL_EXTI_ClearPending
                0x0800630c                HAL_EXTI_GenerateSWI
 .text          0x08006328      0x5d8 cmake/stm32cubemx/CMakeFiles/STM32_Drivers.dir/__/__/Drivers/STM32G4xx_HAL_Driver/Src/stm32g4xx_hal_dma.c.o
                0x080063a4                HAL_DMA_Init
                0x08006480                HAL_DMA_DeInit
                0x0800652c                HAL_DMA_Start
                0x08006572                HAL_DMA_Start_IT
                0x080065f2                HAL_DMA_Abort
                0x0800665e                HAL_DMA_Abort_IT
                0x080066d4                HAL_DMA_PollForTransfer
                0x080067ce                HAL_DMA_IRQHandler
                0x08006862                HAL_DMA_RegisterCallback
                0x080068a4                HAL_DMA_UnRegisterCallback
                0x080068f6                HAL_DMA_GetState
                0x080068fc                HAL_DMA_GetError
 .text          0x08006900      0x1b8 cmake/stm32cubemx/CMakeFiles/STM32_Drivers.dir/__/__/Drivers/STM32G4xx_HAL_Driver/Src/stm32g4xx_hal_pwr.c.o
                0x08006900                HAL_PWR_DeInit
                0x08006918                HAL_PWR_EnableBkUpAccess
                0x08006928                HAL_PWR_DisableBkUpAccess
                0x08006938                HAL_PWR_ConfigPVD
                0x080069a8                HAL_PWR_EnablePVD
                0x080069b8                HAL_PWR_DisablePVD
                0x080069c8                HAL_PWR_EnableWakeUpPin
                0x080069e8                HAL_PWR_DisableWakeUpPin
                0x080069fc                HAL_PWR_EnterSLEEPMode
                0x08006a3c                HAL_PWR_EnterSTOPMode
                0x08006a4e                HAL_PWR_EnterSTANDBYMode
                0x08006a74                HAL_PWR_EnableSleepOnExit
                0x08006a84                HAL_PWR_DisableSleepOnExit
                0x08006a94                HAL_PWR_EnableSEVOnPend
                0x08006aa4                HAL_PWR_DisableSEVOnPend
                0x08006ab4                HAL_PWR_PVDCallback
 .text          0x08006ab8      0x724 cmake/stm32cubemx/CMakeFiles/STM32_Drivers.dir/__/__/Drivers/STM32G4xx_HAL_Driver/Src/stm32g4xx_hal_pwr_ex.c.o
                0x08006ab8                HAL_PWREx_GetVoltageRange
                0x08006ad8                HAL_PWREx_ControlVoltageScaling
                0x08006b88                HAL_PWREx_EnableBatteryCharging
                0x08006ba4                HAL_PWREx_DisableBatteryCharging
                0x08006bb4                HAL_PWREx_EnableInternalWakeUpLine
                0x08006bc4                HAL_PWREx_DisableInternalWakeUpLine
                0x08006bd4                HAL_PWREx_EnableGPIOPullUp
                0x08006c80                HAL_PWREx_DisableGPIOPullUp
                0x08006d00                HAL_PWREx_EnableGPIOPullDown
                0x08006db0                HAL_PWREx_DisableGPIOPullDown
                0x08006e2c                HAL_PWREx_EnablePullUpPullDownConfig
                0x08006e3c                HAL_PWREx_DisablePullUpPullDownConfig
                0x08006e4c                HAL_PWREx_EnableSRAM2ContentRetention
                0x08006e5c                HAL_PWREx_DisableSRAM2ContentRetention
                0x08006e6c                HAL_PWREx_EnablePVM1
                0x08006e7c                HAL_PWREx_DisablePVM1
                0x08006e8c                HAL_PWREx_EnablePVM2
                0x08006e9c                HAL_PWREx_DisablePVM2
                0x08006eac                HAL_PWREx_EnablePVM3
                0x08006ebc                HAL_PWREx_DisablePVM3
                0x08006ecc                HAL_PWREx_EnablePVM4
                0x08006edc                HAL_PWREx_DisablePVM4
                0x08006eec                HAL_PWREx_ConfigPVM
                0x08007060                HAL_PWREx_EnableLowPowerRunMode
                0x08007070                HAL_PWREx_DisableLowPowerRunMode
                0x080070b0                HAL_PWREx_EnterSTOP0Mode
                0x080070e4                HAL_PWREx_EnterSTOP1Mode
                0x0800711c                HAL_PWREx_EnterSHUTDOWNMode
                0x08007140                HAL_PWREx_PVM1Callback
                0x08007142                HAL_PWREx_PVM2Callback
                0x08007144                HAL_PWREx_PVM3Callback
                0x08007146                HAL_PWREx_PVM4Callback
                0x08007148                HAL_PWREx_PVD_PVM_IRQHandler
                0x0800719c                HAL_PWREx_EnableUCPDStandbyMode
                0x080071ac                HAL_PWREx_DisableUCPDStandbyMode
                0x080071bc                HAL_PWREx_EnableUCPDDeadBattery
                0x080071cc                HAL_PWREx_DisableUCPDDeadBattery
 .text          0x080071dc      0x2d0 cmake/stm32cubemx/CMakeFiles/STM32_Drivers.dir/__/__/Drivers/STM32G4xx_HAL_Driver/Src/stm32g4xx_hal_cortex.c.o
                0x080071dc                HAL_NVIC_SetPriorityGrouping
                0x08007200                HAL_NVIC_SetPriority
                0x08007264                HAL_NVIC_EnableIRQ
                0x08007280                HAL_NVIC_DisableIRQ
                0x080072a4                HAL_NVIC_SystemReset
                0x080072c8                HAL_SYSTICK_Config
                0x080072f0                HAL_NVIC_GetPriorityGrouping
                0x08007300                HAL_NVIC_GetPriority
                0x08007358                HAL_NVIC_SetPendingIRQ
                0x08007374                HAL_NVIC_GetPendingIRQ
                0x08007398                HAL_NVIC_ClearPendingIRQ
                0x080073b4                HAL_NVIC_GetActive
                0x080073d8                HAL_SYSTICK_CLKSourceConfig
                0x080073ee                HAL_SYSTICK_Callback
                0x080073f0                HAL_SYSTICK_IRQHandler
                0x080073f8                HAL_MPU_Enable
                0x08007410                HAL_MPU_Disable
                0x08007424                HAL_MPU_EnableRegion
                0x0800743c                HAL_MPU_DisableRegion
                0x08007454                HAL_MPU_ConfigRegion
 .text          0x080074ac      0x1c0 cmake/stm32cubemx/CMakeFiles/STM32_Drivers.dir/__/__/Drivers/STM32G4xx_HAL_Driver/Src/stm32g4xx_hal_crc.c.o
                0x08007538                HAL_CRC_Init
                0x080075ae                HAL_CRC_DeInit
                0x080075de                HAL_CRC_Accumulate
                0x0800761e                HAL_CRC_Calculate
                0x08007666                HAL_CRC_GetState
 .text          0x0800766c       0x7e cmake/stm32cubemx/CMakeFiles/STM32_Drivers.dir/__/__/Drivers/STM32G4xx_HAL_Driver/Src/stm32g4xx_hal_crc_ex.c.o
                0x0800766c                HAL_CRCEx_Polynomial_Set
                0x080076ba                HAL_CRCEx_Input_Data_Reverse
                0x080076d2                HAL_CRCEx_Output_Data_Reverse
 *fill*         0x080076ea        0x2 
 .text          0x080076ec     0x2fc8 cmake/stm32cubemx/CMakeFiles/STM32_Drivers.dir/__/__/Drivers/STM32G4xx_HAL_Driver/Src/stm32g4xx_hal_i2c.c.o
                0x08007ae4                HAL_I2C_Init
                0x08007b90                HAL_I2C_DeInit
                0x08007bc2                HAL_I2C_Master_Transmit
                0x08007d18                HAL_I2C_Master_Receive
                0x08007e48                HAL_I2C_Slave_Transmit
                0x08007fcc                HAL_I2C_Slave_Receive
                0x0800810a                HAL_I2C_Master_Transmit_IT
                0x080081b4                HAL_I2C_Master_Receive_IT
                0x08008238                HAL_I2C_Slave_Transmit_IT
                0x080082b8                HAL_I2C_Slave_Receive_IT
                0x08008310                HAL_I2C_Master_Transmit_DMA
                0x08008464                HAL_I2C_Master_Receive_DMA
                0x08008590                HAL_I2C_Slave_Transmit_DMA
                0x080086a4                HAL_I2C_Slave_Receive_DMA
                0x08008778                HAL_I2C_Mem_Write
                0x0800892c                HAL_I2C_Mem_Read
                0x08008ae8                HAL_I2C_Mem_Write_IT
                0x08008b94                HAL_I2C_Mem_Read_IT
                0x08008c38                HAL_I2C_Mem_Write_DMA
                0x08008d54                HAL_I2C_Mem_Read_DMA
                0x08008e70                HAL_I2C_IsDeviceReady
                0x08008f7c                HAL_I2C_Master_Seq_Transmit_IT
                0x08009054                HAL_I2C_Master_Seq_Transmit_DMA
                0x080091e4                HAL_I2C_Master_Seq_Receive_IT
                0x08009288                HAL_I2C_Master_Seq_Receive_DMA
                0x080093dc                HAL_I2C_Slave_Seq_Transmit_IT
                0x080094a0                HAL_I2C_Slave_Seq_Transmit_DMA
                0x0800960c                HAL_I2C_Slave_Seq_Receive_IT
                0x080096d0                HAL_I2C_Slave_Seq_Receive_DMA
                0x08009838                HAL_I2C_EnableListen_IT
                0x08009860                HAL_I2C_DisableListen_IT
                0x08009898                HAL_I2C_Master_Abort_IT
                0x08009918                HAL_I2C_EV_IRQHandler
                0x0800996e                HAL_I2C_SlaveTxCpltCallback
                0x08009970                HAL_I2C_SlaveRxCpltCallback
                0x08009a16                HAL_I2C_AddrCallback
                0x08009a9e                HAL_I2C_ListenCpltCallback
                0x08009b00                HAL_I2C_MemTxCpltCallback
                0x08009b02                HAL_I2C_MemRxCpltCallback
                0x08009b04                HAL_I2C_ErrorCallback
                0x08009b06                HAL_I2C_AbortCpltCallback
                0x0800a270                HAL_I2C_ER_IRQHandler
                0x0800a6a2                HAL_I2C_GetState
                0x0800a6a8                HAL_I2C_GetMode
                0x0800a6ae                HAL_I2C_GetError
 .text          0x0800a6b4      0x174 cmake/stm32cubemx/CMakeFiles/STM32_Drivers.dir/__/__/Drivers/STM32G4xx_HAL_Driver/Src/stm32g4xx_hal_i2c_ex.c.o
                0x0800a6b4                HAL_I2CEx_ConfigAnalogFilter
                0x0800a700                HAL_I2CEx_ConfigDigitalFilter
                0x0800a74a                HAL_I2CEx_EnableWakeUp
                0x0800a78e                HAL_I2CEx_DisableWakeUp
                0x0800a7d2                HAL_I2CEx_EnableFastModePlus
                0x0800a7fc                HAL_I2CEx_DisableFastModePlus
 .text          0x0800a828     0x1f24 cmake/stm32cubemx/CMakeFiles/STM32_Drivers.dir/__/__/Drivers/STM32G4xx_HAL_Driver/Src/stm32g4xx_hal_uart.c.o
                0x0800aa0e                HAL_UART_DeInit
                0x0800aa4c                HAL_UART_Transmit_IT
                0x0800aaf8                HAL_UART_Transmit_DMA
                0x0800ab7c                HAL_UART_DMAPause
                0x0800abf6                HAL_UART_DMAResume
                0x0800ac6e                HAL_UART_DMAStop
                0x0800ad0a                HAL_UART_Abort
                0x0800ae00                HAL_UART_AbortTransmit
                0x0800ae8a                HAL_UART_AbortReceive
                0x0800af30                HAL_UART_TxCpltCallback
                0x0800af78                HAL_UART_TxHalfCpltCallback
                0x0800af84                HAL_UART_RxCpltCallback
                0x0800af86                HAL_UART_RxHalfCpltCallback
                0x0800af88                HAL_UART_ErrorCallback
                0x0800afd0                HAL_UART_AbortCpltCallback
                0x0800afd2                HAL_UART_Abort_IT
                0x0800b172                HAL_UART_AbortTransmitCpltCallback
                0x0800b174                HAL_UART_AbortTransmit_IT
                0x0800b226                HAL_UART_AbortReceiveCpltCallback
                0x0800b228                HAL_UART_AbortReceive_IT
                0x0800b304                HAL_UART_IRQHandler
                0x0800bbae                HAL_UART_ReceiverTimeout_Config
                0x0800bbc8                HAL_UART_EnableReceiverTimeout
                0x0800bc08                HAL_UART_DisableReceiverTimeout
                0x0800bc48                HAL_MultiProcessor_EnterMuteMode
                0x0800bc54                HAL_HalfDuplex_EnableTransmitter
                0x0800bca0                HAL_HalfDuplex_EnableReceiver
                0x0800bcec                HAL_LIN_SendBreak
                0x0800bd18                HAL_UART_GetState
                0x0800bd24                HAL_UART_GetError
                0x0800bd2a                UART_SetConfig
                0x0800bf5c                UART_AdvFeatureConfig
                0x0800c004                UART_WaitOnFlagUntilTimeout
                0x0800c094                HAL_UART_Transmit
                0x0800c14a                HAL_UART_Receive
                0x0800c228                UART_CheckIdleState
                0x0800c2de                HAL_UART_Init
                0x0800c33e                HAL_HalfDuplex_Init
                0x0800c3a6                HAL_LIN_Init
                0x0800c42a                HAL_MultiProcessor_Init
                0x0800c4ac                HAL_MultiProcessor_EnableMuteMode
                0x0800c4e0                HAL_MultiProcessor_DisableMuteMode
                0x0800c514                UART_Start_Receive_IT
                0x0800c624                HAL_UART_Receive_IT
                0x0800c668                UART_Start_Receive_DMA
                0x0800c708                HAL_UART_Receive_DMA
 .text          0x0800c74c      0x484 cmake/stm32cubemx/CMakeFiles/STM32_Drivers.dir/__/__/Drivers/STM32G4xx_HAL_Driver/Src/stm32g4xx_hal_uart_ex.c.o
                0x0800c790                HAL_RS485Ex_Init
                0x0800c80a                HAL_UARTEx_WakeupCallback
                0x0800c80c                HAL_UARTEx_RxFifoFullCallback
                0x0800c80e                HAL_UARTEx_TxFifoEmptyCallback
                0x0800c810                HAL_MultiProcessorEx_AddressLength_Set
                0x0800c83c                HAL_UARTEx_StopModeWakeUpSourceConfig
                0x0800c8c8                HAL_UARTEx_EnableStopMode
                0x0800c8f4                HAL_UARTEx_DisableStopMode
                0x0800c920                HAL_UARTEx_EnableFifoMode
                0x0800c960                HAL_UARTEx_DisableFifoMode
                0x0800c996                HAL_UARTEx_SetTxFifoThreshold
                0x0800c9d6                HAL_UARTEx_SetRxFifoThreshold
                0x0800ca16                HAL_UARTEx_ReceiveToIdle
                0x0800cb3c                HAL_UARTEx_ReceiveToIdle_IT
                0x0800cb82                HAL_UARTEx_ReceiveToIdle_DMA
                0x0800cbcc                HAL_UARTEx_GetRxEventType
 .text          0x0800cbd0      0x190 cmake/stm32cubemx/CMakeFiles/STM32_Drivers.dir/__/__/Drivers/BSP/STM32G4xx_Nucleo/stm32g4xx_nucleo.c.o
                0x0800cbd0                BSP_GetVersion
                0x0800cbd8                BSP_GetBoardName
                0x0800cbe0                BSP_GetBoardID
                0x0800cbe8                BSP_LED_Init
                0x0800cc30                BSP_LED_DeInit
                0x0800cc4c                BSP_LED_On
                0x0800cc5e                BSP_LED_Off
                0x0800cc70                BSP_LED_Toggle
                0x0800cc80                BSP_LED_GetState
                0x0800cc8e                BSP_PB_Init
                0x0800cd14                BSP_PB_DeInit
                0x0800cd30                BSP_PB_GetState
                0x0800cd44                BSP_PB_IRQHandler
 .text          0x0800cd60      0x3a8 cmake/stm32cubemx/CMakeFiles/FreeRTOS.dir/__/__/Middlewares/Third_Party/FreeRTOS/Source/event_groups.c.o
                0x0800cd60                xEventGroupCreateStatic
                0x0800cda8                xEventGroupCreate
                0x0800cdc4                xEventGroupWaitBits
                0x0800ced4                xEventGroupClearBits
                0x0800cf1a                vEventGroupClearBitsCallback
                0x0800cf1e                xEventGroupClearBitsFromISR
                0x0800cf30                xEventGroupGetBitsFromISR
                0x0800cf4c                xEventGroupSetBits
                0x0800cfd4                xEventGroupSync
                0x0800d0a4                vEventGroupSetBitsCallback
                0x0800d0a8                vEventGroupDelete
                0x0800d0ec                xEventGroupSetBitsFromISR
                0x0800d0fc                uxEventGroupGetNumber
                0x0800d102                vEventGroupSetNumber
 .text          0x0800d108       0x80 cmake/stm32cubemx/CMakeFiles/FreeRTOS.dir/__/__/Middlewares/Third_Party/FreeRTOS/Source/list.c.o
                0x0800d108                vListInitialise
                0x0800d11e                vListInitialiseItem
                0x0800d124                vListInsertEnd
                0x0800d13a                vListInsert
                0x0800d168                uxListRemove
 .text          0x0800d188      0xd70 cmake/stm32cubemx/CMakeFiles/FreeRTOS.dir/__/__/Middlewares/Third_Party/FreeRTOS/Source/queue.c.o
                0x0800d29c                xQueueGenericReset
                0x0800d31a                xQueueGenericCreateStatic
                0x0800d3b6                xQueueGenericCreate
                0x0800d404                xQueueGetMutexHolder
                0x0800d41e                xQueueGetMutexHolderFromISR
                0x0800d43e                xQueueCreateCountingSemaphoreStatic
                0x0800d482                xQueueCreateCountingSemaphore
                0x0800d4be                xQueueGenericSend
                0x0800d622                xQueueCreateMutexStatic
                0x0800d64c                xQueueGiveMutexRecursive
                0x0800d68a                xQueueCreateMutex
                0x0800d6c4                xQueueGenericSendFromISR
                0x0800d77e                xQueueGiveFromISR
                0x0800d820                xQueueReceive
                0x0800d95c                xQueueSemaphoreTake
                0x0800dad6                xQueueTakeMutexRecursive
                0x0800db18                xQueuePeek
                0x0800dc50                xQueueReceiveFromISR
                0x0800dcea                xQueuePeekFromISR
                0x0800dd60                uxQueueMessagesWaiting
                0x0800dd86                uxQueueSpacesAvailable
                0x0800ddb0                uxQueueMessagesWaitingFromISR
                0x0800ddc8                uxQueueGetQueueNumber
                0x0800ddcc                vQueueSetQueueNumber
                0x0800ddd0                ucQueueGetQueueType
                0x0800ddd6                xQueueIsQueueEmptyFromISR
                0x0800ddf4                xQueueIsQueueFullFromISR
                0x0800de14                vQueueAddToRegistry
                0x0800de38                pcQueueGetName
                0x0800de5c                vQueueUnregisterQueue
                0x0800de84                vQueueDelete
                0x0800deb2                vQueueWaitForMessageRestricted
 .text          0x0800def8     0x1600 cmake/stm32cubemx/CMakeFiles/FreeRTOS.dir/__/__/Middlewares/Third_Party/FreeRTOS/Source/tasks.c.o
                0x0800e1b2                xTaskCreateStatic
                0x0800e222                xTaskCreate
                0x0800e27e                vTaskDelete
                0x0800e31c                eTaskGetState
                0x0800e398                uxTaskPriorityGet
                0x0800e3b4                uxTaskPriorityGetFromISR
                0x0800e3e4                vTaskPrioritySet
                0x0800e4a4                vTaskResume
                0x0800e524                xTaskResumeFromISR
                0x0800e5bc                vTaskStartScheduler
                0x0800e644                vTaskEndScheduler
                0x0800e664                vTaskSuspendAll
                0x0800e678                xTaskGetTickCount
                0x0800e684                xTaskGetTickCountFromISR
                0x0800e698                uxTaskGetNumberOfTasks
                0x0800e6a4                pcTaskGetName
                0x0800e6c8                xTaskIncrementTick
                0x0800e7c4                xTaskResumeAll
                0x0800e8a0                vTaskDelayUntil
                0x0800e930                vTaskDelay
                0x0800e97c                xTaskCatchUpTicks
                0x0800e9b4                vTaskSwitchContext
                0x0800ea4c                vTaskSuspend
                0x0800eaf4                vTaskPlaceOnEventList
                0x0800eb28                vTaskPlaceOnUnorderedEventList
                0x0800eb7c                vTaskPlaceOnEventListRestricted
                0x0800ebb8                xTaskRemoveFromEventList
                0x0800ec2c                vTaskRemoveFromUnorderedEventList
                0x0800eca8                vTaskSetTimeOutState
                0x0800ece0                vTaskInternalSetTimeOutState
                0x0800ecf4                xTaskCheckForTimeOut
                0x0800ed6c                vTaskMissedYield
                0x0800ed7c                uxTaskGetTaskNumber
                0x0800ed82                vTaskSetTaskNumber
                0x0800ed88                vTaskGetInfo
                0x0800ee5e                uxTaskGetSystemState
                0x0800eefc                uxTaskGetStackHighWaterMark
                0x0800ef1c                xTaskGetCurrentTaskHandle
                0x0800ef28                xTaskGetSchedulerState
                0x0800ef48                xTaskPriorityInherit
                0x0800efc4                xTaskPriorityDisinherit
                0x0800f044                vTaskPriorityDisinheritAfterTimeout
                0x0800f0dc                uxTaskResetEventItemValue
                0x0800f0f4                pvTaskIncrementMutexHeldCount
                0x0800f10c                ulTaskNotifyTake
                0x0800f170                xTaskNotifyWait
                0x0800f1fc                xTaskGenericNotify
                0x0800f2e0                xTaskGenericNotifyFromISR
                0x0800f3e8                vTaskNotifyGiveFromISR
                0x0800f4a4                xTaskNotifyStateClear
                0x0800f4d0                ulTaskNotifyValueClear
 .text          0x0800f4f8      0x62c cmake/stm32cubemx/CMakeFiles/FreeRTOS.dir/__/__/Middlewares/Third_Party/FreeRTOS/Source/timers.c.o
                0x0800f584                xTimerCreateTimerTask
                0x0800f5e4                xTimerCreate
                0x0800f63e                xTimerCreateStatic
                0x0800f6c4                xTimerGenericCommand
                0x0800f96c                xTimerGetTimerDaemonTaskHandle
                0x0800f98c                xTimerGetPeriod
                0x0800f9a4                vTimerSetReloadMode
                0x0800f9de                uxTimerGetReloadMode
                0x0800fa0a                xTimerGetExpiryTime
                0x0800fa22                pcTimerGetName
                0x0800fa3a                xTimerIsTimerActive
                0x0800fa66                pvTimerGetTimerID
                0x0800fa8c                vTimerSetTimerID
                0x0800fab4                xTimerPendFunctionCallFromISR
                0x0800fadc                xTimerPendFunctionCall
                0x0800fb1c                uxTimerGetTimerNumber
                0x0800fb20                vTimerSetTimerNumber
 .text          0x0800fb24      0xf3c cmake/stm32cubemx/CMakeFiles/FreeRTOS.dir/__/__/Middlewares/Third_Party/FreeRTOS/Source/CMSIS_RTOS_V2/cmsis_os2.c.o
                0x0800fb38                SysTick_Handler
                0x0800fb52                osKernelInitialize
                0x0800fb74                osKernelGetInfo
                0x0800fba0                osKernelGetState
                0x0800fbc0                osKernelStart
                0x0800fbf4                osKernelLock
                0x0800fc1e                osKernelUnlock
                0x0800fc54                osKernelRestoreLock
                0x0800fc98                osKernelGetTickCount
                0x0800fca6                osKernelGetTickFreq
                0x0800fcac                osKernelGetSysTimerCount
                0x0800fcf6                osKernelGetSysTimerFreq
                0x0800fd00                osThreadNew
                0x0800fd8e                osThreadGetName
                0x0800fd9e                osThreadGetId
                0x0800fda2                osThreadGetState
                0x0800fdc8                osThreadGetStackSpace
                0x0800fde0                osThreadSetPriority
                0x0800fe04                osThreadGetPriority
                0x0800fe16                osThreadYield
                0x0800fe38                osThreadSuspend
                0x0800fe56                osThreadResume
                0x0800fe74                osThreadExit
                0x0800fe76                osThreadTerminate
                0x0800fe7c                osThreadGetCount
                0x0800fe8a                osThreadEnumerate
                0x0800feee                osThreadFlagsSet
                0x0800ff62                osThreadFlagsClear
                0x0800ffb0                osThreadFlagsGet
                0x0800ffdc                osThreadFlagsWait
                0x08010078                osDelay
                0x08010090                osDelayUntil
                0x080100be                osTimerNew
                0x08010130                osTimerGetName
                0x08010140                osTimerStart
                0x0801016e                osTimerStop
                0x080101ac                osTimerIsRunning
                0x080101bc                osTimerDelete
                0x080101c2                osEventFlagsNew
                0x080101e2                osEventFlagsSet
                0x08010234                osEventFlagsClear
                0x08010270                osEventFlagsGet
                0x08010282                osEventFlagsWait
                0x080102d6                osEventFlagsDelete
                0x080102dc                osMutexNew
                0x08010346                osMutexAcquire
                0x0801038c                osMutexRelease
                0x080103ca                osMutexGetOwner
                0x080103e0                osMutexDelete
                0x080103e6                osSemaphoreNew
                0x0801047a                osSemaphoreAcquire
                0x080104d2                osSemaphoreRelease
                0x08010524                osSemaphoreGetCount
                0x08010536                osSemaphoreDelete
                0x0801053c                osMessageQueueNew
                0x080105b2                osMessageQueuePut
                0x08010614                osMessageQueueGet
                0x08010674                osMessageQueueGetCapacity
                0x0801067a                osMessageQueueGetMsgSize
                0x08010680                osMessageQueueGetCount
                0x08010684                osMessageQueueGetSpace
                0x080106b2                osMessageQueueReset
                0x080106d2                osMessageQueueDelete
                0x080106d8                osMemoryPoolNew
                0x080107c0                osMemoryPoolGetName
                0x080107d0                osMemoryPoolAlloc
                0x08010880                osMemoryPoolFree
                0x08010938                osMemoryPoolGetCapacity
                0x08010950                osMemoryPoolGetBlockSize
                0x08010968                osMemoryPoolGetCount
                0x08010998                osMemoryPoolGetSpace
                0x080109bc                osMemoryPoolDelete
                0x08010a2c                vApplicationGetIdleTaskMemory
                0x08010a44                vApplicationGetTimerTaskMemory
 .text          0x08010a60       0x80 cmake/stm32cubemx/CMakeFiles/FreeRTOS.dir/__/__/Middlewares/Third_Party/FreeRTOS/Source/portable/MemMang/heap_1.c.o
                0x08010a60                pvPortMalloc
                0x08010aac                vPortFree
                0x08010ac2                vPortInitialiseBlocks
                0x08010ad0                xPortGetFreeHeapSize
 .text          0x08010ae0      0x360 cmake/stm32cubemx/CMakeFiles/FreeRTOS.dir/__/__/Middlewares/Third_Party/FreeRTOS/Source/portable/GCC/ARM_CM4F/port.c.o
                0x08010b50                pxPortInitialiseStack
                0x08010b7c                SVC_Handler
                0x08010ba4                vPortEndScheduler
                0x08010bc8                vPortEnterCritical
                0x08010c08                vPortExitCritical
                0x08010c30                PendSV_Handler
                0x08010c94                xPortSysTickHandler
                0x08010cc0                vPortSetupTimerInterrupt
                0x08010ce4                xPortStartScheduler
                0x08010de4                vPortValidateInterruptPriority
 .text          0x08010e40      0x1f0 CMakeFiles/serial-frtos.dir/Core/Src/main.c.o
                0x08010e40                SystemClock_Config
                0x08010eaa                __wrap_malloc
                0x08010eae                __wrap_free
                0x08010eb2                HAL_I2C_MasterRxCpltCallback
                0x08010f54                HAL_I2C_MasterTxCpltCallback
                0x08010f70                HAL_UARTEx_RxEventCallback
                0x08010fb4                HAL_TIM_PeriodElapsedCallback
                0x0801101c                BSP_PB_Callback
                0x0801102c                Error_Handler
 .text          0x08011030       0xdc CMakeFiles/serial-frtos.dir/Core/Src/gpio.c.o
                0x08011030                MX_GPIO_Init
 .text          0x0801110c      0x72c CMakeFiles/serial-frtos.dir/Core/Src/app_freertos.c.o
                0x0801110c                vApplicationIdleHook
                0x0801110e                vApplicationStackOverflowHook
                0x08011110                MX_FREERTOS_Init
                0x08011154                cobs_encode
                0x080111a0                cobs_decode
                0x080111f2                print_val
                0x08011228                print_val_float
                0x08011290                parse_imu_data
                0x08011388                parse_mag_data
                0x0801140c                StartMadgwickTask
                0x08011508                Motor_A_Fwd
                0x08011534                Motor_A_Back
                0x08011560                Motor_A_Stop
                0x0801158c                Motor_B_Fwd
                0x080115bc                Motor_B_Back
                0x080115ec                Motor_B_Stop
                0x08011618                Motors_Fwd
                0x0801162a                Motors_Back
                0x0801163c                Motors_Stop
                0x0801164a                StartDefaultTask
                0x08011794                StartMotorCtrlTask
 .text          0x08011838      0x1bc CMakeFiles/serial-frtos.dir/Core/Src/cordic.c.o
                0x08011838                MX_CORDIC_Init
                0x0801187c                HAL_CORDIC_MspInit
                0x080118a8                HAL_CORDIC_MspDeInit
                0x080118c4                Cordic_InvSqrt
                0x08011938                Cordic_Sqrt
 .text          0x080119f4       0x7c CMakeFiles/serial-frtos.dir/Core/Src/crc.c.o
                0x080119f4                MX_CRC_Init
                0x08011a2c                HAL_CRC_MspInit
                0x08011a54                HAL_CRC_MspDeInit
 .text          0x08011a70       0x74 CMakeFiles/serial-frtos.dir/Core/Src/dma.c.o
                0x08011a70                MX_DMA_Init
 .text          0x08011ae4      0x1d0 CMakeFiles/serial-frtos.dir/Core/Src/i2c.c.o
                0x08011ae4                MX_I2C1_Init
                0x08011b3c                HAL_I2C_MspInit
                0x08011c60                HAL_I2C_MspDeInit
 .text          0x08011cb4      0x258 CMakeFiles/serial-frtos.dir/Core/Src/tim.c.o
                0x08011cb4                MX_TIM3_Init
                0x08011d24                HAL_TIM_Base_MspInit
                0x08011d84                HAL_TIM_MspPostInit
                0x08011dd4                MX_TIM1_Init
                0x08011ed4                HAL_TIM_Base_MspDeInit
 .text          0x08011f0c      0x1bc CMakeFiles/serial-frtos.dir/Core/Src/usart.c.o
                0x08011f0c                MX_USART2_UART_Init
                0x08011f74                HAL_UART_MspInit
                0x08012084                HAL_UART_MspDeInit
 .text          0x080120c8       0x7c CMakeFiles/serial-frtos.dir/Core/Src/stm32g4xx_it.c.o
                0x080120c8                NMI_Handler
                0x080120ca                HardFault_Handler
                0x080120cc                MemManage_Handler
                0x080120ce                BusFault_Handler
                0x080120d0                UsageFault_Handler
                0x080120d2                DebugMon_Handler
                0x080120d4                DMA1_Channel1_IRQHandler
                0x080120e0                DMA1_Channel2_IRQHandler
                0x080120ec                DMA1_Channel3_IRQHandler
                0x080120f8                DMA1_Channel4_IRQHandler
                0x08012104                TIM3_IRQHandler
                0x08012110                I2C1_EV_IRQHandler
                0x0801211c                I2C1_ER_IRQHandler
                0x08012128                USART2_IRQHandler
                0x08012134                EXTI15_10_IRQHandler
                0x0801213a                TIM6_DAC_IRQHandler
 .text          0x08012144       0x44 CMakeFiles/serial-frtos.dir/Core/Src/stm32g4xx_hal_msp.c.o
                0x08012144                HAL_MspInit
 .text          0x08012188       0xb4 CMakeFiles/serial-frtos.dir/Core/Src/stm32g4xx_hal_timebase_tim.c.o
                0x08012188                HAL_InitTick
                0x08012214                HAL_SuspendTick
                0x08012228                HAL_ResumeTick
 .text          0x0801223c        0x6 CMakeFiles/serial-frtos.dir/Core/Src/sysmem.c.o
                0x0801223c                _sbrk
 .text          0x08012242       0xdc CMakeFiles/serial-frtos.dir/Core/Src/syscalls.c.o
                0x08012242                initialise_monitor_handles
                0x08012244                _getpid
                0x08012248                _kill
                0x08012258                _exit
                0x08012264                _read
                0x08012280                _write
                0x0801229c                _close
                0x080122a2                _fstat
                0x080122ac                _isatty
                0x080122b0                _lseek
                0x080122b4                _open
                0x080122be                _wait
                0x080122ce                _unlink
                0x080122de                _times
                0x080122e4                _stat
                0x080122ee                _link
                0x080122fe                _fork
                0x0801230e                _execve
 *fill*         0x0801231e        0x2 
 .text          0x08012320      0x880 CMakeFiles/serial-frtos.dir/Core/Src/MadgwickAHRS.c.o
                0x08012320                MadgwickAHRSupdateIMU
                0x080125e8                MadgwickAHRSupdate
                0x08012b38                print_val2
 .text          0x08012ba0      0x378 /usr/lib/gcc/arm-none-eabi/13.2.1/thumb/v7e-m+fp/hard/libgcc.a(_arm_addsubdf3.o)
                0x08012ba0                __aeabi_drsub
                0x08012ba8                __aeabi_dsub
                0x08012ba8                __subdf3
                0x08012bac                __adddf3
                0x08012bac                __aeabi_dadd
                0x08012e24                __aeabi_ui2d
                0x08012e24                __floatunsidf
                0x08012e44                __floatsidf
                0x08012e44                __aeabi_i2d
                0x08012e68                __extendsfdf2
                0x08012e68                __aeabi_f2d
                0x08012eac                __aeabi_ul2d
                0x08012eac                __floatundidf
                0x08012ebc                __floatdidf
                0x08012ebc                __aeabi_l2d
 .text          0x08012f18       0x30 /usr/lib/gcc/arm-none-eabi/13.2.1/thumb/v7e-m+fp/hard/libgcc.a(_aeabi_uldivmod.o)
                0x08012f18                __aeabi_uldivmod
 .text          0x08012f48       0x30 /usr/lib/gcc/arm-none-eabi/13.2.1/thumb/v7e-m+fp/hard/libgcc.a(_fixdfdi.o)
                0x08012f48                __aeabi_d2lz
                0x08012f48                __fixdfdi
 .text          0x08012f78       0x3c /usr/lib/gcc/arm-none-eabi/13.2.1/thumb/v7e-m+fp/hard/libgcc.a(_fixunsdfdi.o)
                0x08012f78                __aeabi_d2ulz
                0x08012f78                __fixunsdfdi
 .text          0x08012fb4      0x2bc /usr/lib/gcc/arm-none-eabi/13.2.1/thumb/v7e-m+fp/hard/libgcc.a(_udivmoddi4.o)
                0x08012fb4                __udivmoddi4
 .text          0x08013270        0x4 /usr/lib/gcc/arm-none-eabi/13.2.1/thumb/v7e-m+fp/hard/libgcc.a(_dvmd_tls.o)
                0x08013270                __aeabi_ldiv0
                0x08013270                __aeabi_idiv0
 .text          0x08013274      0x110 /usr/lib/gcc/arm-none-eabi/13.2.1/thumb/v7e-m+fp/hard/libgcc.a(_arm_cmpdf2.o)
                0x08013274                __gtdf2
                0x08013274                __gedf2
                0x0801327c                __ltdf2
                0x0801327c                __ledf2
                0x08013284                __cmpdf2
                0x08013284                __eqdf2
                0x08013284                __nedf2
                0x08013300                __aeabi_cdrcmple
                0x08013310                __aeabi_cdcmple
                0x08013310                __aeabi_cdcmpeq
                0x08013320                __aeabi_dcmpeq
                0x08013334                __aeabi_dcmplt
                0x08013348                __aeabi_dcmple
                0x0801335c                __aeabi_dcmpge
                0x08013370                __aeabi_dcmpgt
 .text          0x08013384       0x40 /usr/lib/gcc/arm-none-eabi/13.2.1/thumb/v7e-m+fp/hard/libgcc.a(_arm_fixunsdfsi.o)
                0x08013384                __fixunsdfsi
                0x08013384                __aeabi_d2uiz
 .text          0x080133c4       0xa4 /usr/lib/gcc/arm-none-eabi/13.2.1/../../../arm-none-eabi/lib/thumb/v7e-m+fp/hard/libg.a(libc_a-memset.o)
                0x080133c4                memset
 .text          0x08013468        0xc /usr/lib/gcc/arm-none-eabi/13.2.1/../../../arm-none-eabi/lib/thumb/v7e-m+fp/hard/libg.a(libc_a-errno.o)
                0x08013468                __errno
 .text          0x08013474      0x134 /usr/lib/gcc/arm-none-eabi/13.2.1/../../../arm-none-eabi/lib/thumb/v7e-m+fp/hard/libg.a(libc_a-memcpy.o)
                0x08013474                memcpy
 .text          0x080135a8       0x50 /usr/lib/gcc/arm-none-eabi/13.2.1/../../../arm-none-eabi/lib/thumb/v7e-m+fp/hard/libg.a(libc_a-init.o)
                0x080135a8                __libc_init_array
 .text          0x080135f8      0x224 /usr/lib/gcc/arm-none-eabi/13.2.1/../../../arm-none-eabi/lib/thumb/v7e-m+fp/hard/libg.a(libc_a-findfp.o)
                0x08013728                __sfp
                0x080137cc                __sinit
                0x080137ec                __sfp_lock_acquire
                0x080137f0                __sfp_lock_release
                0x080137f4                __fp_lock_all
                0x08013808                __fp_unlock_all
 .text          0x0801381c        0xc /usr/lib/gcc/arm-none-eabi/13.2.1/../../../arm-none-eabi/lib/thumb/v7e-m+fp/hard/libg.a(libc_a-atexit.o)
                0x0801381c                atexit
 .text          0x08013828       0x80 /usr/lib/gcc/arm-none-eabi/13.2.1/../../../arm-none-eabi/lib/thumb/v7e-m+fp/hard/libg.a(libc_a-sprintf.o)
                0x08013828                _sprintf_r
                0x08013864                sprintf
 .text          0x080138a8       0x28 /usr/lib/gcc/arm-none-eabi/13.2.1/../../../arm-none-eabi/lib/thumb/v7e-m+fp/hard/libg.a(libc_a-fini.o)
                0x080138a8                __libc_fini_array
 .text          0x080138d0       0x44 /usr/lib/gcc/arm-none-eabi/13.2.1/../../../arm-none-eabi/lib/thumb/v7e-m+fp/hard/libg.a(libc_a-fwalk.o)
                0x080138d0                _fwalk_sglue
 *fill*         0x08013914        0x4 
 .text          0x08013918     0x13c0 /usr/lib/gcc/arm-none-eabi/13.2.1/../../../arm-none-eabi/lib/thumb/v7e-m+fp/hard/libg.a(libc_a-svfprintf.o)
                0x08013918                _svfprintf_r
 .text          0x08014cd8      0x554 /usr/lib/gcc/arm-none-eabi/13.2.1/../../../arm-none-eabi/lib/thumb/v7e-m+fp/hard/libg.a(libc_a-mallocr.o)
                0x08014cd8                _malloc_r
 *fill*         0x0801522c        0x4 
 .text          0x08015230      0xfb0 /usr/lib/gcc/arm-none-eabi/13.2.1/../../../arm-none-eabi/lib/thumb/v7e-m+fp/hard/libg.a(libc_a-dtoa.o)
                0x0801535c                _dtoa_r
 .text          0x080161e0      0x2b0 /usr/lib/gcc/arm-none-eabi/13.2.1/../../../arm-none-eabi/lib/thumb/v7e-m+fp/hard/libg.a(libc_a-freer.o)
                0x080161e0                _malloc_trim_r
                0x08016298                _free_r
 .text          0x08016490       0x90 /usr/lib/gcc/arm-none-eabi/13.2.1/../../../arm-none-eabi/lib/thumb/v7e-m+fp/hard/libg.a(libc_a-fclose.o)
                0x08016490                _fclose_r
                0x08016510                fclose
 .text          0x08016520       0x1c /usr/lib/gcc/arm-none-eabi/13.2.1/../../../arm-none-eabi/lib/thumb/v7e-m+fp/hard/libg.a(libc_a-sysconf.o)
                0x08016520                sysconf
 .text          0x0801653c       0x94 /usr/lib/gcc/arm-none-eabi/13.2.1/../../../arm-none-eabi/lib/thumb/v7e-m+fp/hard/libg.a(libc_a-stdio.o)
                0x0801653c                __sread
                0x08016560                __seofread
                0x08016564                __swrite
                0x080165a4                __sseek
                0x080165c8                __sclose
 .text          0x080165d0       0x64 /usr/lib/gcc/arm-none-eabi/13.2.1/../../../arm-none-eabi/lib/thumb/v7e-m+fp/hard/libg.a(libc_a-__atexit.o)
                0x080165d0                __register_exitproc
 .text          0x08016634       0x2c /usr/lib/gcc/arm-none-eabi/13.2.1/../../../arm-none-eabi/lib/thumb/v7e-m+fp/hard/libg.a(libc_a-writer.o)
                0x08016634                _write_r
 .text          0x08016660        0x8 /usr/lib/gcc/arm-none-eabi/13.2.1/../../../arm-none-eabi/lib/thumb/v7e-m+fp/hard/libg.a(libc_a-mlock.o)
                0x08016660                __malloc_lock
                0x08016664                __malloc_unlock
 .text          0x08016668       0x58 /usr/lib/gcc/arm-none-eabi/13.2.1/../../../arm-none-eabi/lib/thumb/v7e-m+fp/hard/libg.a(libc_a-ssprint_r.o)
                0x08016668                __ssprint_r
 .text          0x080166c0       0x24 /usr/lib/gcc/arm-none-eabi/13.2.1/../../../arm-none-eabi/lib/thumb/v7e-m+fp/hard/libg.a(libc_a-sbrkr.o)
                0x080166c0                _sbrk_r
 .text          0x080166e4       0x24 /usr/lib/gcc/arm-none-eabi/13.2.1/../../../arm-none-eabi/lib/thumb/v7e-m+fp/hard/libg.a(libc_a-closer.o)
                0x080166e4                _close_r
 *fill*         0x08016708       0x38 
 .text          0x08016740       0xd8 /usr/lib/gcc/arm-none-eabi/13.2.1/../../../arm-none-eabi/lib/thumb/v7e-m+fp/hard/libg.a(libc_a-strlen.o)
                0x08016740                strlen
 .text          0x08016818       0x4c /usr/lib/gcc/arm-none-eabi/13.2.1/../../../arm-none-eabi/lib/thumb/v7e-m+fp/hard/libg.a(libc_a-assert.o)
                0x08016818                __assert_func
                0x08016858                __assert
 .text          0x08016864      0xab8 /usr/lib/gcc/arm-none-eabi/13.2.1/../../../arm-none-eabi/lib/thumb/v7e-m+fp/hard/libg.a(libc_a-mprec.o)
                0x08016864                _Balloc
                0x080168b0                _Bfree
                0x080168c4                __multadd
                0x08016964                __s2b
                0x08016a18                __hi0bits
                0x08016a5c                __lo0bits
                0x08016abc                __i2b
                0x08016b18                __multiply
                0x08016c84                __pow5mult
                0x08016d38                __lshift
                0x08016e28                __mcmp
                0x08016e6c                __mdiff
                0x08016fe4                __ulp
                0x08017048                __b2d
                0x08017104                __d2b
                0x080171c4                __ratio
                0x08017224                _mprec_log10
                0x08017264                __copybits
                0x080172c0                __any_on
 .text          0x0801731c       0x14 /usr/lib/gcc/arm-none-eabi/13.2.1/../../../arm-none-eabi/lib/thumb/v7e-m+fp/hard/libg.a(libc_a-localeconv.o)
                0x0801731c                __localeconv_l
                0x08017320                _localeconv_r
                0x08017328                localeconv
 .text          0x08017330       0xa0 /usr/lib/gcc/arm-none-eabi/13.2.1/../../../arm-none-eabi/lib/thumb/v7e-m+fp/hard/libg.a(libc_a-memchr.o)
                0x08017330                memchr
 .text          0x080173d0       0x40 /usr/lib/gcc/arm-none-eabi/13.2.1/../../../arm-none-eabi/lib/thumb/v7e-m+fp/hard/libg.a(libc_a-mbtowc_r.o)
                0x080173d0                _mbtowc_r
                0x080173e4                __ascii_mbtowc
 .text          0x08017410      0x1ac /usr/lib/gcc/arm-none-eabi/13.2.1/../../../arm-none-eabi/lib/thumb/v7e-m+fp/hard/libg.a(libc_a-fflush.o)
                0x08017410                __sflush_r
                0x08017548                _fflush_r
                0x08017574                fflush
 .text          0x080175bc       0x10 /usr/lib/gcc/arm-none-eabi/13.2.1/../../../arm-none-eabi/lib/thumb/v7e-m+fp/hard/libg.a(libc_a-abort.o)
                0x080175bc                abort
 .text          0x080175cc       0x6c /usr/lib/gcc/arm-none-eabi/13.2.1/../../../arm-none-eabi/lib/thumb/v7e-m+fp/hard/libg.a(libc_a-callocr.o)
                0x080175cc                _calloc_r
 .text          0x08017638       0xc0 /usr/lib/gcc/arm-none-eabi/13.2.1/../../../arm-none-eabi/lib/thumb/v7e-m+fp/hard/libg.a(libc_a-ssputs_r.o)
                0x08017638                __ssputs_r
 .text          0x080176f8       0x2c /usr/lib/gcc/arm-none-eabi/13.2.1/../../../arm-none-eabi/lib/thumb/v7e-m+fp/hard/libg.a(libc_a-readr.o)
                0x080176f8                _read_r
 .text          0x08017724       0x44 /usr/lib/gcc/arm-none-eabi/13.2.1/../../../arm-none-eabi/lib/thumb/v7e-m+fp/hard/libg.a(libc_a-fiprintf.o)
                0x08017724                _fiprintf_r
                0x08017740                fiprintf
 .text          0x08017768       0x30 /usr/lib/gcc/arm-none-eabi/13.2.1/../../../arm-none-eabi/lib/thumb/v7e-m+fp/hard/libg.a(libc_a-wctomb_r.o)
                0x08017768                _wctomb_r
                0x0801777c                __ascii_wctomb
 .text          0x08017798       0x2c /usr/lib/gcc/arm-none-eabi/13.2.1/../../../arm-none-eabi/lib/thumb/v7e-m+fp/hard/libg.a(libc_a-lseekr.o)
                0x08017798                _lseek_r
 .text          0x080177c4      0x344 /usr/lib/gcc/arm-none-eabi/13.2.1/../../../arm-none-eabi/lib/thumb/v7e-m+fp/hard/libg.a(libc_a-reallocr.o)
                0x080177c4                _realloc_r
 .text          0x08017b08      0x280 /usr/lib/gcc/arm-none-eabi/13.2.1/../../../arm-none-eabi/lib/thumb/v7e-m+fp/hard/libg.a(libc_a-signal.o)
                0x08017b08                _init_signal_r
                0x08017b38                _signal_r
                0x08017b88                _raise_r
                0x08017bdc                __sigtramp_r
                0x08017c40                raise
                0x08017c98                signal
                0x08017ce8                _init_signal
                0x08017d20                __sigtramp
 .text          0x08017d88       0x30 /usr/lib/gcc/arm-none-eabi/13.2.1/../../../arm-none-eabi/lib/thumb/v7e-m+fp/hard/libg.a(libc_a-signalr.o)
                0x08017d88                _kill_r
                0x08017db4                _getpid_r
 .text          0x08017db8      0x100 /usr/lib/gcc/arm-none-eabi/13.2.1/../../../arm-none-eabi/lib/thumb/v7e-m+fp/hard/libg.a(libc_a-memmove.o)
                0x08017db8                memmove
 .text          0x08017eb8      0xb44 /usr/lib/gcc/arm-none-eabi/13.2.1/../../../arm-none-eabi/lib/thumb/v7e-m+fp/hard/libg.a(libc_a-vfiprintf.o)
                0x08017eb8                _vfiprintf_r
                0x08018974                vfiprintf
 .text          0x080189fc       0xc4 /usr/lib/gcc/arm-none-eabi/13.2.1/../../../arm-none-eabi/lib/thumb/v7e-m+fp/hard/libg.a(libc_a-wsetup.o)
                0x080189fc                __swsetup_r
 .text          0x08018ac0       0x20 /usr/lib/gcc/arm-none-eabi/13.2.1/../../../arm-none-eabi/lib/thumb/v7e-m+fp/hard/libg.a(libc_a-sprint_r.o)
                0x08018ac0                __sprint_r
 .text          0x08018ae0      0x13c /usr/lib/gcc/arm-none-eabi/13.2.1/../../../arm-none-eabi/lib/thumb/v7e-m+fp/hard/libg.a(libc_a-makebuf.o)
                0x08018ae0                __smakebuf_r
                0x08018bbc                __swhatbuf_r
 .text          0x08018c1c       0x2c /usr/lib/gcc/arm-none-eabi/13.2.1/../../../arm-none-eabi/lib/thumb/v7e-m+fp/hard/libg.a(libc_a-fstatr.o)
                0x08018c1c                _fstat_r
 .text          0x08018c48       0x24 /usr/lib/gcc/arm-none-eabi/13.2.1/../../../arm-none-eabi/lib/thumb/v7e-m+fp/hard/libg.a(libc_a-isattyr.o)
                0x08018c48                _isatty_r
 .text          0x08018c6c      0x300 /usr/lib/gcc/arm-none-eabi/13.2.1/../../../arm-none-eabi/lib/thumb/v7e-m+fp/hard/libg.a(libc_a-fvwrite.o)
                0x08018c6c                __sfvwrite_r
 .text          0x08018f6c      0x424 /usr/lib/gcc/arm-none-eabi/13.2.1/thumb/v7e-m+fp/hard/libgcc.a(_arm_muldivdf3.o)
                0x08018f6c                __aeabi_dmul
                0x08018f6c                __muldf3
                0x080191c0                __aeabi_ddiv
                0x080191c0                __divdf3
 .text          0x08019390       0x2c /usr/lib/gcc/arm-none-eabi/13.2.1/thumb/v7e-m+fp/hard/libgcc.a(_arm_unorddf2.o)
                0x08019390                __aeabi_dcmpun
                0x08019390                __unorddf2
 .text          0x080193bc       0x50 /usr/lib/gcc/arm-none-eabi/13.2.1/thumb/v7e-m+fp/hard/libgcc.a(_arm_fixdfsi.o)
                0x080193bc                __fixdfsi
                0x080193bc                __aeabi_d2iz
 *(.text*)
 .text.startup  0x0801940c       0x74 CMakeFiles/serial-frtos.dir/Core/Src/main.c.o
                0x0801940c                main
 .text.Reset_Handler
                0x08019480       0x50 CMakeFiles/serial-frtos.dir/startup_stm32g431xx.s.o
                0x08019480                Reset_Handler
 .text.Default_Handler
                0x080194d0        0x2 CMakeFiles/serial-frtos.dir/startup_stm32g431xx.s.o
                0x080194d0                RTC_Alarm_IRQHandler
                0x080194d0                EXTI2_IRQHandler
                0x080194d0                TIM8_TRG_COM_IRQHandler
                0x080194d0                TIM8_CC_IRQHandler
                0x080194d0                TIM1_CC_IRQHandler
                0x080194d0                USB_HP_IRQHandler
                0x080194d0                CORDIC_IRQHandler
                0x080194d0                EXTI3_IRQHandler
                0x080194d0                I2C3_ER_IRQHandler
                0x080194d0                EXTI0_IRQHandler
                0x080194d0                I2C2_EV_IRQHandler
                0x080194d0                FPU_IRQHandler
                0x080194d0                FDCAN1_IT1_IRQHandler
                0x080194d0                TIM1_UP_TIM16_IRQHandler
                0x080194d0                ADC1_2_IRQHandler
                0x080194d0                SPI1_IRQHandler
                0x080194d0                TIM8_UP_IRQHandler
                0x080194d0                DMA2_Channel2_IRQHandler
                0x080194d0                USART3_IRQHandler
                0x080194d0                TIM4_IRQHandler
                0x080194d0                DMA2_Channel1_IRQHandler
                0x080194d0                DMA1_Channel6_IRQHandler
                0x080194d0                UART4_IRQHandler
                0x080194d0                DMA2_Channel4_IRQHandler
                0x080194d0                RCC_IRQHandler
                0x080194d0                Default_Handler
                0x080194d0                RTC_TAMP_LSECSS_IRQHandler
                0x080194d0                FMAC_IRQHandler
                0x080194d0                TIM7_IRQHandler
                0x080194d0                UCPD1_IRQHandler
                0x080194d0                I2C3_EV_IRQHandler
                0x080194d0                EXTI9_5_IRQHandler
                0x080194d0                RTC_WKUP_IRQHandler
                0x080194d0                PVD_PVM_IRQHandler
                0x080194d0                SPI2_IRQHandler
                0x080194d0                DMA2_Channel5_IRQHandler
                0x080194d0                CRS_IRQHandler
                0x080194d0                DMA1_Channel5_IRQHandler
                0x080194d0                USB_LP_IRQHandler
                0x080194d0                EXTI4_IRQHandler
                0x080194d0                RNG_IRQHandler
                0x080194d0                TIM1_TRG_COM_TIM17_IRQHandler
                0x080194d0                WWDG_IRQHandler
                0x080194d0                LPUART1_IRQHandler
                0x080194d0                DMA2_Channel6_IRQHandler
                0x080194d0                FDCAN1_IT0_IRQHandler
                0x080194d0                TIM2_IRQHandler
                0x080194d0                COMP1_2_3_IRQHandler
                0x080194d0                EXTI1_IRQHandler
                0x080194d0                I2C2_ER_IRQHandler
                0x080194d0                TIM8_BRK_IRQHandler
                0x080194d0                FLASH_IRQHandler
                0x080194d0                USART1_IRQHandler
                0x080194d0                SPI3_IRQHandler
                0x080194d0                LPTIM1_IRQHandler
                0x080194d0                DMAMUX_OVR_IRQHandler
                0x080194d0                USBWakeUp_IRQHandler
                0x080194d0                SAI1_IRQHandler
                0x080194d0                DMA2_Channel3_IRQHandler
                0x080194d0                COMP4_IRQHandler
                0x080194d0                TIM1_BRK_TIM15_IRQHandler
 *fill*         0x080194d2        0x2 
 .text.startup  0x080194d4       0x14 /usr/lib/gcc/arm-none-eabi/13.2.1/../../../arm-none-eabi/lib/thumb/v7e-m+fp/hard/libg.a(libc_a-__call_atexit.o)
 *(.glue_7)
 .glue_7        0x080194e8        0x0 linker stubs
 *(.glue_7t)
 .glue_7t       0x080194e8        0x0 linker stubs
 *(.eh_frame)
 .eh_frame      0x080194e8        0x0 /usr/lib/gcc/arm-none-eabi/13.2.1/thumb/v7e-m+fp/hard/crtbegin.o
 *(.init)
 .init          0x080194e8        0x4 /usr/lib/gcc/arm-none-eabi/13.2.1/thumb/v7e-m+fp/hard/crti.o
                0x080194e8                _init
 .init          0x080194ec        0x8 /usr/lib/gcc/arm-none-eabi/13.2.1/thumb/v7e-m+fp/hard/crtn.o
 *(.fini)
 .fini          0x080194f4        0x4 /usr/lib/gcc/arm-none-eabi/13.2.1/thumb/v7e-m+fp/hard/crti.o
                0x080194f4                _fini
 .fini          0x080194f8        0x8 /usr/lib/gcc/arm-none-eabi/13.2.1/thumb/v7e-m+fp/hard/crtn.o
                0x08019500                        . = ALIGN (0x4)
                0x08019500                        _etext = .

.vfp11_veneer   0x08019500        0x0
 .vfp11_veneer  0x08019500        0x0 linker stubs

.v4_bx          0x08019500        0x0
 .v4_bx         0x08019500        0x0 linker stubs

.iplt           0x08019500        0x0
 .iplt          0x08019500        0x0 /usr/lib/gcc/arm-none-eabi/13.2.1/thumb/v7e-m+fp/hard/crtbegin.o

.rodata         0x08019500      0x51c
                0x08019500                        . = ALIGN (0x4)
 *(.rodata)
 .rodata        0x08019500       0x18 cmake/stm32cubemx/CMakeFiles/STM32_Drivers.dir/__/__/Core/Src/system_stm32g4xx.c.o
                0x08019500                AHBPrescTable
                0x08019510                APBPrescTable
 .rodata        0x08019518       0x50 cmake/stm32cubemx/CMakeFiles/STM32_Drivers.dir/__/__/Drivers/STM32G4xx_HAL_Driver/Src/stm32g4xx_hal_tim_ex.c.o
 .rodata        0x08019568       0x18 cmake/stm32cubemx/CMakeFiles/STM32_Drivers.dir/__/__/Drivers/STM32G4xx_HAL_Driver/Src/stm32g4xx_hal_uart.c.o
                0x08019568                UARTPrescTable
 .rodata        0x08019580       0x10 cmake/stm32cubemx/CMakeFiles/STM32_Drivers.dir/__/__/Drivers/STM32G4xx_HAL_Driver/Src/stm32g4xx_hal_uart_ex.c.o
 .rodata        0x08019590        0x5 cmake/stm32cubemx/CMakeFiles/FreeRTOS.dir/__/__/Middlewares/Third_Party/FreeRTOS/Source/CMSIS_RTOS_V2/cmsis_os2.c.o
 *fill*         0x08019595        0x3 
 .rodata        0x08019598       0x6c CMakeFiles/serial-frtos.dir/Core/Src/app_freertos.c.o
                0x08019598                defaultTask_attributes
                0x080195bc                madgwickTask_attributes
                0x080195e0                motorCtrlTask_attributes
 .rodata        0x08019604       0x20 /usr/lib/gcc/arm-none-eabi/13.2.1/../../../arm-none-eabi/lib/thumb/v7e-m+fp/hard/libg.a(libc_a-svfprintf.o)
 *fill*         0x08019624        0x4 
 .rodata        0x08019628      0x128 /usr/lib/gcc/arm-none-eabi/13.2.1/../../../arm-none-eabi/lib/thumb/v7e-m+fp/hard/libg.a(libc_a-mprec.o)
                0x08019638                __mprec_tens
                0x08019700                __mprec_tinytens
                0x08019728                __mprec_bigtens
 .rodata        0x08019750      0x101 /usr/lib/gcc/arm-none-eabi/13.2.1/../../../arm-none-eabi/lib/thumb/v7e-m+fp/hard/libg.a(libc_a-ctype_.o)
                0x08019750                _ctype_
 *fill*         0x08019851        0x3 
 .rodata        0x08019854       0x20 /usr/lib/gcc/arm-none-eabi/13.2.1/../../../arm-none-eabi/lib/thumb/v7e-m+fp/hard/libg.a(libc_a-vfiprintf.o)
 *(.rodata*)
 .rodata.str1.1
                0x08019874       0x92 cmake/stm32cubemx/CMakeFiles/STM32_Drivers.dir/__/__/Drivers/BSP/STM32G4xx_Nucleo/stm32g4xx_nucleo.c.o
                                 0x18 (size before relaxing)
 .rodata.str1.1
                0x08019906        0x5 cmake/stm32cubemx/CMakeFiles/FreeRTOS.dir/__/__/Middlewares/Third_Party/FreeRTOS/Source/tasks.c.o
 .rodata.str1.1
                0x08019906        0xd cmake/stm32cubemx/CMakeFiles/FreeRTOS.dir/__/__/Middlewares/Third_Party/FreeRTOS/Source/timers.c.o
 .rodata.str1.1
                0x08019906       0x11 cmake/stm32cubemx/CMakeFiles/FreeRTOS.dir/__/__/Middlewares/Third_Party/FreeRTOS/Source/CMSIS_RTOS_V2/cmsis_os2.c.o
 .rodata.str1.1
                0x08019906       0x44 CMakeFiles/serial-frtos.dir/Core/Src/app_freertos.c.o
 .rodata.str1.1
                0x08019906       0x13 CMakeFiles/serial-frtos.dir/Core/Src/MadgwickAHRS.c.o
 *fill*         0x08019906        0x2 
 .rodata.str1.4
                0x08019908      0x112 /usr/lib/gcc/arm-none-eabi/13.2.1/../../../arm-none-eabi/lib/thumb/v7e-m+fp/hard/libg.a(libc_a-svfprintf.o)
                                 0x42 (size before relaxing)
 .rodata.str1.4
                0x08019a1a       0x54 /usr/lib/gcc/arm-none-eabi/13.2.1/../../../arm-none-eabi/lib/thumb/v7e-m+fp/hard/libg.a(libc_a-dtoa.o)
 .rodata.str1.4
                0x08019a1a       0x43 /usr/lib/gcc/arm-none-eabi/13.2.1/../../../arm-none-eabi/lib/thumb/v7e-m+fp/hard/libg.a(libc_a-assert.o)
 .rodata.str1.4
                0x08019a1a       0x41 /usr/lib/gcc/arm-none-eabi/13.2.1/../../../arm-none-eabi/lib/thumb/v7e-m+fp/hard/libg.a(libc_a-mprec.o)
 .rodata.str1.4
                0x08019a1a       0x12 /usr/lib/gcc/arm-none-eabi/13.2.1/../../../arm-none-eabi/lib/thumb/v7e-m+fp/hard/libg.a(libc_a-locale.o)
 .rodata.str1.4
                0x08019a1a       0x2f /usr/lib/gcc/arm-none-eabi/13.2.1/../../../arm-none-eabi/lib/thumb/v7e-m+fp/hard/libg.a(libc_a-vfiprintf.o)
                0x08019a70                        . = ALIGN (0x4)
 *fill*         0x08019a1a        0x2 

.ARM.extab      0x08019a1c        0x0
                0x08019a1c                        . = ALIGN (0x4)
 *(.ARM.extab* .gnu.linkonce.armextab.*)
                0x08019a1c                        . = ALIGN (0x4)

.ARM            0x08019a1c        0x8
                0x08019a1c                        . = ALIGN (0x4)
                0x08019a1c                        __exidx_start = .
 *(.ARM.exidx*)
 .ARM.exidx     0x08019a1c        0x8 /usr/lib/gcc/arm-none-eabi/13.2.1/thumb/v7e-m+fp/hard/libgcc.a(_udivmoddi4.o)
 .ARM.exidx     0x08019a24        0x0 /usr/lib/gcc/arm-none-eabi/13.2.1/../../../arm-none-eabi/lib/thumb/v7e-m+fp/hard/libg.a(libc_a-memcpy.o)
                                  0x8 (size before relaxing)
 .ARM.exidx     0x08019a24        0x0 /usr/lib/gcc/arm-none-eabi/13.2.1/../../../arm-none-eabi/lib/thumb/v7e-m+fp/hard/libg.a(libc_a-strlen.o)
                                  0x8 (size before relaxing)
 .ARM.exidx     0x08019a24        0x0 /usr/lib/gcc/arm-none-eabi/13.2.1/../../../arm-none-eabi/lib/thumb/v7e-m+fp/hard/libg.a(libc_a-memchr.o)
                                  0x8 (size before relaxing)
                0x08019a24                        __exidx_end = .
                0x08019a24                        . = ALIGN (0x4)

.preinit_array  0x08019a24        0x0
                0x08019a24                        . = ALIGN (0x4)
                0x08019a24                        PROVIDE (__preinit_array_start = .)
 *(.preinit_array*)
                0x08019a24                        PROVIDE (__preinit_array_end = .)
                0x08019a24                        . = ALIGN (0x4)

.init_array     0x08019a24        0x8
                0x08019a24                        . = ALIGN (0x4)
                0x08019a24                        PROVIDE (__init_array_start = .)
 *(SORT_BY_NAME(.init_array.*))
 .init_array.00000
                0x08019a24        0x4 /usr/lib/gcc/arm-none-eabi/13.2.1/../../../arm-none-eabi/lib/thumb/v7e-m+fp/hard/libg.a(libc_a-__call_atexit.o)
 *(.init_array*)
 .init_array    0x08019a28        0x4 /usr/lib/gcc/arm-none-eabi/13.2.1/thumb/v7e-m+fp/hard/crtbegin.o
                0x08019a2c                        PROVIDE (__init_array_end = .)
                0x08019a2c                        . = ALIGN (0x4)

.fini_array     0x08019a2c        0x4
                0x08019a2c                        . = ALIGN (0x4)
                0x08019a2c                        PROVIDE (__fini_array_start = .)
 *(SORT_BY_NAME(.fini_array.*))
 *(.fini_array*)
 .fini_array    0x08019a2c        0x4 /usr/lib/gcc/arm-none-eabi/13.2.1/thumb/v7e-m+fp/hard/crtbegin.o
                0x08019a30                        PROVIDE (__fini_array_end = .)
                0x08019a30                        . = ALIGN (0x4)
                0x08019a30                        _sidata = LOADADDR (.data)

.rel.dyn        0x08019a30        0x0
 .rel.iplt      0x08019a30        0x0 /usr/lib/gcc/arm-none-eabi/13.2.1/thumb/v7e-m+fp/hard/crtbegin.o

.data           0x20000000      0x6d4 load address 0x08019a30
                0x20000000                        . = ALIGN (0x4)
                0x20000000                        _sdata = .
 *(.data)
 .data          0x20000000        0x4 cmake/stm32cubemx/CMakeFiles/STM32_Drivers.dir/__/__/Core/Src/system_stm32g4xx.c.o
                0x20000000                SystemCoreClock
 .data          0x20000004        0x8 cmake/stm32cubemx/CMakeFiles/STM32_Drivers.dir/__/__/Drivers/STM32G4xx_HAL_Driver/Src/stm32g4xx_hal.c.o
                0x20000004                uwTickFreq
                0x20000008                uwTickPrio
 .data          0x2000000c        0x4 cmake/stm32cubemx/CMakeFiles/FreeRTOS.dir/__/__/Middlewares/Third_Party/FreeRTOS/Source/portable/GCC/ARM_CM4F/port.c.o
 .data          0x20000010        0x2 CMakeFiles/serial-frtos.dir/Core/Src/main.c.o
 *fill*         0x20000012        0x2 
 .data          0x20000014        0x8 CMakeFiles/serial-frtos.dir/Core/Src/MadgwickAHRS.c.o
                0x20000014                q0
                0x20000018                beta
 *fill*         0x2000001c        0x4 
 .data          0x20000020      0x128 /usr/lib/gcc/arm-none-eabi/13.2.1/../../../arm-none-eabi/lib/thumb/v7e-m+fp/hard/libg.a(libc_a-impure.o)
                0x20000020                _impure_ptr
                0x20000028                _impure_data
 .data          0x20000148        0xc /usr/lib/gcc/arm-none-eabi/13.2.1/../../../arm-none-eabi/lib/thumb/v7e-m+fp/hard/libg.a(libc_a-findfp.o)
                0x20000148                __sglue
 *fill*         0x20000154        0x4 
 .data          0x20000158      0x410 /usr/lib/gcc/arm-none-eabi/13.2.1/../../../arm-none-eabi/lib/thumb/v7e-m+fp/hard/libg.a(libc_a-mallocr.o)
                0x20000158                __malloc_av_
                0x20000560                __malloc_sbrk_base
                0x20000564                __malloc_trim_threshold
 .data          0x20000568      0x16c /usr/lib/gcc/arm-none-eabi/13.2.1/../../../arm-none-eabi/lib/thumb/v7e-m+fp/hard/libg.a(libc_a-locale.o)
                0x20000568                __global_locale
 *(.data*)
 *(.RamFunc)
 *(.RamFunc*)
                0x200006d4                        . = ALIGN (0x4)

.tm_clone_table
                0x200006d4        0x0 load address 0x0801a104
 .tm_clone_table
                0x200006d4        0x0 /usr/lib/gcc/arm-none-eabi/13.2.1/thumb/v7e-m+fp/hard/crtbegin.o
 .tm_clone_table
                0x200006d4        0x0 /usr/lib/gcc/arm-none-eabi/13.2.1/thumb/v7e-m+fp/hard/crtend.o

.igot.plt       0x200006d4        0x0 load address 0x0801a104
 .igot.plt      0x200006d4        0x0 /usr/lib/gcc/arm-none-eabi/13.2.1/thumb/v7e-m+fp/hard/crtbegin.o

.tdata          0x200006d4        0x0 load address 0x0801a104
 *(.tdata .tdata.* .gnu.linkonce.td.*)
                0x200006d4                        . = ALIGN (0x4)
                0x200006d4                        _edata = .
                [!provide]                        PROVIDE (__data_end = .)
                [!provide]                        PROVIDE (__tdata_end = .)
                [!provide]                        PROVIDE (__tdata_start = ADDR (.tdata))
                [!provide]                        PROVIDE (__tdata_size = (__tdata_end - __tdata_start))
                [!provide]                        PROVIDE (__data_start = ADDR (.data))
                [!provide]                        PROVIDE (__data_size = (__data_end - __data_start))
                [!provide]                        PROVIDE (__tdata_source = LOADADDR (.tdata))
                [!provide]                        PROVIDE (__tdata_source_end = (LOADADDR (.tdata) + SIZEOF (.tdata)))